<?xml version="1.0"?>
<link_info>
   <banner>TMS320C2000 Linker PC v17.6.0.STS</banner>
   <copyright>Copyright (c) 1996-2017 Texas Instruments Incorporated</copyright>
   <link_time>0x5c9b967f</link_time>
   <link_errors>0x0</link_errors>
   <output_file>Cheapli_SE420_cpu2.out</output_file>
   <entry_point>
      <name>_c_int00</name>
      <address>0x8af09</address>
   </entry_point>
   <input_file_list>
      <input_file id="fl-2">
         <path>.\</path>
         <kind>object</kind>
         <file>F2837xD_Adc.obj</file>
         <name>F2837xD_Adc.obj</name>
      </input_file>
      <input_file id="fl-3">
         <path>.\</path>
         <kind>object</kind>
         <file>F2837xD_CodeStartBranch.obj</file>
         <name>F2837xD_CodeStartBranch.obj</name>
      </input_file>
      <input_file id="fl-4">
         <path>.\</path>
         <kind>object</kind>
         <file>F2837xD_EPwm.obj</file>
         <name>F2837xD_EPwm.obj</name>
      </input_file>
      <input_file id="fl-5">
         <path>.\</path>
         <kind>object</kind>
         <file>F2837xD_GlobalVariableDefs.obj</file>
         <name>F2837xD_GlobalVariableDefs.obj</name>
      </input_file>
      <input_file id="fl-6">
         <path>.\</path>
         <kind>object</kind>
         <file>F2837xD_Gpio.obj</file>
         <name>F2837xD_Gpio.obj</name>
      </input_file>
      <input_file id="fl-7">
         <path>.\</path>
         <kind>object</kind>
         <file>F2837xD_Ipc.obj</file>
         <name>F2837xD_Ipc.obj</name>
      </input_file>
      <input_file id="fl-8">
         <path>.\</path>
         <kind>object</kind>
         <file>F2837xD_Ipc_Driver.obj</file>
         <name>F2837xD_Ipc_Driver.obj</name>
      </input_file>
      <input_file id="fl-9">
         <path>.\</path>
         <kind>object</kind>
         <file>F2837xD_Spi.obj</file>
         <name>F2837xD_Spi.obj</name>
      </input_file>
      <input_file id="fl-a">
         <path>.\</path>
         <kind>object</kind>
         <file>F2837xD_SysCtrl.obj</file>
         <name>F2837xD_SysCtrl.obj</name>
      </input_file>
      <input_file id="fl-b">
         <path>.\</path>
         <kind>object</kind>
         <file>F2837xD_usDelay.obj</file>
         <name>F2837xD_usDelay.obj</name>
      </input_file>
      <input_file id="fl-c">
         <path>.\</path>
         <kind>object</kind>
         <file>f28377sADC.obj</file>
         <name>f28377sADC.obj</name>
      </input_file>
      <input_file id="fl-d">
         <path>.\</path>
         <kind>object</kind>
         <file>f28377sCoecsl.obj</file>
         <name>f28377sCoecsl.obj</name>
      </input_file>
      <input_file id="fl-e">
         <path>.\</path>
         <kind>object</kind>
         <file>f28377sDAC.obj</file>
         <name>f28377sDAC.obj</name>
      </input_file>
      <input_file id="fl-f">
         <path>.\</path>
         <kind>object</kind>
         <file>f28377sEPWM3A.obj</file>
         <name>f28377sEPWM3A.obj</name>
      </input_file>
      <input_file id="fl-10">
         <path>.\</path>
         <kind>object</kind>
         <file>f28377sEqep.obj</file>
         <name>f28377sEqep.obj</name>
      </input_file>
      <input_file id="fl-11">
         <path>.\</path>
         <kind>object</kind>
         <file>f28377sSerial.obj</file>
         <name>f28377sSerial.obj</name>
      </input_file>
      <input_file id="fl-12">
         <path>.\</path>
         <kind>object</kind>
         <file>lcd.obj</file>
         <name>lcd.obj</name>
      </input_file>
      <input_file id="fl-13">
         <path>.\</path>
         <kind>object</kind>
         <file>user_Cheapli_SE420_cpu2.obj</file>
         <name>user_Cheapli_SE420_cpu2.obj</name>
      </input_file>
      <input_file id="fl-15">
         <path>C:\ayush2\repo\trunk\Cheapli_SE420_cpu2\Cheapli_SE420_cpu2Project\Debug\configPkg\package\cfg\</path>
         <kind>object</kind>
         <file>Cheapli_SE420_cpu2_p28FP.o28FP</file>
         <name>Cheapli_SE420_cpu2_p28FP.o28FP</name>
      </input_file>
      <input_file id="fl-20">
         <kind>object</kind>
         <file>&lt;internal&gt;</file>
         <name>&lt;internal&gt;</name>
      </input_file>
      <input_file id="fl-21">
         <path>C:\ayush2\repo\trunk\Cheapli_SE420_cpu2\src\sysbios\</path>
         <kind>archive</kind>
         <file>sysbios.a28FP</file>
         <name>BIOS.obj</name>
      </input_file>
      <input_file id="fl-22">
         <path>C:\ayush2\repo\trunk\Cheapli_SE420_cpu2\src\sysbios\</path>
         <kind>archive</kind>
         <file>sysbios.a28FP</file>
         <name>c28_Hwi_asm.obj</name>
      </input_file>
      <input_file id="fl-23">
         <path>C:\ayush2\repo\trunk\Cheapli_SE420_cpu2\src\sysbios\</path>
         <kind>archive</kind>
         <file>sysbios.a28FP</file>
         <name>c28_Hwi_disp_asm.obj</name>
      </input_file>
      <input_file id="fl-24">
         <path>C:\ayush2\repo\trunk\Cheapli_SE420_cpu2\src\sysbios\</path>
         <kind>archive</kind>
         <file>sysbios.a28FP</file>
         <name>c28_IntrinsicsSupport_asm.obj</name>
      </input_file>
      <input_file id="fl-25">
         <path>C:\ayush2\repo\trunk\Cheapli_SE420_cpu2\src\sysbios\</path>
         <kind>archive</kind>
         <file>sysbios.a28FP</file>
         <name>c28_TaskSupport_asm.obj</name>
      </input_file>
      <input_file id="fl-26">
         <path>C:\CCStudio_v8\tirtos_c2000_2_16_01_14\products\bios_6_45_02_31\packages\ti\targets\rts2800\lib\</path>
         <kind>archive</kind>
         <file>ti.targets.rts2800.a28FP</file>
         <name>Assert.o28FP</name>
      </input_file>
      <input_file id="fl-27">
         <path>C:\CCStudio_v8\tirtos_c2000_2_16_01_14\products\bios_6_45_02_31\packages\ti\targets\rts2800\lib\</path>
         <kind>archive</kind>
         <file>ti.targets.rts2800.a28FP</file>
         <name>Core-mem.o28FP</name>
      </input_file>
      <input_file id="fl-28">
         <path>C:\CCStudio_v8\tirtos_c2000_2_16_01_14\products\bios_6_45_02_31\packages\ti\targets\rts2800\lib\</path>
         <kind>archive</kind>
         <file>ti.targets.rts2800.a28FP</file>
         <name>Core-smem.o28FP</name>
      </input_file>
      <input_file id="fl-29">
         <path>C:\CCStudio_v8\tirtos_c2000_2_16_01_14\products\bios_6_45_02_31\packages\ti\targets\rts2800\lib\</path>
         <kind>archive</kind>
         <file>ti.targets.rts2800.a28FP</file>
         <name>Core-label.o28FP</name>
      </input_file>
      <input_file id="fl-2a">
         <path>C:\CCStudio_v8\tirtos_c2000_2_16_01_14\products\bios_6_45_02_31\packages\ti\targets\rts2800\lib\</path>
         <kind>archive</kind>
         <file>ti.targets.rts2800.a28FP</file>
         <name>Core-params.o28FP</name>
      </input_file>
      <input_file id="fl-2b">
         <path>C:\CCStudio_v8\tirtos_c2000_2_16_01_14\products\bios_6_45_02_31\packages\ti\targets\rts2800\lib\</path>
         <kind>archive</kind>
         <file>ti.targets.rts2800.a28FP</file>
         <name>Error.o28FP</name>
      </input_file>
      <input_file id="fl-2c">
         <path>C:\CCStudio_v8\tirtos_c2000_2_16_01_14\products\bios_6_45_02_31\packages\ti\targets\rts2800\lib\</path>
         <kind>archive</kind>
         <file>ti.targets.rts2800.a28FP</file>
         <name>Gate.o28FP</name>
      </input_file>
      <input_file id="fl-2d">
         <path>C:\CCStudio_v8\tirtos_c2000_2_16_01_14\products\bios_6_45_02_31\packages\ti\targets\rts2800\lib\</path>
         <kind>archive</kind>
         <file>ti.targets.rts2800.a28FP</file>
         <name>LoggerBuf.o28FP</name>
      </input_file>
      <input_file id="fl-2e">
         <path>C:\CCStudio_v8\tirtos_c2000_2_16_01_14\products\bios_6_45_02_31\packages\ti\targets\rts2800\lib\</path>
         <kind>archive</kind>
         <file>ti.targets.rts2800.a28FP</file>
         <name>Memory.o28FP</name>
      </input_file>
      <input_file id="fl-2f">
         <path>C:\CCStudio_v8\tirtos_c2000_2_16_01_14\products\bios_6_45_02_31\packages\ti\targets\rts2800\lib\</path>
         <kind>archive</kind>
         <file>ti.targets.rts2800.a28FP</file>
         <name>Startup.o28FP</name>
      </input_file>
      <input_file id="fl-30">
         <path>C:\CCStudio_v8\tirtos_c2000_2_16_01_14\products\bios_6_45_02_31\packages\ti\targets\rts2800\lib\</path>
         <kind>archive</kind>
         <file>ti.targets.rts2800.a28FP</file>
         <name>System.o28FP</name>
      </input_file>
      <input_file id="fl-31">
         <path>C:\CCStudio_v8\tirtos_c2000_2_16_01_14\products\bios_6_45_02_31\packages\ti\targets\rts2800\lib\</path>
         <kind>archive</kind>
         <file>ti.targets.rts2800.a28FP</file>
         <name>SysMin.o28FP</name>
      </input_file>
      <input_file id="fl-32">
         <path>C:\CCStudio_v8\tirtos_c2000_2_16_01_14\products\bios_6_45_02_31\packages\ti\targets\rts2800\lib\</path>
         <kind>archive</kind>
         <file>ti.targets.rts2800.a28FP</file>
         <name>Text.o28FP</name>
      </input_file>
      <input_file id="fl-33">
         <path>C:\CCStudio_v8\tirtos_c2000_2_16_01_14\products\bios_6_45_02_31\packages\ti\targets\rts2800\lib\</path>
         <kind>archive</kind>
         <file>ti.targets.rts2800.a28FP</file>
         <name>xdc_noinit.o28FP</name>
      </input_file>
      <input_file id="fl-34">
         <path>C:\CCStudio_v8\tirtos_c2000_2_16_01_14\products\bios_6_45_02_31\packages\ti\targets\rts2800\lib\</path>
         <kind>archive</kind>
         <file>ti.targets.rts2800.a28FP</file>
         <name>Log.o28FP</name>
      </input_file>
      <input_file id="fl-35">
         <path>C:\CCStudio_v8\tirtos_c2000_2_16_01_14\products\bios_6_45_02_31\packages\ti\targets\rts2800\lib\</path>
         <kind>archive</kind>
         <file>ti.targets.rts2800.a28FP</file>
         <name>Registry.o28FP</name>
      </input_file>
      <input_file id="fl-36">
         <path>C:\CCStudio_v8\tirtos_c2000_2_16_01_14\products\bios_6_45_02_31\packages\ti\targets\rts2800\lib\</path>
         <kind>archive</kind>
         <file>boot.a28FP</file>
         <name>boot_cg.o28FP</name>
      </input_file>
      <input_file id="fl-37">
         <path>C:\CCStudio_v8\tirtos_c2000_2_16_01_14\products\bios_6_45_02_31\packages\ti\catalog\c2800\initF2837x\lib\</path>
         <kind>archive</kind>
         <file>Boot.a28FP</file>
         <name>Boot.o28FP</name>
      </input_file>
      <input_file id="fl-43">
         <path>C:\CCStudio_v8\ccsv8\tools\compiler\ti-cgt-c2000_17.6.0.STS\lib\</path>
         <kind>archive</kind>
         <file>rts2800_fpu32.lib</file>
         <name>fs_div28.obj</name>
      </input_file>
      <input_file id="fl-44">
         <path>C:\CCStudio_v8\ccsv8\tools\compiler\ti-cgt-c2000_17.6.0.STS\lib\</path>
         <kind>archive</kind>
         <file>rts2800_fpu32.lib</file>
         <name>ll_aox28.obj</name>
      </input_file>
      <input_file id="fl-45">
         <path>C:\CCStudio_v8\ccsv8\tools\compiler\ti-cgt-c2000_17.6.0.STS\lib\</path>
         <kind>archive</kind>
         <file>rts2800_fpu32.lib</file>
         <name>ll_div28.obj</name>
      </input_file>
      <input_file id="fl-46">
         <path>C:\CCStudio_v8\ccsv8\tools\compiler\ti-cgt-c2000_17.6.0.STS\lib\</path>
         <kind>archive</kind>
         <file>rts2800_fpu32.lib</file>
         <name>u_div28.obj</name>
      </input_file>
      <input_file id="fl-47">
         <path>C:\CCStudio_v8\ccsv8\tools\compiler\ti-cgt-c2000_17.6.0.STS\lib\</path>
         <kind>archive</kind>
         <file>rts2800_fpu32.lib</file>
         <name>l_div28.obj</name>
      </input_file>
      <input_file id="fl-48">
         <path>C:\CCStudio_v8\ccsv8\tools\compiler\ti-cgt-c2000_17.6.0.STS\lib\</path>
         <kind>archive</kind>
         <file>rts2800_fpu32.lib</file>
         <name>cpy_tbl.obj</name>
      </input_file>
      <input_file id="fl-49">
         <path>C:\CCStudio_v8\ccsv8\tools\compiler\ti-cgt-c2000_17.6.0.STS\lib\</path>
         <kind>archive</kind>
         <file>rts2800_fpu32.lib</file>
         <name>memcpy.obj</name>
      </input_file>
      <input_file id="fl-4a">
         <path>C:\CCStudio_v8\ccsv8\tools\compiler\ti-cgt-c2000_17.6.0.STS\lib\</path>
         <kind>archive</kind>
         <file>rts2800_fpu32.lib</file>
         <name>exit.obj</name>
      </input_file>
      <input_file id="fl-4b">
         <path>C:\CCStudio_v8\ccsv8\tools\compiler\ti-cgt-c2000_17.6.0.STS\lib\</path>
         <kind>archive</kind>
         <file>rts2800_fpu32.lib</file>
         <name>_lock.obj</name>
      </input_file>
      <input_file id="fl-4c">
         <path>C:\CCStudio_v8\ccsv8\tools\compiler\ti-cgt-c2000_17.6.0.STS\lib\</path>
         <kind>archive</kind>
         <file>rts2800_fpu32.lib</file>
         <name>args_main.obj</name>
      </input_file>
      <input_file id="fl-4d">
         <path>C:\CCStudio_v8\ccsv8\tools\compiler\ti-cgt-c2000_17.6.0.STS\lib\</path>
         <kind>archive</kind>
         <file>rts2800_fpu32.lib</file>
         <name>memset.obj</name>
      </input_file>
      <input_file id="fl-4e">
         <path>C:\CCStudio_v8\ccsv8\tools\compiler\ti-cgt-c2000_17.6.0.STS\lib\</path>
         <kind>archive</kind>
         <file>rts2800_fpu32.lib</file>
         <name>strcmp.obj</name>
      </input_file>
      <input_file id="fl-4f">
         <path>C:\CCStudio_v8\ccsv8\tools\compiler\ti-cgt-c2000_17.6.0.STS\lib\</path>
         <kind>archive</kind>
         <file>rts2800_fpu32.lib</file>
         <name>strlen.obj</name>
      </input_file>
      <input_file id="fl-50">
         <path>C:\CCStudio_v8\ccsv8\tools\compiler\ti-cgt-c2000_17.6.0.STS\lib\</path>
         <kind>archive</kind>
         <file>rts2800_fpu32.lib</file>
         <name>hostwrite.obj</name>
      </input_file>
      <input_file id="fl-51">
         <path>C:\CCStudio_v8\ccsv8\tools\compiler\ti-cgt-c2000_17.6.0.STS\lib\</path>
         <kind>archive</kind>
         <file>rts2800_fpu32.lib</file>
         <name>trgmsg.obj</name>
      </input_file>
      <input_file id="fl-52">
         <path>C:\CCStudio_v8\ccsv8\tools\compiler\ti-cgt-c2000_17.6.0.STS\lib\</path>
         <kind>archive</kind>
         <file>rts2800_fpu32.lib</file>
         <name>vsprintf.obj</name>
      </input_file>
      <input_file id="fl-53">
         <path>C:\CCStudio_v8\ccsv8\tools\compiler\ti-cgt-c2000_17.6.0.STS\lib\</path>
         <kind>archive</kind>
         <file>rts2800_fpu32.lib</file>
         <name>_printfi.obj</name>
      </input_file>
      <input_file id="fl-54">
         <path>C:\CCStudio_v8\ccsv8\tools\compiler\ti-cgt-c2000_17.6.0.STS\lib\</path>
         <kind>archive</kind>
         <file>rts2800_fpu32.lib</file>
         <name>atoi.obj</name>
      </input_file>
      <input_file id="fl-55">
         <path>C:\CCStudio_v8\ccsv8\tools\compiler\ti-cgt-c2000_17.6.0.STS\lib\</path>
         <kind>archive</kind>
         <file>rts2800_fpu32.lib</file>
         <name>ctype.obj</name>
      </input_file>
      <input_file id="fl-56">
         <path>C:\CCStudio_v8\ccsv8\tools\compiler\ti-cgt-c2000_17.6.0.STS\lib\</path>
         <kind>archive</kind>
         <file>rts2800_fpu32.lib</file>
         <name>ltoa.obj</name>
      </input_file>
      <input_file id="fl-57">
         <path>C:\CCStudio_v8\ccsv8\tools\compiler\ti-cgt-c2000_17.6.0.STS\lib\</path>
         <kind>archive</kind>
         <file>rts2800_fpu32.lib</file>
         <name>memccpy.obj</name>
      </input_file>
      <input_file id="fl-58">
         <path>C:\CCStudio_v8\ccsv8\tools\compiler\ti-cgt-c2000_17.6.0.STS\lib\</path>
         <kind>archive</kind>
         <file>rts2800_fpu32.lib</file>
         <name>strchr.obj</name>
      </input_file>
      <input_file id="fl-59">
         <path>C:\CCStudio_v8\ccsv8\tools\compiler\ti-cgt-c2000_17.6.0.STS\lib\</path>
         <kind>archive</kind>
         <file>rts2800_fpu32.lib</file>
         <name>strcpy.obj</name>
      </input_file>
      <input_file id="fl-5a">
         <path>C:\CCStudio_v8\ccsv8\tools\compiler\ti-cgt-c2000_17.6.0.STS\lib\</path>
         <kind>archive</kind>
         <file>rts2800_fpu32.lib</file>
         <name>hostopen.obj</name>
      </input_file>
      <input_file id="fl-5b">
         <path>C:\CCStudio_v8\ccsv8\tools\compiler\ti-cgt-c2000_17.6.0.STS\lib\</path>
         <kind>archive</kind>
         <file>rts2800_fpu32.lib</file>
         <name>s_frexp.obj</name>
      </input_file>
      <input_file id="fl-5c">
         <path>C:\CCStudio_v8\ccsv8\tools\compiler\ti-cgt-c2000_17.6.0.STS\lib\</path>
         <kind>archive</kind>
         <file>rts2800_fpu32.lib</file>
         <name>s_scalbn.obj</name>
      </input_file>
      <input_file id="fl-5d">
         <path>C:\CCStudio_v8\ccsv8\tools\compiler\ti-cgt-c2000_17.6.0.STS\lib\</path>
         <kind>archive</kind>
         <file>rts2800_fpu32.lib</file>
         <name>fd_add28.obj</name>
      </input_file>
      <input_file id="fl-5e">
         <path>C:\CCStudio_v8\ccsv8\tools\compiler\ti-cgt-c2000_17.6.0.STS\lib\</path>
         <kind>archive</kind>
         <file>rts2800_fpu32.lib</file>
         <name>fd_cmp28.obj</name>
      </input_file>
      <input_file id="fl-5f">
         <path>C:\CCStudio_v8\ccsv8\tools\compiler\ti-cgt-c2000_17.6.0.STS\lib\</path>
         <kind>archive</kind>
         <file>rts2800_fpu32.lib</file>
         <name>fd_div28.obj</name>
      </input_file>
      <input_file id="fl-60">
         <path>C:\CCStudio_v8\ccsv8\tools\compiler\ti-cgt-c2000_17.6.0.STS\lib\</path>
         <kind>archive</kind>
         <file>rts2800_fpu32.lib</file>
         <name>fd_mpy28.obj</name>
      </input_file>
      <input_file id="fl-61">
         <path>C:\CCStudio_v8\ccsv8\tools\compiler\ti-cgt-c2000_17.6.0.STS\lib\</path>
         <kind>archive</kind>
         <file>rts2800_fpu32.lib</file>
         <name>fd_neg28.obj</name>
      </input_file>
      <input_file id="fl-62">
         <path>C:\CCStudio_v8\ccsv8\tools\compiler\ti-cgt-c2000_17.6.0.STS\lib\</path>
         <kind>archive</kind>
         <file>rts2800_fpu32.lib</file>
         <name>fd_sub28.obj</name>
      </input_file>
      <input_file id="fl-63">
         <path>C:\CCStudio_v8\ccsv8\tools\compiler\ti-cgt-c2000_17.6.0.STS\lib\</path>
         <kind>archive</kind>
         <file>rts2800_fpu32.lib</file>
         <name>fd_toi28.obj</name>
      </input_file>
      <input_file id="fl-64">
         <path>C:\CCStudio_v8\ccsv8\tools\compiler\ti-cgt-c2000_17.6.0.STS\lib\</path>
         <kind>archive</kind>
         <file>rts2800_fpu32.lib</file>
         <name>fd_tol28.obj</name>
      </input_file>
      <input_file id="fl-65">
         <path>C:\CCStudio_v8\ccsv8\tools\compiler\ti-cgt-c2000_17.6.0.STS\lib\</path>
         <kind>archive</kind>
         <file>rts2800_fpu32.lib</file>
         <name>ll_cmp28.obj</name>
      </input_file>
      <input_file id="fl-66">
         <path>C:\CCStudio_v8\ccsv8\tools\compiler\ti-cgt-c2000_17.6.0.STS\lib\</path>
         <kind>archive</kind>
         <file>rts2800_fpu32.lib</file>
         <name>i_tofd28.obj</name>
      </input_file>
      <input_file id="fl-67">
         <path>C:\CCStudio_v8\ccsv8\tools\compiler\ti-cgt-c2000_17.6.0.STS\lib\</path>
         <kind>archive</kind>
         <file>rts2800_fpu32.lib</file>
         <name>l_tofd28.obj</name>
      </input_file>
      <input_file id="fl-68">
         <path>C:\CCStudio_v8\ccsv8\tools\compiler\ti-cgt-c2000_17.6.0.STS\lib\</path>
         <kind>archive</kind>
         <file>rts2800_fpu32.lib</file>
         <name>fs_tofdfpu32.obj</name>
      </input_file>
      <input_file id="fl-69">
         <path>C:\CCStudio_v8\ccsv8\tools\compiler\ti-cgt-c2000_17.6.0.STS\lib\</path>
         <kind>archive</kind>
         <file>rts2800_fpu32.lib</file>
         <name>errno.obj</name>
      </input_file>
      <input_file id="fl-6a">
         <path>C:\CCStudio_v8\ccsv8\tools\compiler\ti-cgt-c2000_17.6.0.STS\lib\</path>
         <kind>archive</kind>
         <file>rts2800_fpu32.lib</file>
         <name>s_copysign.obj</name>
      </input_file>
   </input_file_list>
   <object_component_list>
      <object_component id="oc-399">
         <name>.text:ti_catalog_c2800_initF2837x_flashfuncs:_ti_catalog_c2800_initF2837x_Boot_initFlash</name>
         <load_address>0x8019a</load_address>
         <run_address>0xb000</run_address>
         <size>0x27</size>
         <input_file_ref idref="fl-37"/>
      </object_component>
      <object_component id="oc-13b">
         <name>xdc.meta</name>
         <load_address>0x0</load_address>
         <run_address>0x0</run_address>
         <size>0x109</size>
         <input_file_ref idref="fl-15"/>
      </object_component>
      <object_component id="oc-138">
         <name>.cinit</name>
         <load_address>0x801c1</load_address>
         <run_address>0x801c1</run_address>
         <size>0x499</size>
         <input_file_ref idref="fl-15"/>
      </object_component>
      <object_component id="oc-131">
         <name>.cinit</name>
         <load_address>0x8065a</load_address>
         <run_address>0x8065a</run_address>
         <size>0x36</size>
         <input_file_ref idref="fl-13"/>
      </object_component>
      <object_component id="oc-1dc">
         <name>.cinit</name>
         <load_address>0x80690</load_address>
         <run_address>0x80690</run_address>
         <size>0xe</size>
         <input_file_ref idref="fl-4a"/>
      </object_component>
      <object_component id="oc-311">
         <name>.cinit:__lock</name>
         <load_address>0x8069e</load_address>
         <run_address>0x8069e</run_address>
         <size>0x5</size>
         <input_file_ref idref="fl-4b"/>
      </object_component>
      <object_component id="oc-310">
         <name>.cinit:__unlock</name>
         <load_address>0x806a3</load_address>
         <run_address>0x806a3</run_address>
         <size>0x5</size>
         <input_file_ref idref="fl-4b"/>
      </object_component>
      <object_component id="oc-27c">
         <name>.cinit</name>
         <load_address>0x806a8</load_address>
         <run_address>0x806a8</run_address>
         <size>0x4</size>
         <input_file_ref idref="fl-69"/>
      </object_component>
      <object_component id="oc-457">
         <name>.binit</name>
         <load_address>0x806cc</load_address>
         <run_address>0x806cc</run_address>
         <size>0xa</size>
      </object_component>
      <object_component id="oc-38a">
         <name>.text</name>
         <load_address>0x88000</load_address>
         <run_address>0x88000</run_address>
         <size>0xc16</size>
         <input_file_ref idref="fl-53"/>
      </object_component>
      <object_component id="oc-2df">
         <name>.text</name>
         <load_address>0x88c16</load_address>
         <run_address>0x88c16</run_address>
         <size>0x2af</size>
         <input_file_ref idref="fl-11"/>
      </object_component>
      <object_component id="oc-2b1">
         <name>.text</name>
         <load_address>0x88ec5</load_address>
         <run_address>0x88ec5</run_address>
         <size>0x2aa</size>
         <input_file_ref idref="fl-a"/>
      </object_component>
      <object_component id="oc-433">
         <name>.text:_xdc_runtime_System_doPrint__I</name>
         <load_address>0x8916f</load_address>
         <run_address>0x8916f</run_address>
         <size>0x252</size>
         <input_file_ref idref="fl-30"/>
      </object_component>
      <object_component id="oc-2fd">
         <name>.text</name>
         <load_address>0x893c1</load_address>
         <run_address>0x893c1</run_address>
         <size>0x244</size>
         <input_file_ref idref="fl-6"/>
      </object_component>
      <object_component id="oc-32c">
         <name>.text:_ti_sysbios_knl_Semaphore_pend__E</name>
         <load_address>0x89605</load_address>
         <run_address>0x89605</run_address>
         <size>0x1da</size>
         <input_file_ref idref="fl-21"/>
      </object_component>
      <object_component id="oc-2aa">
         <name>.text:_ti_sysbios_heaps_HeapMem_free__E</name>
         <load_address>0x897df</load_address>
         <run_address>0x897df</run_address>
         <size>0x1ba</size>
         <input_file_ref idref="fl-21"/>
      </object_component>
      <object_component id="oc-2a9">
         <name>.text:_ti_sysbios_heaps_HeapMem_alloc__E</name>
         <load_address>0x89999</load_address>
         <run_address>0x89999</run_address>
         <size>0x1b3</size>
         <input_file_ref idref="fl-21"/>
      </object_component>
      <object_component id="oc-449">
         <name>.text:_xdc_runtime_System_printfExtend__I</name>
         <load_address>0x89b4c</load_address>
         <run_address>0x89b4c</run_address>
         <size>0x10a</size>
         <input_file_ref idref="fl-15"/>
      </object_component>
      <object_component id="oc-1c2">
         <name>.text</name>
         <load_address>0x89c56</load_address>
         <run_address>0x89c56</run_address>
         <size>0x107</size>
         <input_file_ref idref="fl-45"/>
      </object_component>
      <object_component id="oc-2fc">
         <name>.text:_ti_sysbios_heaps_HeapMem_Instance_init__E</name>
         <load_address>0x89d5d</load_address>
         <run_address>0x89d5d</run_address>
         <size>0xed</size>
         <input_file_ref idref="fl-21"/>
      </object_component>
      <object_component id="oc-360">
         <name>.text:_ti_sysbios_family_c28_Hwi_clearInterrupt__E</name>
         <load_address>0x89e4a</load_address>
         <run_address>0x89e4a</run_address>
         <size>0xe0</size>
         <input_file_ref idref="fl-21"/>
      </object_component>
      <object_component id="oc-2ba">
         <name>.text:_xdc_runtime_LoggerBuf_write8__E</name>
         <load_address>0x89f2a</load_address>
         <run_address>0x89f2a</run_address>
         <size>0xd2</size>
         <input_file_ref idref="fl-2d"/>
      </object_component>
      <object_component id="oc-2ea">
         <name>.text:_xdc_runtime_Core_createObject__I</name>
         <load_address>0x89ffc</load_address>
         <run_address>0x89ffc</run_address>
         <size>0xc3</size>
         <input_file_ref idref="fl-27"/>
      </object_component>
      <object_component id="oc-44b">
         <name>.text:_ti_sysbios_family_c28_Hwi_dispatchCore__I</name>
         <load_address>0x8a0bf</load_address>
         <run_address>0x8a0bf</run_address>
         <size>0xc0</size>
         <input_file_ref idref="fl-21"/>
      </object_component>
      <object_component id="oc-3c7">
         <name>.text</name>
         <load_address>0x8a17f</load_address>
         <run_address>0x8a17f</run_address>
         <size>0xc0</size>
         <input_file_ref idref="fl-5c"/>
      </object_component>
      <object_component id="oc-32d">
         <name>.text:_ti_sysbios_knl_Semaphore_post__E</name>
         <load_address>0x8a23f</load_address>
         <run_address>0x8a23f</run_address>
         <size>0xb8</size>
         <input_file_ref idref="fl-21"/>
      </object_component>
      <object_component id="oc-292">
         <name>.text:_ti_sysbios_knl_Clock_workFunc__E</name>
         <load_address>0x8a2f7</load_address>
         <run_address>0x8a2f7</run_address>
         <size>0xb6</size>
         <input_file_ref idref="fl-21"/>
      </object_component>
      <object_component id="oc-3ba">
         <name>.text:_ti_sysbios_knl_Swi_run__I</name>
         <load_address>0x8a3ad</load_address>
         <run_address>0x8a3ad</run_address>
         <size>0xaf</size>
         <input_file_ref idref="fl-21"/>
      </object_component>
      <object_component id="oc-3c0">
         <name>.text:_xdc_runtime_Core_constructObject__I</name>
         <load_address>0x8a45c</load_address>
         <run_address>0x8a45c</run_address>
         <size>0x9c</size>
         <input_file_ref idref="fl-28"/>
      </object_component>
      <object_component id="oc-334">
         <name>.text:_xdc_runtime_Error_policyDefault__E</name>
         <load_address>0x8a4f8</load_address>
         <run_address>0x8a4f8</run_address>
         <size>0x9c</size>
         <input_file_ref idref="fl-2b"/>
      </object_component>
      <object_component id="oc-23f">
         <name>.text</name>
         <load_address>0x8a594</load_address>
         <run_address>0x8a594</run_address>
         <size>0x9c</size>
         <input_file_ref idref="fl-5d"/>
      </object_component>
      <object_component id="oc-419">
         <name>.text:_ti_sysbios_family_c28_Hwi_dispatch</name>
         <load_address>0x8a630</load_address>
         <run_address>0x8a630</run_address>
         <size>0x9b</size>
         <input_file_ref idref="fl-23"/>
      </object_component>
      <object_component id="oc-396">
         <name>.text:_ti_catalog_c2800_initF2837x_Boot_defaultLimpAbortFunction</name>
         <load_address>0x8a6cb</load_address>
         <run_address>0x8a6cb</run_address>
         <size>0x1</size>
         <input_file_ref idref="fl-37"/>
      </object_component>
      <object_component id="oc-413">
         <name>.text</name>
         <load_address>0x8a6cc</load_address>
         <run_address>0x8a6cc</run_address>
         <size>0x94</size>
         <input_file_ref idref="fl-51"/>
      </object_component>
      <object_component id="oc-361">
         <name>.text:_ti_sysbios_family_c28_Hwi_enableInterrupt__E</name>
         <load_address>0x8a760</load_address>
         <run_address>0x8a760</run_address>
         <size>0x8e</size>
         <input_file_ref idref="fl-21"/>
      </object_component>
      <object_component id="oc-2b9">
         <name>.text:_xdc_runtime_LoggerBuf_write4__E</name>
         <load_address>0x8a7ee</load_address>
         <run_address>0x8a7ee</run_address>
         <size>0x8b</size>
         <input_file_ref idref="fl-2d"/>
      </object_component>
      <object_component id="oc-249">
         <name>.text</name>
         <load_address>0x8a879</load_address>
         <run_address>0x8a879</run_address>
         <size>0x8b</size>
         <input_file_ref idref="fl-5f"/>
      </object_component>
      <object_component id="oc-1b8">
         <name>.text</name>
         <load_address>0x8a904</load_address>
         <run_address>0x8a904</run_address>
         <size>0x88</size>
         <input_file_ref idref="fl-43"/>
      </object_component>
      <object_component id="oc-24e">
         <name>.text</name>
         <load_address>0x8a98c</load_address>
         <run_address>0x8a98c</run_address>
         <size>0x83</size>
         <input_file_ref idref="fl-60"/>
      </object_component>
      <object_component id="oc-435">
         <name>.text:_ti_sysbios_family_c28_Hwi_disableInterrupt__E</name>
         <load_address>0x8aa0f</load_address>
         <run_address>0x8aa0f</run_address>
         <size>0x81</size>
         <input_file_ref idref="fl-21"/>
      </object_component>
      <object_component id="oc-3b0">
         <name>.text:_ti_sysbios_family_c28_Hwi_disablePIEIER__E</name>
         <load_address>0x8aa90</load_address>
         <run_address>0x8aa90</run_address>
         <size>0x7e</size>
         <input_file_ref idref="fl-21"/>
      </object_component>
      <object_component id="oc-3af">
         <name>.text:_ti_sysbios_family_c28_Hwi_enablePIEIER__E</name>
         <load_address>0x8ab0e</load_address>
         <run_address>0x8ab0e</run_address>
         <size>0x7d</size>
         <input_file_ref idref="fl-21"/>
      </object_component>
      <object_component id="oc-39b">
         <name>.text:_xdc_runtime_Startup_startMods__I</name>
         <load_address>0x8ab8b</load_address>
         <run_address>0x8ab8b</run_address>
         <size>0x7d</size>
         <input_file_ref idref="fl-2f"/>
      </object_component>
      <object_component id="oc-366">
         <name>.text:_ti_sysbios_knl_Task_checkStacks__E</name>
         <load_address>0x8ac08</load_address>
         <run_address>0x8ac08</run_address>
         <size>0x73</size>
         <input_file_ref idref="fl-21"/>
      </object_component>
      <object_component id="oc-31a">
         <name>.text:_ti_sysbios_knl_Task_startCore__E</name>
         <load_address>0x8ac7b</load_address>
         <run_address>0x8ac7b</run_address>
         <size>0x71</size>
         <input_file_ref idref="fl-21"/>
      </object_component>
      <object_component id="oc-2d9">
         <name>.text:_ti_sysbios_gates_GateMutex_enter__E</name>
         <load_address>0x8acec</load_address>
         <run_address>0x8acec</run_address>
         <size>0x70</size>
         <input_file_ref idref="fl-21"/>
      </object_component>
      <object_component id="oc-3fc">
         <name>.text:_xdc_runtime_Text_putSite__E</name>
         <load_address>0x8ad5c</load_address>
         <run_address>0x8ad5c</run_address>
         <size>0x6f</size>
         <input_file_ref idref="fl-32"/>
      </object_component>
      <object_component id="oc-3b3">
         <name>.text:_ti_sysbios_knl_Task_schedule__I</name>
         <load_address>0x8adcb</load_address>
         <run_address>0x8adcb</run_address>
         <size>0x6e</size>
         <input_file_ref idref="fl-21"/>
      </object_component>
      <object_component id="oc-3c1">
         <name>.text:_ti_sysbios_knl_Semaphore_Instance_init__E</name>
         <load_address>0x8ae39</load_address>
         <run_address>0x8ae39</run_address>
         <size>0x6a</size>
         <input_file_ref idref="fl-21"/>
      </object_component>
      <object_component id="oc-41b">
         <name>.text:_ti_sysbios_family_c28_Timer_stopAndClear__I</name>
         <load_address>0x8aea3</load_address>
         <run_address>0x8aea3</run_address>
         <size>0x66</size>
         <input_file_ref idref="fl-21"/>
      </object_component>
      <object_component id="oc-77">
         <name>.text</name>
         <load_address>0x8af09</load_address>
         <run_address>0x8af09</run_address>
         <size>0x63</size>
         <input_file_ref idref="fl-36"/>
      </object_component>
      <object_component id="oc-2d7">
         <name>.text:_ti_sysbios_knl_Swi_post__E</name>
         <load_address>0x8af6c</load_address>
         <run_address>0x8af6c</run_address>
         <size>0x60</size>
         <input_file_ref idref="fl-21"/>
      </object_component>
      <object_component id="oc-381">
         <name>.text:_ti_sysbios_knl_Task_blockI__E</name>
         <load_address>0x8afcc</load_address>
         <run_address>0x8afcc</run_address>
         <size>0x60</size>
         <input_file_ref idref="fl-21"/>
      </object_component>
      <object_component id="oc-3c6">
         <name>.text</name>
         <load_address>0x8b02c</load_address>
         <run_address>0x8b02c</run_address>
         <size>0x5a</size>
         <input_file_ref idref="fl-5b"/>
      </object_component>
      <object_component id="oc-425">
         <name>.text:_ti_sysbios_knl_Task_exit__E</name>
         <load_address>0x8b086</load_address>
         <run_address>0x8b086</run_address>
         <size>0x57</size>
         <input_file_ref idref="fl-21"/>
      </object_component>
      <object_component id="oc-354">
         <name>.text:_xdc_runtime_Memory_alloc__E</name>
         <load_address>0x8b0dd</load_address>
         <run_address>0x8b0dd</run_address>
         <size>0x57</size>
         <input_file_ref idref="fl-2e"/>
      </object_component>
      <object_component id="oc-384">
         <name>.text:_ti_sysbios_knl_Task_unblockI__E</name>
         <load_address>0x8b134</load_address>
         <run_address>0x8b134</run_address>
         <size>0x51</size>
         <input_file_ref idref="fl-21"/>
      </object_component>
      <object_component id="oc-44f">
         <name>.text:_xdc_runtime_Text_putLab__E</name>
         <load_address>0x8b185</load_address>
         <run_address>0x8b185</run_address>
         <size>0x4f</size>
         <input_file_ref idref="fl-32"/>
      </object_component>
      <object_component id="oc-410">
         <name>.text:_ti_sysbios_knl_Task_postInit__I</name>
         <load_address>0x8b1d4</load_address>
         <run_address>0x8b1d4</run_address>
         <size>0x4b</size>
         <input_file_ref idref="fl-21"/>
      </object_component>
      <object_component id="oc-3f1">
         <name>.text:_ti_sysbios_family_c28_Hwi_Module_startup__E</name>
         <load_address>0x8b21f</load_address>
         <run_address>0x8b21f</run_address>
         <size>0x47</size>
         <input_file_ref idref="fl-21"/>
      </object_component>
      <object_component id="oc-2ec">
         <name>.text:_xdc_runtime_Core_deleteObject__I</name>
         <load_address>0x8b266</load_address>
         <run_address>0x8b266</run_address>
         <size>0x46</size>
         <input_file_ref idref="fl-27"/>
      </object_component>
      <object_component id="oc-2e1">
         <name>.text:.bootCodeSection:_ti_catalog_c2800_initF2837x_Boot_configurePllDivs</name>
         <load_address>0x8b2ac</load_address>
         <run_address>0x8b2ac</run_address>
         <size>0x45</size>
         <input_file_ref idref="fl-37"/>
      </object_component>
      <object_component id="oc-404">
         <name>.text:_ti_sysbios_family_c28_Timer_postInit__I</name>
         <load_address>0x8b2f1</load_address>
         <run_address>0x8b2f1</run_address>
         <size>0x43</size>
         <input_file_ref idref="fl-21"/>
      </object_component>
      <object_component id="oc-143">
         <name>.text:_ti_sysbios_family_c28_Hwi_unPluggedInterrupt__I</name>
         <load_address>0x8b334</load_address>
         <run_address>0x8b334</run_address>
         <size>0x42</size>
         <input_file_ref idref="fl-21"/>
      </object_component>
      <object_component id="oc-440">
         <name>.text:_xdc_runtime_System_formatNum__I</name>
         <load_address>0x8b376</load_address>
         <run_address>0x8b376</run_address>
         <size>0x3f</size>
         <input_file_ref idref="fl-30"/>
      </object_component>
      <object_component id="oc-456">
         <name>.text:_ti_sysbios_knl_Swi_restoreHwi__E</name>
         <load_address>0x8b3b5</load_address>
         <run_address>0x8b3b5</run_address>
         <size>0x3e</size>
         <input_file_ref idref="fl-21"/>
      </object_component>
      <object_component id="oc-414">
         <name>.text:_xdc_runtime_Text_putMod__E</name>
         <load_address>0x8b3f3</load_address>
         <run_address>0x8b3f3</run_address>
         <size>0x3e</size>
         <input_file_ref idref="fl-32"/>
      </object_component>
      <object_component id="oc-344">
         <name>.text:_xdc_runtime_Core_assignParams__I</name>
         <load_address>0x8b431</load_address>
         <run_address>0x8b431</run_address>
         <size>0x3d</size>
         <input_file_ref idref="fl-2a"/>
      </object_component>
      <object_component id="oc-2bc">
         <name>.text:_xdc_runtime_LoggerBuf_getFilterLevel__E</name>
         <load_address>0x8b46e</load_address>
         <run_address>0x8b46e</run_address>
         <size>0x3d</size>
         <input_file_ref idref="fl-2d"/>
      </object_component>
      <object_component id="oc-2bb">
         <name>.text:_xdc_runtime_LoggerBuf_setFilterLevel__E</name>
         <load_address>0x8b4ab</load_address>
         <run_address>0x8b4ab</run_address>
         <size>0x3c</size>
         <input_file_ref idref="fl-2d"/>
      </object_component>
      <object_component id="oc-439">
         <name>.text:_ti_sysbios_family_c28_TaskSupport_start__E</name>
         <load_address>0x8b4e7</load_address>
         <run_address>0x8b4e7</run_address>
         <size>0x3a</size>
         <input_file_ref idref="fl-21"/>
      </object_component>
      <object_component id="oc-2bd">
         <name>.text:_xdc_runtime_LoggerBuf_Object__create__S</name>
         <load_address>0x8b521</load_address>
         <run_address>0x8b521</run_address>
         <size>0x38</size>
         <input_file_ref idref="fl-15"/>
      </object_component>
      <object_component id="oc-3f8">
         <name>.text</name>
         <load_address>0x8b559</load_address>
         <run_address>0x8b559</run_address>
         <size>0x38</size>
         <input_file_ref idref="fl-50"/>
      </object_component>
      <object_component id="oc-2d4">
         <name>.text:_ti_sysbios_knl_Clock_logTick__E</name>
         <load_address>0x8b591</load_address>
         <run_address>0x8b591</run_address>
         <size>0x36</size>
         <input_file_ref idref="fl-21"/>
      </object_component>
      <object_component id="oc-30a">
         <name>.text:_xdc_runtime_LoggerBuf_Instance_init__E</name>
         <load_address>0x8b5c7</load_address>
         <run_address>0x8b5c7</run_address>
         <size>0x36</size>
         <input_file_ref idref="fl-2d"/>
      </object_component>
      <object_component id="oc-315">
         <name>.text:_ti_sysbios_BIOS_rtsUnlock__I</name>
         <load_address>0x8b5fd</load_address>
         <run_address>0x8b5fd</run_address>
         <size>0x34</size>
         <input_file_ref idref="fl-15"/>
      </object_component>
      <object_component id="oc-3f6">
         <name>.text:_ti_sysbios_knl_Task_Module_startup__E</name>
         <load_address>0x8b631</load_address>
         <run_address>0x8b631</run_address>
         <size>0x32</size>
         <input_file_ref idref="fl-21"/>
      </object_component>
      <object_component id="oc-2f3">
         <name>.text:_xdc_runtime_Assert_raise__I</name>
         <load_address>0x8b663</load_address>
         <run_address>0x8b663</run_address>
         <size>0x32</size>
         <input_file_ref idref="fl-26"/>
      </object_component>
      <object_component id="oc-448">
         <name>.text:_xdc_runtime_Text_visitRope2__I</name>
         <load_address>0x8b695</load_address>
         <run_address>0x8b695</run_address>
         <size>0x32</size>
         <input_file_ref idref="fl-32"/>
      </object_component>
      <object_component id="oc-286">
         <name>.text:_xdc_runtime_Startup_exec__E</name>
         <load_address>0x8b6c7</load_address>
         <run_address>0x8b6c7</run_address>
         <size>0x31</size>
         <input_file_ref idref="fl-2f"/>
      </object_component>
      <object_component id="oc-3c4">
         <name>.text</name>
         <load_address>0x8b6f8</load_address>
         <run_address>0x8b6f8</run_address>
         <size>0x31</size>
         <input_file_ref idref="fl-54"/>
      </object_component>
      <object_component id="oc-38b">
         <name>.text:_xdc_runtime_Error_setX__E</name>
         <load_address>0x8b729</load_address>
         <run_address>0x8b729</run_address>
         <size>0x30</size>
         <input_file_ref idref="fl-2b"/>
      </object_component>
      <object_component id="oc-332">
         <name>.text</name>
         <load_address>0x8b759</load_address>
         <run_address>0x8b759</run_address>
         <size>0x30</size>
         <input_file_ref idref="fl-52"/>
      </object_component>
      <object_component id="oc-371">
         <name>.text:_ti_sysbios_knl_Swi_runLoop__I</name>
         <load_address>0x8b789</load_address>
         <run_address>0x8b789</run_address>
         <size>0x2e</size>
         <input_file_ref idref="fl-21"/>
      </object_component>
      <object_component id="oc-325">
         <name>.text:_ti_sysbios_knl_Swi_schedule__I</name>
         <load_address>0x8b7b7</load_address>
         <run_address>0x8b7b7</run_address>
         <size>0x2e</size>
         <input_file_ref idref="fl-21"/>
      </object_component>
      <object_component id="oc-3ec">
         <name>.text:_xdc_runtime_Error_print__E</name>
         <load_address>0x8b7e5</load_address>
         <run_address>0x8b7e5</run_address>
         <size>0x2e</size>
         <input_file_ref idref="fl-2b"/>
      </object_component>
      <object_component id="oc-3c5">
         <name>.text</name>
         <load_address>0x8b813</load_address>
         <run_address>0x8b813</run_address>
         <size>0x2e</size>
         <input_file_ref idref="fl-56"/>
      </object_component>
      <object_component id="oc-3cf">
         <name>.text:_ti_sysbios_family_c28_Hwi_getStackInfo__E</name>
         <load_address>0x8b841</load_address>
         <run_address>0x8b841</run_address>
         <size>0x2d</size>
         <input_file_ref idref="fl-21"/>
      </object_component>
      <object_component id="oc-2ac">
         <name>.text:_ti_sysbios_heaps_HeapMem_getStats__E</name>
         <load_address>0x8b86e</load_address>
         <run_address>0x8b86e</run_address>
         <size>0x2d</size>
         <input_file_ref idref="fl-21"/>
      </object_component>
      <object_component id="oc-317">
         <name>.text:_ti_sysbios_family_c28_Timer_start__E</name>
         <load_address>0x8b89b</load_address>
         <run_address>0x8b89b</run_address>
         <size>0x2c</size>
         <input_file_ref idref="fl-21"/>
      </object_component>
      <object_component id="oc-3f4">
         <name>.text:_ti_sysbios_knl_Mailbox_Module_startup__E</name>
         <load_address>0x8b8c7</load_address>
         <run_address>0x8b8c7</run_address>
         <size>0x2b</size>
         <input_file_ref idref="fl-21"/>
      </object_component>
      <object_component id="oc-244">
         <name>.text</name>
         <load_address>0x8b8f2</load_address>
         <run_address>0x8b8f2</run_address>
         <size>0x2a</size>
         <input_file_ref idref="fl-5e"/>
      </object_component>
      <object_component id="oc-1cc">
         <name>.text</name>
         <load_address>0x8b91c</load_address>
         <run_address>0x8b91c</run_address>
         <size>0x2a</size>
         <input_file_ref idref="fl-47"/>
      </object_component>
      <object_component id="oc-28e">
         <name>.text</name>
         <load_address>0x8b946</load_address>
         <run_address>0x8b946</run_address>
         <size>0x2a</size>
         <input_file_ref idref="fl-13"/>
      </object_component>
      <object_component id="oc-39e">
         <name>.text:_xdc_runtime_SysMin_flush__E</name>
         <load_address>0x8b970</load_address>
         <run_address>0x8b970</run_address>
         <size>0x29</size>
         <input_file_ref idref="fl-31"/>
      </object_component>
      <object_component id="oc-415">
         <name>.text:_xdc_runtime_Text_xprintf__I</name>
         <load_address>0x8b999</load_address>
         <run_address>0x8b999</run_address>
         <size>0x29</size>
         <input_file_ref idref="fl-32"/>
      </object_component>
      <object_component id="oc-33d">
         <name>.text</name>
         <load_address>0x8b9c2</load_address>
         <run_address>0x8b9c2</run_address>
         <size>0x29</size>
         <input_file_ref idref="fl-4a"/>
      </object_component>
      <object_component id="oc-336">
         <name>.text:_ti_sysbios_heaps_HeapMem_init__I</name>
         <load_address>0x8b9eb</load_address>
         <run_address>0x8b9eb</run_address>
         <size>0x27</size>
         <input_file_ref idref="fl-21"/>
      </object_component>
      <object_component id="oc-447">
         <name>.text:_ti_sysbios_family_c28_TaskSupport_buildTaskStack</name>
         <load_address>0x8ba12</load_address>
         <run_address>0x8ba12</run_address>
         <size>0x25</size>
         <input_file_ref idref="fl-25"/>
      </object_component>
      <object_component id="oc-29f">
         <name>.text:_xdc_runtime_System_processAtExit__E</name>
         <load_address>0x8ba37</load_address>
         <run_address>0x8ba37</run_address>
         <size>0x24</size>
         <input_file_ref idref="fl-30"/>
      </object_component>
      <object_component id="oc-285">
         <name>.text</name>
         <load_address>0x8ba5b</load_address>
         <run_address>0x8ba5b</run_address>
         <size>0x24</size>
         <input_file_ref idref="fl-48"/>
      </object_component>
      <object_component id="oc-3e2">
         <name>.text</name>
         <load_address>0x8ba7f</load_address>
         <run_address>0x8ba7f</run_address>
         <size>0x24</size>
         <input_file_ref idref="fl-6a"/>
      </object_component>
      <object_component id="oc-364">
         <name>.text:_ti_sysbios_knl_Task_allBlockedFunction__I</name>
         <load_address>0x8baa3</load_address>
         <run_address>0x8baa3</run_address>
         <size>0x21</size>
         <input_file_ref idref="fl-21"/>
      </object_component>
      <object_component id="oc-300">
         <name>.text:_xdc_runtime_LoggerBuf_filterOutEvent__I</name>
         <load_address>0x8bac4</load_address>
         <run_address>0x8bac4</run_address>
         <size>0x21</size>
         <input_file_ref idref="fl-2d"/>
      </object_component>
      <object_component id="oc-2c1">
         <name>.text:_xdc_runtime_System_atexit__E</name>
         <load_address>0x8bae5</load_address>
         <run_address>0x8bae5</run_address>
         <size>0x21</size>
         <input_file_ref idref="fl-30"/>
      </object_component>
      <object_component id="oc-25d">
         <name>.text</name>
         <load_address>0x8bb06</load_address>
         <run_address>0x8bb06</run_address>
         <size>0x21</size>
         <input_file_ref idref="fl-63"/>
      </object_component>
      <object_component id="oc-41d">
         <name>.text:_ti_sysbios_family_c28_Timer_setPrescale__E</name>
         <load_address>0x8bb27</load_address>
         <run_address>0x8bb27</run_address>
         <size>0x20</size>
         <input_file_ref idref="fl-21"/>
      </object_component>
      <object_component id="oc-2a5">
         <name>.text:_ti_sysbios_gates_GateHwi_Object__create__S</name>
         <load_address>0x8bb47</load_address>
         <run_address>0x8bb47</run_address>
         <size>0x1f</size>
         <input_file_ref idref="fl-15"/>
      </object_component>
      <object_component id="oc-2db">
         <name>.text:_ti_sysbios_gates_GateMutex_Object__create__S</name>
         <load_address>0x8bb66</load_address>
         <run_address>0x8bb66</run_address>
         <size>0x1f</size>
         <input_file_ref idref="fl-15"/>
      </object_component>
      <object_component id="oc-2ad">
         <name>.text:_ti_sysbios_heaps_HeapMem_Object__create__S</name>
         <load_address>0x8bb85</load_address>
         <run_address>0x8bb85</run_address>
         <size>0x1f</size>
         <input_file_ref idref="fl-15"/>
      </object_component>
      <object_component id="oc-262">
         <name>.text</name>
         <load_address>0x8bba4</load_address>
         <run_address>0x8bba4</run_address>
         <size>0x1f</size>
         <input_file_ref idref="fl-64"/>
      </object_component>
      <object_component id="oc-3ed">
         <name>.text:_xdc_runtime_SysMin_putch__E</name>
         <load_address>0x8bbc3</load_address>
         <run_address>0x8bbc3</run_address>
         <size>0x1e</size>
         <input_file_ref idref="fl-31"/>
      </object_component>
      <object_component id="oc-267">
         <name>.text</name>
         <load_address>0x8bbe1</load_address>
         <run_address>0x8bbe1</run_address>
         <size>0x1e</size>
         <input_file_ref idref="fl-65"/>
      </object_component>
      <object_component id="oc-29b">
         <name>.text</name>
         <load_address>0x8bbff</load_address>
         <run_address>0x8bbff</run_address>
         <size>0x1e</size>
         <input_file_ref idref="fl-49"/>
      </object_component>
      <object_component id="oc-3b9">
         <name>.text:_ti_sysbios_family_c28_TaskSupport_swap__E</name>
         <load_address>0x8bc1d</load_address>
         <run_address>0x8bc1d</run_address>
         <size>0x1d</size>
         <input_file_ref idref="fl-25"/>
      </object_component>
      <object_component id="oc-26c">
         <name>.text</name>
         <load_address>0x8bc3a</load_address>
         <run_address>0x8bc3a</run_address>
         <size>0x1d</size>
         <input_file_ref idref="fl-66"/>
      </object_component>
      <object_component id="oc-3c3">
         <name>.text:_ti_sysbios_hal_Hwi_checkStack</name>
         <load_address>0x8bc57</load_address>
         <run_address>0x8bc57</run_address>
         <size>0x1c</size>
         <input_file_ref idref="fl-21"/>
      </object_component>
      <object_component id="oc-276">
         <name>.text</name>
         <load_address>0x8bc73</load_address>
         <run_address>0x8bc73</run_address>
         <size>0x1c</size>
         <input_file_ref idref="fl-68"/>
      </object_component>
      <object_component id="oc-271">
         <name>.text</name>
         <load_address>0x8bc8f</load_address>
         <run_address>0x8bc8f</run_address>
         <size>0x1c</size>
         <input_file_ref idref="fl-67"/>
      </object_component>
      <object_component id="oc-442">
         <name>.text:_ti_sysbios_family_c28_Hwi_switchAndDispatch__I</name>
         <load_address>0x8bcab</load_address>
         <run_address>0x8bcab</run_address>
         <size>0x1b</size>
         <input_file_ref idref="fl-22"/>
      </object_component>
      <object_component id="oc-338">
         <name>.text:_ti_sysbios_hal_Hwi_initStack</name>
         <load_address>0x8bcc6</load_address>
         <run_address>0x8bcc6</run_address>
         <size>0x1b</size>
         <input_file_ref idref="fl-21"/>
      </object_component>
      <object_component id="oc-387">
         <name>.text:_ti_sysbios_knl_Semaphore_construct</name>
         <load_address>0x8bce1</load_address>
         <run_address>0x8bce1</run_address>
         <size>0x1b</size>
         <input_file_ref idref="fl-15"/>
      </object_component>
      <object_component id="oc-438">
         <name>.text:_ti_sysbios_knl_Task_processVitalTaskFlag__I</name>
         <load_address>0x8bcfc</load_address>
         <run_address>0x8bcfc</run_address>
         <size>0x1b</size>
         <input_file_ref idref="fl-21"/>
      </object_component>
      <object_component id="oc-3e8">
         <name>.text:_xdc_runtime_SysMin_output__I</name>
         <load_address>0x8bd17</load_address>
         <run_address>0x8bd17</run_address>
         <size>0x1b</size>
         <input_file_ref idref="fl-15"/>
      </object_component>
      <object_component id="oc-37c">
         <name>.text:_ti_sysbios_knl_Clock_addI__E</name>
         <load_address>0x8bd32</load_address>
         <run_address>0x8bd32</run_address>
         <size>0x1a</size>
         <input_file_ref idref="fl-21"/>
      </object_component>
      <object_component id="oc-2ed">
         <name>.text:_xdc_runtime_Core_assignLabel__I</name>
         <load_address>0x8bd4c</load_address>
         <run_address>0x8bd4c</run_address>
         <size>0x1a</size>
         <input_file_ref idref="fl-29"/>
      </object_component>
      <object_component id="oc-416">
         <name>.text:_xdc_runtime_System_avprintf__E</name>
         <load_address>0x8bd66</load_address>
         <run_address>0x8bd66</run_address>
         <size>0x1a</size>
         <input_file_ref idref="fl-30"/>
      </object_component>
      <object_component id="oc-441">
         <name>.text:_xdc_runtime_System_putchar__I</name>
         <load_address>0x8bd80</load_address>
         <run_address>0x8bd80</run_address>
         <size>0x1a</size>
         <input_file_ref idref="fl-30"/>
      </object_component>
      <object_component id="oc-403">
         <name>.text:_ti_sysbios_family_c28_Hwi_Object__get__S</name>
         <load_address>0x8bd9a</load_address>
         <run_address>0x8bd9a</run_address>
         <size>0x19</size>
         <input_file_ref idref="fl-15"/>
      </object_component>
      <object_component id="oc-40a">
         <name>.text:_ti_sysbios_knl_Mailbox_postInit__I</name>
         <load_address>0x8bdb3</load_address>
         <run_address>0x8bdb3</run_address>
         <size>0x19</size>
         <input_file_ref idref="fl-21"/>
      </object_component>
      <object_component id="oc-428">
         <name>.text:_ti_sysbios_knl_Queue_Object__get__S</name>
         <load_address>0x8bdcc</load_address>
         <run_address>0x8bdcc</run_address>
         <size>0x19</size>
         <input_file_ref idref="fl-15"/>
      </object_component>
      <object_component id="oc-3dd">
         <name>.text:_ti_sysbios_knl_Queue_construct</name>
         <load_address>0x8bde5</load_address>
         <run_address>0x8bde5</run_address>
         <size>0x19</size>
         <input_file_ref idref="fl-15"/>
      </object_component>
      <object_component id="oc-37b">
         <name>.text:_ti_sysbios_knl_Semaphore_pendTimeout__I</name>
         <load_address>0x8bdfe</load_address>
         <run_address>0x8bdfe</run_address>
         <size>0x19</size>
         <input_file_ref idref="fl-21"/>
      </object_component>
      <object_component id="oc-319">
         <name>.text:_ti_sysbios_knl_Swi_restore__E</name>
         <load_address>0x8be17</load_address>
         <run_address>0x8be17</run_address>
         <size>0x19</size>
         <input_file_ref idref="fl-21"/>
      </object_component>
      <object_component id="oc-417">
         <name>.text:_xdc_runtime_System_vprintf__E</name>
         <load_address>0x8be30</load_address>
         <run_address>0x8be30</run_address>
         <size>0x19</size>
         <input_file_ref idref="fl-30"/>
      </object_component>
      <object_component id="oc-430">
         <name>.text:_xdc_runtime_Text_printVisFxn__I</name>
         <load_address>0x8be49</load_address>
         <run_address>0x8be49</run_address>
         <size>0x19</size>
         <input_file_ref idref="fl-32"/>
      </object_component>
      <object_component id="oc-287">
         <name>.text</name>
         <load_address>0x8be62</load_address>
         <run_address>0x8be62</run_address>
         <size>0x19</size>
         <input_file_ref idref="fl-4c"/>
      </object_component>
      <object_component id="oc-372">
         <name>.text:_ti_sysbios_family_xxx_Hwi_switchAndRunFunc</name>
         <load_address>0x8be7b</load_address>
         <run_address>0x8be7b</run_address>
         <size>0x18</size>
         <input_file_ref idref="fl-22"/>
      </object_component>
      <object_component id="oc-3ee">
         <name>.text:_xdc_runtime_LoggerBuf_Module_startup__E</name>
         <load_address>0x8be93</load_address>
         <run_address>0x8be93</run_address>
         <size>0x18</size>
         <input_file_ref idref="fl-2d"/>
      </object_component>
      <object_component id="oc-355">
         <name>.text:_xdc_runtime_LoggerBuf_reset__E</name>
         <load_address>0x8beab</load_address>
         <run_address>0x8beab</run_address>
         <size>0x18</size>
         <input_file_ref idref="fl-2d"/>
      </object_component>
      <object_component id="oc-1bd">
         <name>.text</name>
         <load_address>0x8bec3</load_address>
         <run_address>0x8bec3</run_address>
         <size>0x18</size>
         <input_file_ref idref="fl-44"/>
      </object_component>
      <object_component id="oc-2c0">
         <name>.text:_ti_sysbios_BIOS_atExitFunc__I</name>
         <load_address>0x8bedb</load_address>
         <run_address>0x8bedb</run_address>
         <size>0x17</size>
         <input_file_ref idref="fl-15"/>
      </object_component>
      <object_component id="oc-2c3">
         <name>.text:_ti_sysbios_family_c28_Timer_startup__E</name>
         <load_address>0x8bef2</load_address>
         <run_address>0x8bef2</run_address>
         <size>0x17</size>
         <input_file_ref idref="fl-21"/>
      </object_component>
      <object_component id="oc-398">
         <name>.text:_ti_sysbios_heaps_HeapMem_Object__get__S</name>
         <load_address>0x8bf09</load_address>
         <run_address>0x8bf09</run_address>
         <size>0x17</size>
         <input_file_ref idref="fl-15"/>
      </object_component>
      <object_component id="oc-293">
         <name>.text:_ti_sysbios_knl_Clock_doTick__I</name>
         <load_address>0x8bf20</load_address>
         <run_address>0x8bf20</run_address>
         <size>0x17</size>
         <input_file_ref idref="fl-15"/>
      </object_component>
      <object_component id="oc-408">
         <name>.text:_ti_sysbios_knl_Mailbox_Object__get__S</name>
         <load_address>0x8bf37</load_address>
         <run_address>0x8bf37</run_address>
         <size>0x17</size>
         <input_file_ref idref="fl-15"/>
      </object_component>
      <object_component id="oc-40c">
         <name>.text:_ti_sysbios_knl_Swi_Object__get__S</name>
         <load_address>0x8bf4e</load_address>
         <run_address>0x8bf4e</run_address>
         <size>0x17</size>
         <input_file_ref idref="fl-15"/>
      </object_component>
      <object_component id="oc-40f">
         <name>.text:_ti_sysbios_knl_Task_Object__get__S</name>
         <load_address>0x8bf65</load_address>
         <run_address>0x8bf65</run_address>
         <size>0x17</size>
         <input_file_ref idref="fl-15"/>
      </object_component>
      <object_component id="oc-400">
         <name>.text:_xdc_runtime_LoggerBuf_Object__get__S</name>
         <load_address>0x8bf7c</load_address>
         <run_address>0x8bf7c</run_address>
         <size>0x17</size>
         <input_file_ref idref="fl-15"/>
      </object_component>
      <object_component id="oc-39f">
         <name>.text:_xdc_runtime_Memory_valloc__E</name>
         <load_address>0x8bf93</load_address>
         <run_address>0x8bf93</run_address>
         <size>0x17</size>
         <input_file_ref idref="fl-2e"/>
      </object_component>
      <object_component id="oc-3f2">
         <name>.text:_ti_sysbios_family_c28_Timer_Module_startup__E</name>
         <load_address>0x8bfaa</load_address>
         <run_address>0x8bfaa</run_address>
         <size>0x16</size>
         <input_file_ref idref="fl-21"/>
      </object_component>
      <object_component id="oc-363">
         <name>.text:_ti_sysbios_knl_Task_restore__E</name>
         <load_address>0x8bfc0</load_address>
         <run_address>0x8bfc0</run_address>
         <size>0x16</size>
         <input_file_ref idref="fl-21"/>
      </object_component>
      <object_component id="oc-3e4">
         <name>.text:_xdc_runtime_SysMin_abort__E</name>
         <load_address>0x8bfd6</load_address>
         <run_address>0x8bfd6</run_address>
         <size>0x16</size>
         <input_file_ref idref="fl-31"/>
      </object_component>
      <object_component id="oc-3f5">
         <name>.text:_ti_sysbios_knl_Swi_Module_startup__E</name>
         <load_address>0x8bfec</load_address>
         <run_address>0x8bfec</run_address>
         <size>0x15</size>
         <input_file_ref idref="fl-21"/>
      </object_component>
      <object_component id="oc-2de">
         <name>.text:_ti_sysbios_knl_Idle_run__E</name>
         <load_address>0x8c001</load_address>
         <run_address>0x8c001</run_address>
         <size>0x14</size>
         <input_file_ref idref="fl-21"/>
      </object_component>
      <object_component id="oc-3cb">
         <name>.text:_ti_sysbios_BIOS_errorRaiseHook__I</name>
         <load_address>0x8c015</load_address>
         <run_address>0x8c015</run_address>
         <size>0x13</size>
         <input_file_ref idref="fl-15"/>
      </object_component>
      <object_component id="oc-2dc">
         <name>.text:_ti_sysbios_gates_GateMutex_Object__delete__S</name>
         <load_address>0x8c028</load_address>
         <run_address>0x8c028</run_address>
         <size>0x13</size>
         <input_file_ref idref="fl-15"/>
      </object_component>
      <object_component id="oc-299">
         <name>.text:_xdc_runtime_Error_raiseX__E</name>
         <load_address>0x8c03b</load_address>
         <run_address>0x8c03b</run_address>
         <size>0x13</size>
         <input_file_ref idref="fl-2b"/>
      </object_component>
      <object_component id="oc-348">
         <name>.text:_xdc_runtime_Text_cordText__E</name>
         <load_address>0x8c04e</load_address>
         <run_address>0x8c04e</run_address>
         <size>0x13</size>
         <input_file_ref idref="fl-32"/>
      </object_component>
      <object_component id="oc-444">
         <name>.text:_ti_sysbios_family_c28_Hwi_disableIER__E</name>
         <load_address>0x8c061</load_address>
         <run_address>0x8c061</run_address>
         <size>0x12</size>
         <input_file_ref idref="fl-15"/>
      </object_component>
      <object_component id="oc-2a6">
         <name>.text:_ti_sysbios_gates_GateHwi_Object__delete__S</name>
         <load_address>0x8c073</load_address>
         <run_address>0x8c073</run_address>
         <size>0x12</size>
         <input_file_ref idref="fl-15"/>
      </object_component>
      <object_component id="oc-2ae">
         <name>.text:_ti_sysbios_heaps_HeapMem_Object__delete__S</name>
         <load_address>0x8c085</load_address>
         <run_address>0x8c085</run_address>
         <size>0x12</size>
         <input_file_ref idref="fl-15"/>
      </object_component>
      <object_component id="oc-3f3">
         <name>.text:_ti_sysbios_knl_Clock_Module_startup__E</name>
         <load_address>0x8c097</load_address>
         <run_address>0x8c097</run_address>
         <size>0x12</size>
         <input_file_ref idref="fl-21"/>
      </object_component>
      <object_component id="oc-2be">
         <name>.text:_xdc_runtime_LoggerBuf_Object__delete__S</name>
         <load_address>0x8c0a9</load_address>
         <run_address>0x8c0a9</run_address>
         <size>0x12</size>
         <input_file_ref idref="fl-15"/>
      </object_component>
      <object_component id="oc-2a7">
         <name>.text:_ti_sysbios_gates_GateHwi_Handle__label__S</name>
         <load_address>0x8c0bb</load_address>
         <run_address>0x8c0bb</run_address>
         <size>0x11</size>
         <input_file_ref idref="fl-15"/>
      </object_component>
      <object_component id="oc-2dd">
         <name>.text:_ti_sysbios_gates_GateMutex_Handle__label__S</name>
         <load_address>0x8c0cc</load_address>
         <run_address>0x8c0cc</run_address>
         <size>0x11</size>
         <input_file_ref idref="fl-15"/>
      </object_component>
      <object_component id="oc-2af">
         <name>.text:_ti_sysbios_heaps_HeapMem_Handle__label__S</name>
         <load_address>0x8c0dd</load_address>
         <run_address>0x8c0dd</run_address>
         <size>0x11</size>
         <input_file_ref idref="fl-15"/>
      </object_component>
      <object_component id="oc-2bf">
         <name>.text:_xdc_runtime_LoggerBuf_Handle__label__S</name>
         <load_address>0x8c0ee</load_address>
         <run_address>0x8c0ee</run_address>
         <size>0x11</size>
         <input_file_ref idref="fl-15"/>
      </object_component>
      <object_component id="oc-314">
         <name>.text:_ti_sysbios_BIOS_rtsLock__I</name>
         <load_address>0x8c0ff</load_address>
         <run_address>0x8c0ff</run_address>
         <size>0x10</size>
         <input_file_ref idref="fl-15"/>
      </object_component>
      <object_component id="oc-3ad">
         <name>.text:_ti_sysbios_family_c28_Hwi_enableIER__E</name>
         <load_address>0x8c10f</load_address>
         <run_address>0x8c10f</run_address>
         <size>0x10</size>
         <input_file_ref idref="fl-15"/>
      </object_component>
      <object_component id="oc-41c">
         <name>.text:_ti_sysbios_family_c28_Timer_stop__E</name>
         <load_address>0x8c11f</load_address>
         <run_address>0x8c11f</run_address>
         <size>0x10</size>
         <input_file_ref idref="fl-21"/>
      </object_component>
      <object_component id="oc-443">
         <name>.text:_ti_sysbios_knl_Task_restoreHwi__E</name>
         <load_address>0x8c12f</load_address>
         <run_address>0x8c12f</run_address>
         <size>0x10</size>
         <input_file_ref idref="fl-21"/>
      </object_component>
      <object_component id="oc-3f0">
         <name>.text:_xdc_runtime_SysMin_Module_startup__E</name>
         <load_address>0x8c13f</load_address>
         <run_address>0x8c13f</run_address>
         <size>0x10</size>
         <input_file_ref idref="fl-31"/>
      </object_component>
      <object_component id="oc-290">
         <name>.text:_ti_sysbios_BIOS_startFunc__I</name>
         <load_address>0x8c14f</load_address>
         <run_address>0x8c14f</run_address>
         <size>0xf</size>
         <input_file_ref idref="fl-15"/>
      </object_component>
      <object_component id="oc-32f">
         <name>.text:_ti_sysbios_gates_GateMutex_Instance_init__E</name>
         <load_address>0x8c15e</load_address>
         <run_address>0x8c15e</run_address>
         <size>0xf</size>
         <input_file_ref idref="fl-21"/>
      </object_component>
      <object_component id="oc-3c2">
         <name>.text:_ti_sysbios_knl_Semaphore_Object__destruct__S</name>
         <load_address>0x8c16d</load_address>
         <run_address>0x8c16d</run_address>
         <size>0xf</size>
         <input_file_ref idref="fl-15"/>
      </object_component>
      <object_component id="oc-2b8">
         <name>.text:_xdc_runtime_LoggerBuf_write2__E</name>
         <load_address>0x8c17c</load_address>
         <run_address>0x8c17c</run_address>
         <size>0xf</size>
         <input_file_ref idref="fl-2d"/>
      </object_component>
      <object_component id="oc-42e">
         <name>.text:_xdc_runtime_Registry_findById__E</name>
         <load_address>0x8c18b</load_address>
         <run_address>0x8c18b</run_address>
         <size>0xf</size>
         <input_file_ref idref="fl-35"/>
      </object_component>
      <object_component id="oc-43d">
         <name>.text:_xdc_runtime_Text_visitRope__I</name>
         <load_address>0x8c19a</load_address>
         <run_address>0x8c19a</run_address>
         <size>0xf</size>
         <input_file_ref idref="fl-15"/>
      </object_component>
      <object_component id="oc-352">
         <name>.text:_ti_sysbios_family_c28_f2837x_TimestampProvider_get64__E</name>
         <load_address>0x8c1a9</load_address>
         <run_address>0x8c1a9</run_address>
         <size>0xe</size>
         <input_file_ref idref="fl-21"/>
      </object_component>
      <object_component id="oc-3fa">
         <name>.text:_ti_sysbios_knl_Queue_Object__destruct__S</name>
         <load_address>0x8c1b7</load_address>
         <run_address>0x8c1b7</run_address>
         <size>0xe</size>
         <input_file_ref idref="fl-15"/>
      </object_component>
      <object_component id="oc-3d5">
         <name>.text:_xdc_runtime_IHeap_alloc</name>
         <load_address>0x8c1c5</load_address>
         <run_address>0x8c1c5</run_address>
         <size>0xe</size>
         <input_file_ref idref="fl-15"/>
      </object_component>
      <object_component id="oc-258">
         <name>.text</name>
         <load_address>0x8c1d3</load_address>
         <run_address>0x8c1d3</run_address>
         <size>0xe</size>
         <input_file_ref idref="fl-62"/>
      </object_component>
      <object_component id="oc-2c2">
         <name>.text:_ti_sysbios_BIOS_registerRTSLock__I</name>
         <load_address>0x8c1e1</load_address>
         <run_address>0x8c1e1</run_address>
         <size>0xd</size>
         <input_file_ref idref="fl-15"/>
      </object_component>
      <object_component id="oc-2c7">
         <name>.text:_ti_sysbios_BIOS_removeRTSLock__I</name>
         <load_address>0x8c1ee</load_address>
         <run_address>0x8c1ee</run_address>
         <size>0xd</size>
         <input_file_ref idref="fl-15"/>
      </object_component>
      <object_component id="oc-434">
         <name>.text:_ti_sysbios_family_c28_Hwi_dispatchC__I</name>
         <load_address>0x8c1fb</load_address>
         <run_address>0x8c1fb</run_address>
         <size>0xd</size>
         <input_file_ref idref="fl-21"/>
      </object_component>
      <object_component id="oc-3b1">
         <name>.text:_ti_sysbios_family_c28_Hwi_restoreIER__E</name>
         <load_address>0x8c208</load_address>
         <run_address>0x8c208</run_address>
         <size>0xd</size>
         <input_file_ref idref="fl-15"/>
      </object_component>
      <object_component id="oc-427">
         <name>.text:_ti_sysbios_knl_Task_SupportProxy_start__E</name>
         <load_address>0x8c215</load_address>
         <run_address>0x8c215</run_address>
         <size>0xd</size>
         <input_file_ref idref="fl-15"/>
      </object_component>
      <object_component id="oc-426">
         <name>.text:_ti_sysbios_knl_Task_enter__I</name>
         <load_address>0x8c222</load_address>
         <run_address>0x8c222</run_address>
         <size>0xd</size>
         <input_file_ref idref="fl-21"/>
      </object_component>
      <object_component id="oc-2b6">
         <name>.text:_xdc_runtime_LoggerBuf_write0__E</name>
         <load_address>0x8c22f</load_address>
         <run_address>0x8c22f</run_address>
         <size>0xd</size>
         <input_file_ref idref="fl-2d"/>
      </object_component>
      <object_component id="oc-2b7">
         <name>.text:_xdc_runtime_LoggerBuf_write1__E</name>
         <load_address>0x8c23c</load_address>
         <run_address>0x8c23c</run_address>
         <size>0xd</size>
         <input_file_ref idref="fl-2d"/>
      </object_component>
      <object_component id="oc-3a5">
         <name>.text:_xdc_runtime_Memory_HeapProxy_alloc__E</name>
         <load_address>0x8c249</load_address>
         <run_address>0x8c249</run_address>
         <size>0xd</size>
         <input_file_ref idref="fl-15"/>
      </object_component>
      <object_component id="oc-395">
         <name>.text:_xdc_runtime_System_abort__E</name>
         <load_address>0x8c256</load_address>
         <run_address>0x8c256</run_address>
         <size>0xd</size>
         <input_file_ref idref="fl-30"/>
      </object_component>
      <object_component id="oc-3ca">
         <name>.text</name>
         <load_address>0x8c263</load_address>
         <run_address>0x8c263</run_address>
         <size>0xd</size>
         <input_file_ref idref="fl-57"/>
      </object_component>
      <object_component id="oc-291">
         <name>.text:_ti_sysbios_BIOS_exitFunc__I</name>
         <load_address>0x8c270</load_address>
         <run_address>0x8c270</run_address>
         <size>0xc</size>
         <input_file_ref idref="fl-15"/>
      </object_component>
      <object_component id="oc-2da">
         <name>.text:_ti_sysbios_gates_GateMutex_leave__E</name>
         <load_address>0x8c27c</load_address>
         <run_address>0x8c27c</run_address>
         <size>0xc</size>
         <input_file_ref idref="fl-21"/>
      </object_component>
      <object_component id="oc-3bb">
         <name>.text:_ti_sysbios_knl_Queue_put__E</name>
         <load_address>0x8c288</load_address>
         <run_address>0x8c288</run_address>
         <size>0xc</size>
         <input_file_ref idref="fl-21"/>
      </object_component>
      <object_component id="oc-380">
         <name>.text:_ti_sysbios_knl_Task_enabled__E</name>
         <load_address>0x8c294</load_address>
         <run_address>0x8c294</run_address>
         <size>0xc</size>
         <input_file_ref idref="fl-21"/>
      </object_component>
      <object_component id="oc-30b">
         <name>.text:_xdc_runtime_Error_check__E</name>
         <load_address>0x8c2a0</load_address>
         <run_address>0x8c2a0</run_address>
         <size>0xc</size>
         <input_file_ref idref="fl-2b"/>
      </object_component>
      <object_component id="oc-3fd">
         <name>.text:_xdc_runtime_System_aprintf__E</name>
         <load_address>0x8c2ac</load_address>
         <run_address>0x8c2ac</run_address>
         <size>0xc</size>
         <input_file_ref idref="fl-15"/>
      </object_component>
      <object_component id="oc-3fe">
         <name>.text:_xdc_runtime_System_printf__E</name>
         <load_address>0x8c2b8</load_address>
         <run_address>0x8c2b8</run_address>
         <size>0xc</size>
         <input_file_ref idref="fl-15"/>
      </object_component>
      <object_component id="oc-346">
         <name>.text</name>
         <load_address>0x8c2c4</load_address>
         <run_address>0x8c2c4</run_address>
         <size>0xc</size>
         <input_file_ref idref="fl-4d"/>
      </object_component>
      <object_component id="oc-3c8">
         <name>.text</name>
         <load_address>0x8c2d0</load_address>
         <run_address>0x8c2d0</run_address>
         <size>0xc</size>
         <input_file_ref idref="fl-58"/>
      </object_component>
      <object_component id="oc-43c">
         <name>.text:_ti_sysbios_family_c28_Hwi_Module__startupDone__F</name>
         <load_address>0x8c2dc</load_address>
         <run_address>0x8c2dc</run_address>
         <size>0xb</size>
         <input_file_ref idref="fl-15"/>
      </object_component>
      <object_component id="oc-436">
         <name>.text:_ti_sysbios_family_c28_Timer_Module__startupDone__F</name>
         <load_address>0x8c2e7</load_address>
         <run_address>0x8c2e7</run_address>
         <size>0xb</size>
         <input_file_ref idref="fl-15"/>
      </object_component>
      <object_component id="oc-429">
         <name>.text:_ti_sysbios_knl_Task_unblock__E</name>
         <load_address>0x8c2f2</load_address>
         <run_address>0x8c2f2</run_address>
         <size>0xb</size>
         <input_file_ref idref="fl-21"/>
      </object_component>
      <object_component id="oc-30c">
         <name>.text:_xdc_runtime_LoggerBuf_Instance_finalize__E</name>
         <load_address>0x8c2fd</load_address>
         <run_address>0x8c2fd</run_address>
         <size>0xb</size>
         <input_file_ref idref="fl-2d"/>
      </object_component>
      <object_component id="oc-2e4">
         <name>.text:_xdc_runtime_Startup_exec__I</name>
         <load_address>0x8c308</load_address>
         <run_address>0x8c308</run_address>
         <size>0xb</size>
         <input_file_ref idref="fl-15"/>
      </object_component>
      <object_component id="oc-33c">
         <name>.text:_xdc_runtime_SysMin_exit__E</name>
         <load_address>0x8c313</load_address>
         <run_address>0x8c313</run_address>
         <size>0xb</size>
         <input_file_ref idref="fl-31"/>
      </object_component>
      <object_component id="oc-288">
         <name>.text:_xdc_runtime_System_exit__E</name>
         <load_address>0x8c31e</load_address>
         <run_address>0x8c31e</run_address>
         <size>0xb</size>
         <input_file_ref idref="fl-30"/>
      </object_component>
      <object_component id="oc-1c7">
         <name>.text</name>
         <load_address>0x8c329</load_address>
         <run_address>0x8c329</run_address>
         <size>0xb</size>
         <input_file_ref idref="fl-46"/>
      </object_component>
      <object_component id="oc-29a">
         <name>.text:.bootCodeSection:_ti_catalog_c2800_initF2837x_Boot_init</name>
         <load_address>0x8c334</load_address>
         <run_address>0x8c334</run_address>
         <size>0xa</size>
         <input_file_ref idref="fl-15"/>
      </object_component>
      <object_component id="oc-3d4">
         <name>.text:_xdc_runtime_IHeap_free</name>
         <load_address>0x8c33e</load_address>
         <run_address>0x8c33e</run_address>
         <size>0xa</size>
         <input_file_ref idref="fl-15"/>
      </object_component>
      <object_component id="oc-347">
         <name>.text:_xdc_runtime_Memory_free__E</name>
         <load_address>0x8c348</load_address>
         <run_address>0x8c348</run_address>
         <size>0xa</size>
         <input_file_ref idref="fl-2e"/>
      </object_component>
      <object_component id="oc-431">
         <name>.text:_xdc_runtime_System_vsnprintf__E</name>
         <load_address>0x8c352</load_address>
         <run_address>0x8c352</run_address>
         <size>0xa</size>
         <input_file_ref idref="fl-30"/>
      </object_component>
      <object_component id="oc-34d">
         <name>.text:_xdc_runtime_Text_ropeText__E</name>
[...]
      </symbol>
      <symbol id="sm-ca5">
         <name>_xdc_runtime_LoggerBuf_Module_startup__E</name>
         <value>0x8be93</value>
         <object_component_ref idref="oc-3ee"/>
      </symbol>
      <symbol id="sm-ca6">
         <name>_xdc_runtime_LoggerBuf_reset__E</name>
         <value>0x8beab</value>
         <object_component_ref idref="oc-355"/>
      </symbol>
      <symbol id="sm-ca7">
         <name>_xdc_runtime_LoggerBuf_Instance_finalize__E</name>
         <value>0x8c2fd</value>
         <object_component_ref idref="oc-30c"/>
      </symbol>
      <symbol id="sm-ca8">
         <name>_xdc_runtime_LoggerBuf_write4__E</name>
         <value>0x8a7ee</value>
         <object_component_ref idref="oc-2b9"/>
      </symbol>
      <symbol id="sm-ca9">
         <name>_xdc_runtime_LoggerBuf_getFilterLevel__E</name>
         <value>0x8b46e</value>
         <object_component_ref idref="oc-2bc"/>
      </symbol>
      <symbol id="sm-caa">
         <name>_xdc_runtime_LoggerBuf_disable__E</name>
         <value>0x8c4a8</value>
         <object_component_ref idref="oc-2b5"/>
      </symbol>
      <symbol id="sm-cab">
         <name>_xdc_runtime_LoggerBuf_setFilterLevel__E</name>
         <value>0x8b4ab</value>
         <object_component_ref idref="oc-2bb"/>
      </symbol>
      <symbol id="sm-cac">
         <name>_xdc_runtime_LoggerBuf_write8__E</name>
         <value>0x89f2a</value>
         <object_component_ref idref="oc-2ba"/>
      </symbol>
      <symbol id="sm-cad">
         <name>_xdc_runtime_LoggerBuf_write2__E</name>
         <value>0x8c17c</value>
         <object_component_ref idref="oc-2b8"/>
      </symbol>
      <symbol id="sm-cae">
         <name>_LoggerBuf_instanceStartup</name>
         <value>0x8beab</value>
         <object_component_ref idref="oc-355"/>
      </symbol>
      <symbol id="sm-caf">
         <name>_xdc_runtime_LoggerBuf_filterOutEvent__I</name>
         <value>0x8bac4</value>
         <object_component_ref idref="oc-300"/>
      </symbol>
      <symbol id="sm-cb0">
         <name>_xdc_runtime_LoggerBuf_write1__E</name>
         <value>0x8c23c</value>
         <object_component_ref idref="oc-2b7"/>
      </symbol>
      <symbol id="sm-cb1">
         <name>_xdc_runtime_LoggerBuf_enable__E</name>
         <value>0x8c476</value>
         <object_component_ref idref="oc-2b4"/>
      </symbol>
      <symbol id="sm-ccd">
         <name>_xdc_runtime_Memory_calloc__E</name>
         <value>0x8c3cb</value>
         <object_component_ref idref="oc-345"/>
      </symbol>
      <symbol id="sm-cce">
         <name>_xdc_runtime_Memory_free__E</name>
         <value>0x8c348</value>
         <object_component_ref idref="oc-347"/>
      </symbol>
      <symbol id="sm-ccf">
         <name>_xdc_runtime_Memory_valloc__E</name>
         <value>0x8bf93</value>
         <object_component_ref idref="oc-39f"/>
      </symbol>
      <symbol id="sm-cd0">
         <name>_xdc_runtime_Memory_alloc__E</name>
         <value>0x8b0dd</value>
         <object_component_ref idref="oc-354"/>
      </symbol>
      <symbol id="sm-cd1">
         <name>_xdc_runtime_Memory_getMaxDefaultTypeAlign__E</name>
         <value>0x8c4be</value>
         <object_component_ref idref="oc-3a4"/>
      </symbol>
      <symbol id="sm-cf2">
         <name>_xdc_runtime_Startup_startMods__I</name>
         <value>0x8ab8b</value>
         <object_component_ref idref="oc-39b"/>
      </symbol>
      <symbol id="sm-cf3">
         <name>_xdc_runtime_Startup_exec__E</name>
         <value>0x8b6c7</value>
         <object_component_ref idref="oc-286"/>
      </symbol>
      <symbol id="sm-d78">
         <name>_xdc_runtime_System_formatNum__I</name>
         <value>0x8b376</value>
         <object_component_ref idref="oc-440"/>
      </symbol>
      <symbol id="sm-d79">
         <name>_xdc_runtime_System_exit__E</name>
         <value>0x8c31e</value>
         <object_component_ref idref="oc-288"/>
      </symbol>
      <symbol id="sm-d7a">
         <name>_xdc_runtime_System_exitStd__E</name>
         <value>0x8c4f8</value>
         <object_component_ref idref="oc-2e7"/>
      </symbol>
      <symbol id="sm-d7b">
         <name>_xdc_runtime_System_printf_va__F</name>
         <value>0x8be30</value>
         <object_component_ref idref="oc-417"/>
      </symbol>
      <symbol id="sm-d7c">
         <name>_xdc_runtime_System_atexit__E</name>
         <value>0x8bae5</value>
         <object_component_ref idref="oc-2c1"/>
      </symbol>
      <symbol id="sm-d7d">
         <name>_xdc_runtime_System_abortStd__E</name>
         <value>0x8c4f5</value>
         <object_component_ref idref="oc-3e5"/>
      </symbol>
      <symbol id="sm-d7e">
         <name>_xdc_runtime_System_putchar__I</name>
         <value>0x8bd80</value>
         <object_component_ref idref="oc-441"/>
      </symbol>
      <symbol id="sm-d7f">
         <name>_xdc_runtime_System_snprintf_va__F</name>
         <value>0x8c352</value>
         <object_component_ref idref="oc-431"/>
      </symbol>
      <symbol id="sm-d80">
         <name>_xdc_runtime_System_Module_startup__E</name>
         <value>0x8c4ef</value>
         <object_component_ref idref="oc-3ef"/>
      </symbol>
      <symbol id="sm-d81">
         <name>_xdc_runtime_System_avprintf__E</name>
         <value>0x8bd66</value>
         <object_component_ref idref="oc-416"/>
      </symbol>
      <symbol id="sm-d82">
         <name>_xdc_runtime_System_vprintf__E</name>
         <value>0x8be30</value>
         <object_component_ref idref="oc-417"/>
      </symbol>
      <symbol id="sm-d83">
         <name>_xdc_runtime_System_aprintf_va__F</name>
         <value>0x8bd66</value>
         <object_component_ref idref="oc-416"/>
      </symbol>
      <symbol id="sm-d84">
         <name>_xdc_runtime_System_doPrint__I</name>
         <value>0x8916f</value>
         <object_component_ref idref="oc-433"/>
      </symbol>
      <symbol id="sm-d85">
         <name>_xdc_runtime_System_processAtExit__E</name>
         <value>0x8ba37</value>
         <object_component_ref idref="oc-29f"/>
      </symbol>
      <symbol id="sm-d86">
         <name>_xdc_runtime_System_vsnprintf__E</name>
         <value>0x8c352</value>
         <object_component_ref idref="oc-431"/>
      </symbol>
      <symbol id="sm-d87">
         <name>_xdc_runtime_System_abort__E</name>
         <value>0x8c256</value>
         <object_component_ref idref="oc-395"/>
      </symbol>
      <symbol id="sm-da7">
         <name>_xdc_runtime_SysMin_abort__E</name>
         <value>0x8bfd6</value>
         <object_component_ref idref="oc-3e4"/>
      </symbol>
      <symbol id="sm-da8">
         <name>_xdc_runtime_SysMin_ready__E</name>
         <value>0x8c3d3</value>
         <object_component_ref idref="oc-43e"/>
      </symbol>
      <symbol id="sm-da9">
         <name>_xdc_runtime_SysMin_flush__E</name>
         <value>0x8b970</value>
         <object_component_ref idref="oc-39e"/>
      </symbol>
      <symbol id="sm-daa">
         <name>_xdc_runtime_SysMin_Module_startup__E</name>
         <value>0x8c13f</value>
         <object_component_ref idref="oc-3f0"/>
      </symbol>
      <symbol id="sm-dab">
         <name>_xdc_runtime_SysMin_putch__E</name>
         <value>0x8bbc3</value>
         <object_component_ref idref="oc-3ed"/>
      </symbol>
      <symbol id="sm-dac">
         <name>_xdc_runtime_SysMin_exit__E</name>
         <value>0x8c313</value>
         <object_component_ref idref="oc-33c"/>
      </symbol>
      <symbol id="sm-df3">
         <name>_xdc_runtime_Text_putLab__E</name>
         <value>0x8b185</value>
         <object_component_ref idref="oc-44f"/>
      </symbol>
      <symbol id="sm-df4">
         <name>_xdc_runtime_Text_printVisFxn__I</name>
         <value>0x8be49</value>
         <object_component_ref idref="oc-430"/>
      </symbol>
      <symbol id="sm-df5">
         <name>_xdc_runtime_Text_putMod__E</name>
         <value>0x8b3f3</value>
         <object_component_ref idref="oc-414"/>
      </symbol>
      <symbol id="sm-df6">
         <name>_xdc_runtime_Text_cordText__E</name>
         <value>0x8c04e</value>
         <object_component_ref idref="oc-348"/>
      </symbol>
      <symbol id="sm-df7">
         <name>_xdc_runtime_Text_xprintf__I</name>
         <value>0x8b999</value>
         <object_component_ref idref="oc-415"/>
      </symbol>
      <symbol id="sm-df8">
         <name>_xdc_runtime_Text_visitRope2__I</name>
         <value>0x8b695</value>
         <object_component_ref idref="oc-448"/>
      </symbol>
      <symbol id="sm-df9">
         <name>_xdc_runtime_Text_ropeText__E</name>
         <value>0x8c35c</value>
         <object_component_ref idref="oc-34d"/>
      </symbol>
      <symbol id="sm-dfa">
         <name>_xdc_runtime_Text_putSite__E</name>
         <value>0x8ad5c</value>
         <object_component_ref idref="oc-3fc"/>
      </symbol>
      <symbol id="sm-e07">
         <name>___xdc__init</name>
         <value>0x8c4c5</value>
         <object_component_ref idref="oc-289"/>
      </symbol>
      <symbol id="sm-e29">
         <name>_xdc_runtime_Registry_findById__E</name>
         <value>0x8c18b</value>
         <object_component_ref idref="oc-42e"/>
      </symbol>
      <symbol id="sm-e43">
         <name>_c_int00</name>
         <value>0x8af09</value>
         <object_component_ref idref="oc-77"/>
      </symbol>
      <symbol id="sm-e44">
         <name>__stack</name>
         <value>0x8000</value>
         <object_component_ref idref="oc-1ae"/>
      </symbol>
      <symbol id="sm-e5c">
         <name>_ti_catalog_c2800_initF2837x_Boot_initFlash</name>
         <value>0xb000</value>
         <object_component_ref idref="oc-399"/>
      </symbol>
      <symbol id="sm-e5d">
         <name>_ti_catalog_c2800_initF2837x_Boot_defaultLimpAbortFunction</name>
         <value>0x8a6cb</value>
         <object_component_ref idref="oc-396"/>
      </symbol>
      <symbol id="sm-e5e">
         <name>_ti_catalog_c2800_initF2837x_Boot_configurePllDivs</name>
         <value>0x8b2ac</value>
         <object_component_ref idref="oc-2e1"/>
      </symbol>
      <symbol id="sm-e5f">
         <name>_ti_catalog_c2800_initF2837x_Boot_initSharedRAMs</name>
         <value>0x8c393</value>
         <object_component_ref idref="oc-2e2"/>
      </symbol>
      <symbol id="sm-e70">
         <name>FS$$DIV</name>
         <value>0x8a904</value>
         <object_component_ref idref="oc-1b8"/>
      </symbol>
      <symbol id="sm-e7c">
         <name>LL$$AND</name>
         <value>0x8bec3</value>
         <object_component_ref idref="oc-1bd"/>
      </symbol>
      <symbol id="sm-e7d">
         <name>LL$$OR</name>
         <value>0x8becb</value>
         <object_component_ref idref="oc-1bd"/>
      </symbol>
      <symbol id="sm-e7e">
         <name>LL$$XOR</name>
         <value>0x8bed3</value>
         <object_component_ref idref="oc-1bd"/>
      </symbol>
      <symbol id="sm-eaa">
         <name>ULL$$MOD</name>
         <value>0x89cfb</value>
         <object_component_ref idref="oc-1c2"/>
      </symbol>
      <symbol id="sm-eab">
         <name>ULL$$DIV</name>
         <value>0x89ccc</value>
         <object_component_ref idref="oc-1c2"/>
      </symbol>
      <symbol id="sm-eac">
         <name>LL$$MOD</name>
         <value>0x89c92</value>
         <object_component_ref idref="oc-1c2"/>
      </symbol>
      <symbol id="sm-ead">
         <name>LL$$DIV</name>
         <value>0x89c56</value>
         <object_component_ref idref="oc-1c2"/>
      </symbol>
      <symbol id="sm-eb9">
         <name>U$$MOD</name>
         <value>0x8c32e</value>
         <object_component_ref idref="oc-1c7"/>
      </symbol>
      <symbol id="sm-eba">
         <name>U$$DIV</name>
         <value>0x8c329</value>
         <object_component_ref idref="oc-1c7"/>
      </symbol>
      <symbol id="sm-ec6">
         <name>UL$$MOD</name>
         <value>0x8b940</value>
         <object_component_ref idref="oc-1cc"/>
      </symbol>
      <symbol id="sm-ec7">
         <name>L$$MOD</name>
         <value>0x8b92b</value>
         <object_component_ref idref="oc-1cc"/>
      </symbol>
      <symbol id="sm-ec8">
         <name>L$$DIV</name>
         <value>0x8b91c</value>
         <object_component_ref idref="oc-1cc"/>
      </symbol>
      <symbol id="sm-ec9">
         <name>UL$$DIV</name>
         <value>0x8b939</value>
         <object_component_ref idref="oc-1cc"/>
      </symbol>
      <symbol id="sm-ed8">
         <name>_copy_in</name>
         <value>0x8ba5b</value>
         <object_component_ref idref="oc-285"/>
      </symbol>
      <symbol id="sm-ee9">
         <name>_memcpy</name>
         <value>0x8bbff</value>
         <object_component_ref idref="oc-29b"/>
      </symbol>
      <symbol id="sm-efd">
         <name>C$$EXIT</name>
         <value>0x8b9c2</value>
         <object_component_ref idref="oc-33d"/>
      </symbol>
      <symbol id="sm-efe">
         <name>_exit</name>
         <value>0x8b9c4</value>
         <object_component_ref idref="oc-33d"/>
      </symbol>
      <symbol id="sm-eff">
         <name>___TI_cleanup_ptr</name>
         <value>0xef3a</value>
         <object_component_ref idref="oc-1dd"/>
      </symbol>
      <symbol id="sm-f00">
         <name>___TI_enable_exit_profile_output</name>
         <value>0xef38</value>
         <object_component_ref idref="oc-1dd"/>
      </symbol>
      <symbol id="sm-f01">
         <name>_abort</name>
         <value>0x8b9c2</value>
         <object_component_ref idref="oc-33d"/>
      </symbol>
      <symbol id="sm-f02">
         <name>___TI_dtors_ptr</name>
         <value>0xef3c</value>
         <object_component_ref idref="oc-1dd"/>
      </symbol>
      <symbol id="sm-f16">
         <name>__unlock</name>
         <value>0x10058</value>
         <object_component_ref idref="oc-357"/>
      </symbol>
      <symbol id="sm-f17">
         <name>__lock</name>
         <value>0xef3e</value>
         <object_component_ref idref="oc-358"/>
      </symbol>
      <symbol id="sm-f18">
         <name>__register_lock</name>
         <value>0x8c385</value>
         <object_component_ref idref="oc-30f"/>
      </symbol>
      <symbol id="sm-f19">
         <name>__nop</name>
         <value>0x8c389</value>
         <object_component_ref idref="oc-30f"/>
      </symbol>
      <symbol id="sm-f1a">
         <name>__register_unlock</name>
         <value>0x8c381</value>
         <object_component_ref idref="oc-30f"/>
      </symbol>
      <symbol id="sm-f29">
         <name>__args_main</name>
         <value>0x8be62</value>
         <object_component_ref idref="oc-287"/>
      </symbol>
      <symbol id="sm-f37">
         <name>_memset</name>
         <value>0x8c2c4</value>
         <object_component_ref idref="oc-346"/>
      </symbol>
      <symbol id="sm-f4d">
         <name>_strlen</name>
         <value>0x8c3db</value>
         <object_component_ref idref="oc-333"/>
      </symbol>
      <symbol id="sm-f5a">
         <name>_HOSTwrite</name>
         <value>0x8b559</value>
         <object_component_ref idref="oc-3f8"/>
      </symbol>
      <symbol id="sm-f73">
         <name>___TI_readmsg</name>
         <value>0x8a724</value>
         <object_component_ref idref="oc-413"/>
      </symbol>
      <symbol id="sm-f74">
         <name>C$$IO$$</name>
         <value>0x8a71f</value>
         <object_component_ref idref="oc-413"/>
      </symbol>
      <symbol id="sm-f75">
         <name>__CIOBUF_</name>
         <value>0x8c00</value>
         <object_component_ref idref="oc-201"/>
      </symbol>
      <symbol id="sm-f76">
         <name>___TI_writemsg</name>
         <value>0x8a6cc</value>
         <object_component_ref idref="oc-413"/>
      </symbol>
      <symbol id="sm-f84">
         <name>_vsprintf</name>
         <value>0x8b759</value>
         <object_component_ref idref="oc-332"/>
      </symbol>
      <symbol id="sm-10b0">
         <name>___TI_printfi</name>
         <value>0x88ae2</value>
         <object_component_ref idref="oc-38a"/>
      </symbol>
      <symbol id="sm-10c4">
         <name>_atoi</name>
         <value>0x8b6f8</value>
         <object_component_ref idref="oc-3c4"/>
      </symbol>
      <symbol id="sm-10cc">
         <name>__ctypes_</name>
         <value>0x8391e</value>
         <object_component_ref idref="oc-3e1"/>
      </symbol>
      <symbol id="sm-10da">
         <name>_ltoa</name>
         <value>0x8b813</value>
         <object_component_ref idref="oc-3c5"/>
      </symbol>
      <symbol id="sm-10e9">
         <name>_memccpy</name>
         <value>0x8c263</value>
         <object_component_ref idref="oc-3ca"/>
      </symbol>
      <symbol id="sm-10f8">
         <name>_strchr</name>
         <value>0x8c2d0</value>
         <object_component_ref idref="oc-3c8"/>
      </symbol>
      <symbol id="sm-1105">
         <name>_strcpy</name>
         <value>0x8c4ad</value>
         <object_component_ref idref="oc-3c9"/>
      </symbol>
      <symbol id="sm-1111">
         <name>_parmbuf</name>
         <value>0xef30</value>
         <object_component_ref idref="oc-22e"/>
      </symbol>
      <symbol id="sm-1124">
         <name>_frexpl</name>
         <value>0x8b02c</value>
         <object_component_ref idref="oc-3c6"/>
      </symbol>
      <symbol id="sm-1141">
         <name>_scalbnl</name>
         <value>0x8a17f</value>
         <object_component_ref idref="oc-3c7"/>
      </symbol>
      <symbol id="sm-1142">
         <name>_ldexpl</name>
         <value>0x8a17f</value>
         <object_component_ref idref="oc-3c7"/>
      </symbol>
      <symbol id="sm-115d">
         <name>FD$$ADD</name>
         <value>0x8a594</value>
         <object_component_ref idref="oc-23f"/>
      </symbol>
      <symbol id="sm-116d">
         <name>FD$$CMP</name>
         <value>0x8b8f2</value>
         <object_component_ref idref="oc-244"/>
      </symbol>
      <symbol id="sm-1184">
         <name>FD$$DIV</name>
         <value>0x8a879</value>
         <object_component_ref idref="oc-249"/>
      </symbol>
      <symbol id="sm-1196">
         <name>FD$$MPY</name>
         <value>0x8a98c</value>
         <object_component_ref idref="oc-24e"/>
      </symbol>
      <symbol id="sm-11a3">
         <name>FD$$NEG</name>
         <value>0x8c38a</value>
         <object_component_ref idref="oc-253"/>
      </symbol>
      <symbol id="sm-11af">
         <name>FD$$SUB</name>
         <value>0x8c1d3</value>
         <object_component_ref idref="oc-258"/>
      </symbol>
      <symbol id="sm-11be">
         <name>FD$$TOI</name>
         <value>0x8bb06</value>
         <object_component_ref idref="oc-25d"/>
      </symbol>
      <symbol id="sm-11cd">
         <name>FD$$TOL</name>
         <value>0x8bba4</value>
         <object_component_ref idref="oc-262"/>
      </symbol>
      <symbol id="sm-11db">
         <name>ULL$$CMP</name>
         <value>0x8bbf3</value>
         <object_component_ref idref="oc-267"/>
      </symbol>
      <symbol id="sm-11dc">
         <name>LL$$CMP</name>
         <value>0x8bbe1</value>
         <object_component_ref idref="oc-267"/>
      </symbol>
      <symbol id="sm-11ec">
         <name>I$$TOFD</name>
         <value>0x8bc3a</value>
         <object_component_ref idref="oc-26c"/>
      </symbol>
      <symbol id="sm-11fc">
         <name>L$$TOFD</name>
         <value>0x8bc8f</value>
         <object_component_ref idref="oc-271"/>
      </symbol>
      <symbol id="sm-120c">
         <name>FS$$TOFD</name>
         <value>0x8bc73</value>
         <object_component_ref idref="oc-276"/>
      </symbol>
      <symbol id="sm-1216">
         <name>_errno</name>
         <value>0x10043</value>
         <object_component_ref idref="oc-27d"/>
      </symbol>
      <symbol id="sm-1223">
         <name>_copysignl</name>
         <value>0x8ba7f</value>
         <object_component_ref idref="oc-3e2"/>
      </symbol>
   </symbol_table>
   <title>Link successful</title>
</link_info>
