<?xml version="1.0"?>
<link_info>
   <banner>TMS320C2000 Linker PC v17.6.0.STS</banner>
   <copyright>Copyright (c) 1996-2017 Texas Instruments Incorporated</copyright>
   <link_time>0x5c9e3c1d</link_time>
   <link_errors>0x0</link_errors>
   <output_file>Cheapli_SE420_cpu2.out</output_file>
   <entry_point>
      <name>_c_int00</name>
      <address>0x8ac0d</address>
   </entry_point>
   <input_file_list>
      <input_file id="fl-2">
         <path>.\</path>
         <kind>object</kind>
         <file>F2837xD_Adc.obj</file>
         <name>F2837xD_Adc.obj</name>
      </input_file>
      <input_file id="fl-3">
         <path>.\</path>
         <kind>object</kind>
         <file>F2837xD_CodeStartBranch.obj</file>
         <name>F2837xD_CodeStartBranch.obj</name>
      </input_file>
      <input_file id="fl-4">
         <path>.\</path>
         <kind>object</kind>
         <file>F2837xD_EPwm.obj</file>
         <name>F2837xD_EPwm.obj</name>
      </input_file>
      <input_file id="fl-5">
         <path>.\</path>
         <kind>object</kind>
         <file>F2837xD_GlobalVariableDefs.obj</file>
         <name>F2837xD_GlobalVariableDefs.obj</name>
      </input_file>
      <input_file id="fl-6">
         <path>.\</path>
         <kind>object</kind>
         <file>F2837xD_Gpio.obj</file>
         <name>F2837xD_Gpio.obj</name>
      </input_file>
      <input_file id="fl-7">
         <path>.\</path>
         <kind>object</kind>
         <file>F2837xD_Ipc.obj</file>
         <name>F2837xD_Ipc.obj</name>
      </input_file>
      <input_file id="fl-8">
         <path>.\</path>
         <kind>object</kind>
         <file>F2837xD_Ipc_Driver.obj</file>
         <name>F2837xD_Ipc_Driver.obj</name>
      </input_file>
      <input_file id="fl-9">
         <path>.\</path>
         <kind>object</kind>
         <file>F2837xD_Spi.obj</file>
         <name>F2837xD_Spi.obj</name>
      </input_file>
      <input_file id="fl-a">
         <path>.\</path>
         <kind>object</kind>
         <file>F2837xD_SysCtrl.obj</file>
         <name>F2837xD_SysCtrl.obj</name>
      </input_file>
      <input_file id="fl-b">
         <path>.\</path>
         <kind>object</kind>
         <file>F2837xD_usDelay.obj</file>
         <name>F2837xD_usDelay.obj</name>
      </input_file>
      <input_file id="fl-c">
         <path>.\</path>
         <kind>object</kind>
         <file>f28377sADC.obj</file>
         <name>f28377sADC.obj</name>
      </input_file>
      <input_file id="fl-d">
         <path>.\</path>
         <kind>object</kind>
         <file>f28377sCoecsl.obj</file>
         <name>f28377sCoecsl.obj</name>
      </input_file>
      <input_file id="fl-e">
         <path>.\</path>
         <kind>object</kind>
         <file>f28377sDAC.obj</file>
         <name>f28377sDAC.obj</name>
      </input_file>
      <input_file id="fl-f">
         <path>.\</path>
         <kind>object</kind>
         <file>f28377sEPWM3A.obj</file>
         <name>f28377sEPWM3A.obj</name>
      </input_file>
      <input_file id="fl-10">
         <path>.\</path>
         <kind>object</kind>
         <file>f28377sEqep.obj</file>
         <name>f28377sEqep.obj</name>
      </input_file>
      <input_file id="fl-11">
         <path>.\</path>
         <kind>object</kind>
         <file>f28377sSerial.obj</file>
         <name>f28377sSerial.obj</name>
      </input_file>
      <input_file id="fl-12">
         <path>.\</path>
         <kind>object</kind>
         <file>lcd.obj</file>
         <name>lcd.obj</name>
      </input_file>
      <input_file id="fl-13">
         <path>.\</path>
         <kind>object</kind>
         <file>user_Cheapli_SE420_cpu2.obj</file>
         <name>user_Cheapli_SE420_cpu2.obj</name>
      </input_file>
      <input_file id="fl-15">
         <path>C:\ayush2\repo\trunk\Cheapli_SE420_cpu2\Cheapli_SE420_cpu2Project\Debug\configPkg\package\cfg\</path>
         <kind>object</kind>
         <file>Cheapli_SE420_cpu2_p28FP.o28FP</file>
         <name>Cheapli_SE420_cpu2_p28FP.o28FP</name>
      </input_file>
      <input_file id="fl-20">
         <kind>object</kind>
         <file>&lt;internal&gt;</file>
         <name>&lt;internal&gt;</name>
      </input_file>
      <input_file id="fl-21">
         <path>C:\ayush2\repo\trunk\Cheapli_SE420_cpu2\src\sysbios\</path>
         <kind>archive</kind>
         <file>sysbios.a28FP</file>
         <name>BIOS.obj</name>
      </input_file>
      <input_file id="fl-22">
         <path>C:\ayush2\repo\trunk\Cheapli_SE420_cpu2\src\sysbios\</path>
         <kind>archive</kind>
         <file>sysbios.a28FP</file>
         <name>c28_Hwi_asm.obj</name>
      </input_file>
      <input_file id="fl-23">
         <path>C:\ayush2\repo\trunk\Cheapli_SE420_cpu2\src\sysbios\</path>
         <kind>archive</kind>
         <file>sysbios.a28FP</file>
         <name>c28_Hwi_disp_asm.obj</name>
      </input_file>
      <input_file id="fl-24">
         <path>C:\ayush2\repo\trunk\Cheapli_SE420_cpu2\src\sysbios\</path>
         <kind>archive</kind>
         <file>sysbios.a28FP</file>
         <name>c28_IntrinsicsSupport_asm.obj</name>
      </input_file>
      <input_file id="fl-25">
         <path>C:\ayush2\repo\trunk\Cheapli_SE420_cpu2\src\sysbios\</path>
         <kind>archive</kind>
         <file>sysbios.a28FP</file>
         <name>c28_TaskSupport_asm.obj</name>
      </input_file>
      <input_file id="fl-26">
         <path>C:\CCStudio_v8\tirtos_c2000_2_16_01_14\products\bios_6_45_02_31\packages\ti\targets\rts2800\lib\</path>
         <kind>archive</kind>
         <file>ti.targets.rts2800.a28FP</file>
         <name>Assert.o28FP</name>
      </input_file>
      <input_file id="fl-27">
         <path>C:\CCStudio_v8\tirtos_c2000_2_16_01_14\products\bios_6_45_02_31\packages\ti\targets\rts2800\lib\</path>
         <kind>archive</kind>
         <file>ti.targets.rts2800.a28FP</file>
         <name>Core-mem.o28FP</name>
      </input_file>
      <input_file id="fl-28">
         <path>C:\CCStudio_v8\tirtos_c2000_2_16_01_14\products\bios_6_45_02_31\packages\ti\targets\rts2800\lib\</path>
         <kind>archive</kind>
         <file>ti.targets.rts2800.a28FP</file>
         <name>Core-smem.o28FP</name>
      </input_file>
      <input_file id="fl-29">
         <path>C:\CCStudio_v8\tirtos_c2000_2_16_01_14\products\bios_6_45_02_31\packages\ti\targets\rts2800\lib\</path>
         <kind>archive</kind>
         <file>ti.targets.rts2800.a28FP</file>
         <name>Core-label.o28FP</name>
      </input_file>
      <input_file id="fl-2a">
         <path>C:\CCStudio_v8\tirtos_c2000_2_16_01_14\products\bios_6_45_02_31\packages\ti\targets\rts2800\lib\</path>
         <kind>archive</kind>
         <file>ti.targets.rts2800.a28FP</file>
         <name>Core-params.o28FP</name>
      </input_file>
      <input_file id="fl-2b">
         <path>C:\CCStudio_v8\tirtos_c2000_2_16_01_14\products\bios_6_45_02_31\packages\ti\targets\rts2800\lib\</path>
         <kind>archive</kind>
         <file>ti.targets.rts2800.a28FP</file>
         <name>Error.o28FP</name>
      </input_file>
      <input_file id="fl-2c">
         <path>C:\CCStudio_v8\tirtos_c2000_2_16_01_14\products\bios_6_45_02_31\packages\ti\targets\rts2800\lib\</path>
         <kind>archive</kind>
         <file>ti.targets.rts2800.a28FP</file>
         <name>Gate.o28FP</name>
      </input_file>
      <input_file id="fl-2d">
         <path>C:\CCStudio_v8\tirtos_c2000_2_16_01_14\products\bios_6_45_02_31\packages\ti\targets\rts2800\lib\</path>
         <kind>archive</kind>
         <file>ti.targets.rts2800.a28FP</file>
         <name>LoggerBuf.o28FP</name>
      </input_file>
      <input_file id="fl-2e">
         <path>C:\CCStudio_v8\tirtos_c2000_2_16_01_14\products\bios_6_45_02_31\packages\ti\targets\rts2800\lib\</path>
         <kind>archive</kind>
         <file>ti.targets.rts2800.a28FP</file>
         <name>Memory.o28FP</name>
      </input_file>
      <input_file id="fl-2f">
         <path>C:\CCStudio_v8\tirtos_c2000_2_16_01_14\products\bios_6_45_02_31\packages\ti\targets\rts2800\lib\</path>
         <kind>archive</kind>
         <file>ti.targets.rts2800.a28FP</file>
         <name>Startup.o28FP</name>
      </input_file>
      <input_file id="fl-30">
         <path>C:\CCStudio_v8\tirtos_c2000_2_16_01_14\products\bios_6_45_02_31\packages\ti\targets\rts2800\lib\</path>
         <kind>archive</kind>
         <file>ti.targets.rts2800.a28FP</file>
         <name>System.o28FP</name>
      </input_file>
      <input_file id="fl-31">
         <path>C:\CCStudio_v8\tirtos_c2000_2_16_01_14\products\bios_6_45_02_31\packages\ti\targets\rts2800\lib\</path>
         <kind>archive</kind>
         <file>ti.targets.rts2800.a28FP</file>
         <name>SysMin.o28FP</name>
      </input_file>
      <input_file id="fl-32">
         <path>C:\CCStudio_v8\tirtos_c2000_2_16_01_14\products\bios_6_45_02_31\packages\ti\targets\rts2800\lib\</path>
         <kind>archive</kind>
         <file>ti.targets.rts2800.a28FP</file>
         <name>Text.o28FP</name>
      </input_file>
      <input_file id="fl-33">
         <path>C:\CCStudio_v8\tirtos_c2000_2_16_01_14\products\bios_6_45_02_31\packages\ti\targets\rts2800\lib\</path>
         <kind>archive</kind>
         <file>ti.targets.rts2800.a28FP</file>
         <name>xdc_noinit.o28FP</name>
      </input_file>
      <input_file id="fl-34">
         <path>C:\CCStudio_v8\tirtos_c2000_2_16_01_14\products\bios_6_45_02_31\packages\ti\targets\rts2800\lib\</path>
         <kind>archive</kind>
         <file>ti.targets.rts2800.a28FP</file>
         <name>Log.o28FP</name>
      </input_file>
      <input_file id="fl-35">
         <path>C:\CCStudio_v8\tirtos_c2000_2_16_01_14\products\bios_6_45_02_31\packages\ti\targets\rts2800\lib\</path>
         <kind>archive</kind>
         <file>ti.targets.rts2800.a28FP</file>
         <name>Registry.o28FP</name>
      </input_file>
      <input_file id="fl-36">
         <path>C:\CCStudio_v8\tirtos_c2000_2_16_01_14\products\bios_6_45_02_31\packages\ti\targets\rts2800\lib\</path>
         <kind>archive</kind>
         <file>boot.a28FP</file>
         <name>boot_cg.o28FP</name>
      </input_file>
      <input_file id="fl-37">
         <path>C:\CCStudio_v8\tirtos_c2000_2_16_01_14\products\bios_6_45_02_31\packages\ti\catalog\c2800\initF2837x\lib\</path>
         <kind>archive</kind>
         <file>Boot.a28FP</file>
         <name>Boot.o28FP</name>
      </input_file>
      <input_file id="fl-43">
         <path>C:\CCStudio_v8\ccsv8\tools\compiler\ti-cgt-c2000_17.6.0.STS\lib\</path>
         <kind>archive</kind>
         <file>rts2800_fpu32.lib</file>
         <name>fs_div28.obj</name>
      </input_file>
      <input_file id="fl-44">
         <path>C:\CCStudio_v8\ccsv8\tools\compiler\ti-cgt-c2000_17.6.0.STS\lib\</path>
         <kind>archive</kind>
         <file>rts2800_fpu32.lib</file>
         <name>ll_aox28.obj</name>
      </input_file>
      <input_file id="fl-45">
         <path>C:\CCStudio_v8\ccsv8\tools\compiler\ti-cgt-c2000_17.6.0.STS\lib\</path>
         <kind>archive</kind>
         <file>rts2800_fpu32.lib</file>
         <name>ll_div28.obj</name>
      </input_file>
      <input_file id="fl-46">
         <path>C:\CCStudio_v8\ccsv8\tools\compiler\ti-cgt-c2000_17.6.0.STS\lib\</path>
         <kind>archive</kind>
         <file>rts2800_fpu32.lib</file>
         <name>u_div28.obj</name>
      </input_file>
      <input_file id="fl-47">
         <path>C:\CCStudio_v8\ccsv8\tools\compiler\ti-cgt-c2000_17.6.0.STS\lib\</path>
         <kind>archive</kind>
         <file>rts2800_fpu32.lib</file>
         <name>l_div28.obj</name>
      </input_file>
      <input_file id="fl-48">
         <path>C:\CCStudio_v8\ccsv8\tools\compiler\ti-cgt-c2000_17.6.0.STS\lib\</path>
         <kind>archive</kind>
         <file>rts2800_fpu32.lib</file>
         <name>cpy_tbl.obj</name>
      </input_file>
      <input_file id="fl-49">
         <path>C:\CCStudio_v8\ccsv8\tools\compiler\ti-cgt-c2000_17.6.0.STS\lib\</path>
         <kind>archive</kind>
         <file>rts2800_fpu32.lib</file>
         <name>memcpy.obj</name>
      </input_file>
      <input_file id="fl-4a">
         <path>C:\CCStudio_v8\ccsv8\tools\compiler\ti-cgt-c2000_17.6.0.STS\lib\</path>
         <kind>archive</kind>
         <file>rts2800_fpu32.lib</file>
         <name>exit.obj</name>
      </input_file>
      <input_file id="fl-4b">
         <path>C:\CCStudio_v8\ccsv8\tools\compiler\ti-cgt-c2000_17.6.0.STS\lib\</path>
         <kind>archive</kind>
         <file>rts2800_fpu32.lib</file>
         <name>_lock.obj</name>
      </input_file>
      <input_file id="fl-4c">
         <path>C:\CCStudio_v8\ccsv8\tools\compiler\ti-cgt-c2000_17.6.0.STS\lib\</path>
         <kind>archive</kind>
         <file>rts2800_fpu32.lib</file>
         <name>args_main.obj</name>
      </input_file>
      <input_file id="fl-4d">
         <path>C:\CCStudio_v8\ccsv8\tools\compiler\ti-cgt-c2000_17.6.0.STS\lib\</path>
         <kind>archive</kind>
         <file>rts2800_fpu32.lib</file>
         <name>memset.obj</name>
      </input_file>
      <input_file id="fl-4e">
         <path>C:\CCStudio_v8\ccsv8\tools\compiler\ti-cgt-c2000_17.6.0.STS\lib\</path>
         <kind>archive</kind>
         <file>rts2800_fpu32.lib</file>
         <name>strcmp.obj</name>
      </input_file>
      <input_file id="fl-4f">
         <path>C:\CCStudio_v8\ccsv8\tools\compiler\ti-cgt-c2000_17.6.0.STS\lib\</path>
         <kind>archive</kind>
         <file>rts2800_fpu32.lib</file>
         <name>strlen.obj</name>
      </input_file>
      <input_file id="fl-50">
         <path>C:\CCStudio_v8\ccsv8\tools\compiler\ti-cgt-c2000_17.6.0.STS\lib\</path>
         <kind>archive</kind>
         <file>rts2800_fpu32.lib</file>
         <name>hostwrite.obj</name>
      </input_file>
      <input_file id="fl-51">
         <path>C:\CCStudio_v8\ccsv8\tools\compiler\ti-cgt-c2000_17.6.0.STS\lib\</path>
         <kind>archive</kind>
         <file>rts2800_fpu32.lib</file>
         <name>trgmsg.obj</name>
      </input_file>
      <input_file id="fl-52">
         <path>C:\CCStudio_v8\ccsv8\tools\compiler\ti-cgt-c2000_17.6.0.STS\lib\</path>
         <kind>archive</kind>
         <file>rts2800_fpu32.lib</file>
         <name>vsprintf.obj</name>
      </input_file>
      <input_file id="fl-53">
         <path>C:\CCStudio_v8\ccsv8\tools\compiler\ti-cgt-c2000_17.6.0.STS\lib\</path>
         <kind>archive</kind>
         <file>rts2800_fpu32.lib</file>
         <name>_printfi.obj</name>
      </input_file>
      <input_file id="fl-54">
         <path>C:\CCStudio_v8\ccsv8\tools\compiler\ti-cgt-c2000_17.6.0.STS\lib\</path>
         <kind>archive</kind>
         <file>rts2800_fpu32.lib</file>
         <name>atoi.obj</name>
      </input_file>
      <input_file id="fl-55">
         <path>C:\CCStudio_v8\ccsv8\tools\compiler\ti-cgt-c2000_17.6.0.STS\lib\</path>
         <kind>archive</kind>
         <file>rts2800_fpu32.lib</file>
         <name>ctype.obj</name>
      </input_file>
      <input_file id="fl-56">
         <path>C:\CCStudio_v8\ccsv8\tools\compiler\ti-cgt-c2000_17.6.0.STS\lib\</path>
         <kind>archive</kind>
         <file>rts2800_fpu32.lib</file>
         <name>ltoa.obj</name>
      </input_file>
      <input_file id="fl-57">
         <path>C:\CCStudio_v8\ccsv8\tools\compiler\ti-cgt-c2000_17.6.0.STS\lib\</path>
         <kind>archive</kind>
         <file>rts2800_fpu32.lib</file>
         <name>memccpy.obj</name>
      </input_file>
      <input_file id="fl-58">
         <path>C:\CCStudio_v8\ccsv8\tools\compiler\ti-cgt-c2000_17.6.0.STS\lib\</path>
         <kind>archive</kind>
         <file>rts2800_fpu32.lib</file>
         <name>strchr.obj</name>
      </input_file>
      <input_file id="fl-59">
         <path>C:\CCStudio_v8\ccsv8\tools\compiler\ti-cgt-c2000_17.6.0.STS\lib\</path>
         <kind>archive</kind>
         <file>rts2800_fpu32.lib</file>
         <name>strcpy.obj</name>
      </input_file>
      <input_file id="fl-5a">
         <path>C:\CCStudio_v8\ccsv8\tools\compiler\ti-cgt-c2000_17.6.0.STS\lib\</path>
         <kind>archive</kind>
         <file>rts2800_fpu32.lib</file>
         <name>hostopen.obj</name>
      </input_file>
      <input_file id="fl-5b">
         <path>C:\CCStudio_v8\ccsv8\tools\compiler\ti-cgt-c2000_17.6.0.STS\lib\</path>
         <kind>archive</kind>
         <file>rts2800_fpu32.lib</file>
         <name>s_frexp.obj</name>
      </input_file>
      <input_file id="fl-5c">
         <path>C:\CCStudio_v8\ccsv8\tools\compiler\ti-cgt-c2000_17.6.0.STS\lib\</path>
         <kind>archive</kind>
         <file>rts2800_fpu32.lib</file>
         <name>s_scalbn.obj</name>
      </input_file>
      <input_file id="fl-5d">
         <path>C:\CCStudio_v8\ccsv8\tools\compiler\ti-cgt-c2000_17.6.0.STS\lib\</path>
         <kind>archive</kind>
         <file>rts2800_fpu32.lib</file>
         <name>fd_add28.obj</name>
      </input_file>
      <input_file id="fl-5e">
         <path>C:\CCStudio_v8\ccsv8\tools\compiler\ti-cgt-c2000_17.6.0.STS\lib\</path>
         <kind>archive</kind>
         <file>rts2800_fpu32.lib</file>
         <name>fd_cmp28.obj</name>
      </input_file>
      <input_file id="fl-5f">
         <path>C:\CCStudio_v8\ccsv8\tools\compiler\ti-cgt-c2000_17.6.0.STS\lib\</path>
         <kind>archive</kind>
         <file>rts2800_fpu32.lib</file>
         <name>fd_div28.obj</name>
      </input_file>
      <input_file id="fl-60">
         <path>C:\CCStudio_v8\ccsv8\tools\compiler\ti-cgt-c2000_17.6.0.STS\lib\</path>
         <kind>archive</kind>
         <file>rts2800_fpu32.lib</file>
         <name>fd_mpy28.obj</name>
      </input_file>
      <input_file id="fl-61">
         <path>C:\CCStudio_v8\ccsv8\tools\compiler\ti-cgt-c2000_17.6.0.STS\lib\</path>
         <kind>archive</kind>
         <file>rts2800_fpu32.lib</file>
         <name>fd_neg28.obj</name>
      </input_file>
      <input_file id="fl-62">
         <path>C:\CCStudio_v8\ccsv8\tools\compiler\ti-cgt-c2000_17.6.0.STS\lib\</path>
         <kind>archive</kind>
         <file>rts2800_fpu32.lib</file>
         <name>fd_sub28.obj</name>
      </input_file>
      <input_file id="fl-63">
         <path>C:\CCStudio_v8\ccsv8\tools\compiler\ti-cgt-c2000_17.6.0.STS\lib\</path>
         <kind>archive</kind>
         <file>rts2800_fpu32.lib</file>
         <name>fd_toi28.obj</name>
      </input_file>
      <input_file id="fl-64">
         <path>C:\CCStudio_v8\ccsv8\tools\compiler\ti-cgt-c2000_17.6.0.STS\lib\</path>
         <kind>archive</kind>
         <file>rts2800_fpu32.lib</file>
         <name>fd_tol28.obj</name>
      </input_file>
      <input_file id="fl-65">
         <path>C:\CCStudio_v8\ccsv8\tools\compiler\ti-cgt-c2000_17.6.0.STS\lib\</path>
         <kind>archive</kind>
         <file>rts2800_fpu32.lib</file>
         <name>ll_cmp28.obj</name>
      </input_file>
      <input_file id="fl-66">
         <path>C:\CCStudio_v8\ccsv8\tools\compiler\ti-cgt-c2000_17.6.0.STS\lib\</path>
         <kind>archive</kind>
         <file>rts2800_fpu32.lib</file>
         <name>i_tofd28.obj</name>
      </input_file>
      <input_file id="fl-67">
         <path>C:\CCStudio_v8\ccsv8\tools\compiler\ti-cgt-c2000_17.6.0.STS\lib\</path>
         <kind>archive</kind>
         <file>rts2800_fpu32.lib</file>
         <name>l_tofd28.obj</name>
      </input_file>
      <input_file id="fl-68">
         <path>C:\CCStudio_v8\ccsv8\tools\compiler\ti-cgt-c2000_17.6.0.STS\lib\</path>
         <kind>archive</kind>
         <file>rts2800_fpu32.lib</file>
         <name>fs_tofdfpu32.obj</name>
      </input_file>
      <input_file id="fl-69">
         <path>C:\CCStudio_v8\ccsv8\tools\compiler\ti-cgt-c2000_17.6.0.STS\lib\</path>
         <kind>archive</kind>
         <file>rts2800_fpu32.lib</file>
         <name>errno.obj</name>
      </input_file>
      <input_file id="fl-6a">
         <path>C:\CCStudio_v8\ccsv8\tools\compiler\ti-cgt-c2000_17.6.0.STS\lib\</path>
         <kind>archive</kind>
         <file>rts2800_fpu32.lib</file>
         <name>s_copysign.obj</name>
      </input_file>
   </input_file_list>
   <object_component_list>
      <object_component id="oc-129">
         <name>xdc.meta</name>
         <load_address>0x0</load_address>
         <run_address>0x0</run_address>
         <size>0x109</size>
         <input_file_ref idref="fl-15"/>
      </object_component>
      <object_component id="oc-126">
         <name>.cinit</name>
         <load_address>0x80199</load_address>
         <run_address>0x80199</run_address>
         <size>0x499</size>
         <input_file_ref idref="fl-15"/>
      </object_component>
      <object_component id="oc-11f">
         <name>.cinit</name>
         <load_address>0x80632</load_address>
         <run_address>0x80632</run_address>
         <size>0x36</size>
         <input_file_ref idref="fl-13"/>
      </object_component>
      <object_component id="oc-1ca">
         <name>.cinit</name>
         <load_address>0x80668</load_address>
         <run_address>0x80668</run_address>
         <size>0xe</size>
         <input_file_ref idref="fl-4a"/>
      </object_component>
      <object_component id="oc-2fc">
         <name>.cinit:__lock</name>
         <load_address>0x80676</load_address>
         <run_address>0x80676</run_address>
         <size>0x5</size>
         <input_file_ref idref="fl-4b"/>
      </object_component>
      <object_component id="oc-2fb">
         <name>.cinit:__unlock</name>
         <load_address>0x8067b</load_address>
         <run_address>0x8067b</run_address>
         <size>0x5</size>
         <input_file_ref idref="fl-4b"/>
      </object_component>
      <object_component id="oc-26a">
         <name>.cinit</name>
         <load_address>0x80680</load_address>
         <run_address>0x80680</run_address>
         <size>0x4</size>
         <input_file_ref idref="fl-69"/>
      </object_component>
      <object_component id="oc-43e">
         <name>.binit</name>
         <load_address>0x80004</load_address>
         <run_address>0x80004</run_address>
         <size>0x0</size>
      </object_component>
      <object_component id="oc-373">
         <name>.text</name>
         <load_address>0x88000</load_address>
         <run_address>0x88000</run_address>
         <size>0xc16</size>
         <input_file_ref idref="fl-53"/>
      </object_component>
      <object_component id="oc-2cd">
         <name>.text</name>
         <load_address>0x88c16</load_address>
         <run_address>0x88c16</run_address>
         <size>0x255</size>
         <input_file_ref idref="fl-11"/>
      </object_component>
      <object_component id="oc-41a">
         <name>.text:_xdc_runtime_System_doPrint__I</name>
         <load_address>0x88e6b</load_address>
         <run_address>0x88e6b</run_address>
         <size>0x252</size>
         <input_file_ref idref="fl-30"/>
      </object_component>
      <object_component id="oc-29f">
         <name>.text</name>
         <load_address>0x890bd</load_address>
         <run_address>0x890bd</run_address>
         <size>0x24c</size>
         <input_file_ref idref="fl-a"/>
      </object_component>
      <object_component id="oc-317">
         <name>.text:_ti_sysbios_knl_Semaphore_pend__E</name>
         <load_address>0x89309</load_address>
         <run_address>0x89309</run_address>
         <size>0x1da</size>
         <input_file_ref idref="fl-21"/>
      </object_component>
      <object_component id="oc-298">
         <name>.text:_ti_sysbios_heaps_HeapMem_free__E</name>
         <load_address>0x894e3</load_address>
         <run_address>0x894e3</run_address>
         <size>0x1ba</size>
         <input_file_ref idref="fl-21"/>
      </object_component>
      <object_component id="oc-297">
         <name>.text:_ti_sysbios_heaps_HeapMem_alloc__E</name>
         <load_address>0x8969d</load_address>
         <run_address>0x8969d</run_address>
         <size>0x1b3</size>
         <input_file_ref idref="fl-21"/>
      </object_component>
      <object_component id="oc-430">
         <name>.text:_xdc_runtime_System_printfExtend__I</name>
         <load_address>0x89850</load_address>
         <run_address>0x89850</run_address>
         <size>0x10a</size>
         <input_file_ref idref="fl-15"/>
      </object_component>
      <object_component id="oc-1b0">
         <name>.text</name>
         <load_address>0x8995a</load_address>
         <run_address>0x8995a</run_address>
         <size>0x107</size>
         <input_file_ref idref="fl-45"/>
      </object_component>
      <object_component id="oc-2e8">
         <name>.text:_ti_sysbios_heaps_HeapMem_Instance_init__E</name>
         <load_address>0x89a61</load_address>
         <run_address>0x89a61</run_address>
         <size>0xed</size>
         <input_file_ref idref="fl-21"/>
      </object_component>
      <object_component id="oc-349">
         <name>.text:_ti_sysbios_family_c28_Hwi_clearInterrupt__E</name>
         <load_address>0x89b4e</load_address>
         <run_address>0x89b4e</run_address>
         <size>0xe0</size>
         <input_file_ref idref="fl-21"/>
      </object_component>
      <object_component id="oc-2a8">
         <name>.text:_xdc_runtime_LoggerBuf_write8__E</name>
         <load_address>0x89c2e</load_address>
         <run_address>0x89c2e</run_address>
         <size>0xd2</size>
         <input_file_ref idref="fl-2d"/>
      </object_component>
      <object_component id="oc-2d6">
         <name>.text:_xdc_runtime_Core_createObject__I</name>
         <load_address>0x89d00</load_address>
         <run_address>0x89d00</run_address>
         <size>0xc3</size>
         <input_file_ref idref="fl-27"/>
      </object_component>
      <object_component id="oc-432">
         <name>.text:_ti_sysbios_family_c28_Hwi_dispatchCore__I</name>
         <load_address>0x89dc3</load_address>
         <run_address>0x89dc3</run_address>
         <size>0xc0</size>
         <input_file_ref idref="fl-21"/>
      </object_component>
      <object_component id="oc-3ae">
         <name>.text</name>
         <load_address>0x89e83</load_address>
         <run_address>0x89e83</run_address>
         <size>0xc0</size>
         <input_file_ref idref="fl-5c"/>
      </object_component>
      <object_component id="oc-318">
         <name>.text:_ti_sysbios_knl_Semaphore_post__E</name>
         <load_address>0x89f43</load_address>
         <run_address>0x89f43</run_address>
         <size>0xb8</size>
         <input_file_ref idref="fl-21"/>
      </object_component>
      <object_component id="oc-280">
         <name>.text:_ti_sysbios_knl_Clock_workFunc__E</name>
         <load_address>0x89ffb</load_address>
         <run_address>0x89ffb</run_address>
         <size>0xb6</size>
         <input_file_ref idref="fl-21"/>
      </object_component>
      <object_component id="oc-3a1">
         <name>.text:_ti_sysbios_knl_Swi_run__I</name>
         <load_address>0x8a0b1</load_address>
         <run_address>0x8a0b1</run_address>
         <size>0xaf</size>
         <input_file_ref idref="fl-21"/>
      </object_component>
      <object_component id="oc-3a7">
         <name>.text:_xdc_runtime_Core_constructObject__I</name>
         <load_address>0x8a160</load_address>
         <run_address>0x8a160</run_address>
         <size>0x9c</size>
         <input_file_ref idref="fl-28"/>
      </object_component>
      <object_component id="oc-31f">
         <name>.text:_xdc_runtime_Error_policyDefault__E</name>
         <load_address>0x8a1fc</load_address>
         <run_address>0x8a1fc</run_address>
         <size>0x9c</size>
         <input_file_ref idref="fl-2b"/>
      </object_component>
      <object_component id="oc-22d">
         <name>.text</name>
         <load_address>0x8a298</load_address>
         <run_address>0x8a298</run_address>
         <size>0x9c</size>
         <input_file_ref idref="fl-5d"/>
      </object_component>
      <object_component id="oc-400">
         <name>.text:_ti_sysbios_family_c28_Hwi_dispatch</name>
         <load_address>0x8a334</load_address>
         <run_address>0x8a334</run_address>
         <size>0x9b</size>
         <input_file_ref idref="fl-23"/>
      </object_component>
      <object_component id="oc-288">
         <name>.text:.bootCodeSection:_ti_catalog_c2800_initF2837x_Boot_init</name>
         <load_address>0x8a3cf</load_address>
         <run_address>0x8a3cf</run_address>
         <size>0x1</size>
         <input_file_ref idref="fl-15"/>
      </object_component>
      <object_component id="oc-3fa">
         <name>.text</name>
         <load_address>0x8a3d0</load_address>
         <run_address>0x8a3d0</run_address>
         <size>0x94</size>
         <input_file_ref idref="fl-51"/>
      </object_component>
      <object_component id="oc-34a">
         <name>.text:_ti_sysbios_family_c28_Hwi_enableInterrupt__E</name>
         <load_address>0x8a464</load_address>
         <run_address>0x8a464</run_address>
         <size>0x8e</size>
         <input_file_ref idref="fl-21"/>
      </object_component>
      <object_component id="oc-2a7">
         <name>.text:_xdc_runtime_LoggerBuf_write4__E</name>
         <load_address>0x8a4f2</load_address>
         <run_address>0x8a4f2</run_address>
         <size>0x8b</size>
         <input_file_ref idref="fl-2d"/>
      </object_component>
      <object_component id="oc-237">
         <name>.text</name>
         <load_address>0x8a57d</load_address>
         <run_address>0x8a57d</run_address>
         <size>0x8b</size>
         <input_file_ref idref="fl-5f"/>
      </object_component>
      <object_component id="oc-1a6">
         <name>.text</name>
         <load_address>0x8a608</load_address>
         <run_address>0x8a608</run_address>
         <size>0x88</size>
         <input_file_ref idref="fl-43"/>
      </object_component>
      <object_component id="oc-23c">
         <name>.text</name>
         <load_address>0x8a690</load_address>
         <run_address>0x8a690</run_address>
         <size>0x83</size>
         <input_file_ref idref="fl-60"/>
      </object_component>
      <object_component id="oc-41c">
         <name>.text:_ti_sysbios_family_c28_Hwi_disableInterrupt__E</name>
         <load_address>0x8a713</load_address>
         <run_address>0x8a713</run_address>
         <size>0x81</size>
         <input_file_ref idref="fl-21"/>
      </object_component>
      <object_component id="oc-397">
         <name>.text:_ti_sysbios_family_c28_Hwi_disablePIEIER__E</name>
         <load_address>0x8a794</load_address>
         <run_address>0x8a794</run_address>
         <size>0x7e</size>
         <input_file_ref idref="fl-21"/>
      </object_component>
      <object_component id="oc-396">
         <name>.text:_ti_sysbios_family_c28_Hwi_enablePIEIER__E</name>
         <load_address>0x8a812</load_address>
         <run_address>0x8a812</run_address>
         <size>0x7d</size>
         <input_file_ref idref="fl-21"/>
      </object_component>
      <object_component id="oc-382">
         <name>.text:_xdc_runtime_Startup_startMods__I</name>
         <load_address>0x8a88f</load_address>
         <run_address>0x8a88f</run_address>
         <size>0x7d</size>
         <input_file_ref idref="fl-2f"/>
      </object_component>
      <object_component id="oc-34f">
         <name>.text:_ti_sysbios_knl_Task_checkStacks__E</name>
         <load_address>0x8a90c</load_address>
         <run_address>0x8a90c</run_address>
         <size>0x73</size>
         <input_file_ref idref="fl-21"/>
      </object_component>
      <object_component id="oc-305">
         <name>.text:_ti_sysbios_knl_Task_startCore__E</name>
         <load_address>0x8a97f</load_address>
         <run_address>0x8a97f</run_address>
         <size>0x71</size>
         <input_file_ref idref="fl-21"/>
      </object_component>
      <object_component id="oc-2c7">
         <name>.text:_ti_sysbios_gates_GateMutex_enter__E</name>
         <load_address>0x8a9f0</load_address>
         <run_address>0x8a9f0</run_address>
         <size>0x70</size>
         <input_file_ref idref="fl-21"/>
      </object_component>
      <object_component id="oc-3e3">
         <name>.text:_xdc_runtime_Text_putSite__E</name>
         <load_address>0x8aa60</load_address>
         <run_address>0x8aa60</run_address>
         <size>0x6f</size>
         <input_file_ref idref="fl-32"/>
      </object_component>
      <object_component id="oc-39a">
         <name>.text:_ti_sysbios_knl_Task_schedule__I</name>
         <load_address>0x8aacf</load_address>
         <run_address>0x8aacf</run_address>
         <size>0x6e</size>
         <input_file_ref idref="fl-21"/>
      </object_component>
      <object_component id="oc-3a8">
         <name>.text:_ti_sysbios_knl_Semaphore_Instance_init__E</name>
         <load_address>0x8ab3d</load_address>
         <run_address>0x8ab3d</run_address>
         <size>0x6a</size>
         <input_file_ref idref="fl-21"/>
      </object_component>
      <object_component id="oc-402">
         <name>.text:_ti_sysbios_family_c28_Timer_stopAndClear__I</name>
         <load_address>0x8aba7</load_address>
         <run_address>0x8aba7</run_address>
         <size>0x66</size>
         <input_file_ref idref="fl-21"/>
      </object_component>
      <object_component id="oc-77">
         <name>.text</name>
         <load_address>0x8ac0d</load_address>
         <run_address>0x8ac0d</run_address>
         <size>0x63</size>
         <input_file_ref idref="fl-36"/>
      </object_component>
      <object_component id="oc-2c5">
         <name>.text:_ti_sysbios_knl_Swi_post__E</name>
         <load_address>0x8ac70</load_address>
         <run_address>0x8ac70</run_address>
         <size>0x60</size>
         <input_file_ref idref="fl-21"/>
      </object_component>
      <object_component id="oc-36a">
         <name>.text:_ti_sysbios_knl_Task_blockI__E</name>
         <load_address>0x8acd0</load_address>
         <run_address>0x8acd0</run_address>
         <size>0x60</size>
         <input_file_ref idref="fl-21"/>
      </object_component>
      <object_component id="oc-3ad">
         <name>.text</name>
         <load_address>0x8ad30</load_address>
         <run_address>0x8ad30</run_address>
         <size>0x5a</size>
         <input_file_ref idref="fl-5b"/>
      </object_component>
      <object_component id="oc-40c">
         <name>.text:_ti_sysbios_knl_Task_exit__E</name>
         <load_address>0x8ad8a</load_address>
         <run_address>0x8ad8a</run_address>
         <size>0x57</size>
         <input_file_ref idref="fl-21"/>
      </object_component>
      <object_component id="oc-33d">
         <name>.text:_xdc_runtime_Memory_alloc__E</name>
         <load_address>0x8ade1</load_address>
         <run_address>0x8ade1</run_address>
         <size>0x57</size>
         <input_file_ref idref="fl-2e"/>
      </object_component>
      <object_component id="oc-36d">
         <name>.text:_ti_sysbios_knl_Task_unblockI__E</name>
         <load_address>0x8ae38</load_address>
         <run_address>0x8ae38</run_address>
         <size>0x51</size>
         <input_file_ref idref="fl-21"/>
      </object_component>
      <object_component id="oc-436">
         <name>.text:_xdc_runtime_Text_putLab__E</name>
         <load_address>0x8ae89</load_address>
         <run_address>0x8ae89</run_address>
         <size>0x4f</size>
         <input_file_ref idref="fl-32"/>
      </object_component>
      <object_component id="oc-3f7">
         <name>.text:_ti_sysbios_knl_Task_postInit__I</name>
         <load_address>0x8aed8</load_address>
         <run_address>0x8aed8</run_address>
         <size>0x4b</size>
         <input_file_ref idref="fl-21"/>
      </object_component>
      <object_component id="oc-3d8">
         <name>.text:_ti_sysbios_family_c28_Hwi_Module_startup__E</name>
         <load_address>0x8af23</load_address>
         <run_address>0x8af23</run_address>
         <size>0x47</size>
         <input_file_ref idref="fl-21"/>
      </object_component>
      <object_component id="oc-2d8">
         <name>.text:_xdc_runtime_Core_deleteObject__I</name>
         <load_address>0x8af6a</load_address>
         <run_address>0x8af6a</run_address>
         <size>0x46</size>
         <input_file_ref idref="fl-27"/>
      </object_component>
      <object_component id="oc-3eb">
         <name>.text:_ti_sysbios_family_c28_Timer_postInit__I</name>
         <load_address>0x8afb0</load_address>
         <run_address>0x8afb0</run_address>
         <size>0x43</size>
         <input_file_ref idref="fl-21"/>
      </object_component>
      <object_component id="oc-131">
         <name>.text:_ti_sysbios_family_c28_Hwi_unPluggedInterrupt__I</name>
         <load_address>0x8aff3</load_address>
         <run_address>0x8aff3</run_address>
         <size>0x42</size>
         <input_file_ref idref="fl-21"/>
      </object_component>
      <object_component id="oc-427">
         <name>.text:_xdc_runtime_System_formatNum__I</name>
         <load_address>0x8b035</load_address>
         <run_address>0x8b035</run_address>
         <size>0x3f</size>
         <input_file_ref idref="fl-30"/>
      </object_component>
      <object_component id="oc-43d">
         <name>.text:_ti_sysbios_knl_Swi_restoreHwi__E</name>
         <load_address>0x8b074</load_address>
         <run_address>0x8b074</run_address>
         <size>0x3e</size>
         <input_file_ref idref="fl-21"/>
      </object_component>
      <object_component id="oc-3fb">
         <name>.text:_xdc_runtime_Text_putMod__E</name>
         <load_address>0x8b0b2</load_address>
         <run_address>0x8b0b2</run_address>
         <size>0x3e</size>
         <input_file_ref idref="fl-32"/>
      </object_component>
      <object_component id="oc-32d">
         <name>.text:_xdc_runtime_Core_assignParams__I</name>
         <load_address>0x8b0f0</load_address>
         <run_address>0x8b0f0</run_address>
         <size>0x3d</size>
         <input_file_ref idref="fl-2a"/>
      </object_component>
      <object_component id="oc-2aa">
         <name>.text:_xdc_runtime_LoggerBuf_getFilterLevel__E</name>
         <load_address>0x8b12d</load_address>
         <run_address>0x8b12d</run_address>
         <size>0x3d</size>
         <input_file_ref idref="fl-2d"/>
      </object_component>
      <object_component id="oc-2a9">
         <name>.text:_xdc_runtime_LoggerBuf_setFilterLevel__E</name>
         <load_address>0x8b16a</load_address>
         <run_address>0x8b16a</run_address>
         <size>0x3c</size>
         <input_file_ref idref="fl-2d"/>
      </object_component>
      <object_component id="oc-420">
         <name>.text:_ti_sysbios_family_c28_TaskSupport_start__E</name>
         <load_address>0x8b1a6</load_address>
         <run_address>0x8b1a6</run_address>
         <size>0x3a</size>
         <input_file_ref idref="fl-21"/>
      </object_component>
      <object_component id="oc-2ab">
         <name>.text:_xdc_runtime_LoggerBuf_Object__create__S</name>
         <load_address>0x8b1e0</load_address>
         <run_address>0x8b1e0</run_address>
         <size>0x38</size>
         <input_file_ref idref="fl-15"/>
      </object_component>
      <object_component id="oc-3df">
         <name>.text</name>
         <load_address>0x8b218</load_address>
         <run_address>0x8b218</run_address>
         <size>0x38</size>
         <input_file_ref idref="fl-50"/>
      </object_component>
      <object_component id="oc-2c2">
         <name>.text:_ti_sysbios_knl_Clock_logTick__E</name>
         <load_address>0x8b250</load_address>
         <run_address>0x8b250</run_address>
         <size>0x36</size>
         <input_file_ref idref="fl-21"/>
      </object_component>
      <object_component id="oc-2f5">
         <name>.text:_xdc_runtime_LoggerBuf_Instance_init__E</name>
         <load_address>0x8b286</load_address>
         <run_address>0x8b286</run_address>
         <size>0x36</size>
         <input_file_ref idref="fl-2d"/>
      </object_component>
      <object_component id="oc-300">
         <name>.text:_ti_sysbios_BIOS_rtsUnlock__I</name>
         <load_address>0x8b2bc</load_address>
         <run_address>0x8b2bc</run_address>
         <size>0x34</size>
         <input_file_ref idref="fl-15"/>
      </object_component>
      <object_component id="oc-3dd">
         <name>.text:_ti_sysbios_knl_Task_Module_startup__E</name>
         <load_address>0x8b2f0</load_address>
         <run_address>0x8b2f0</run_address>
         <size>0x32</size>
         <input_file_ref idref="fl-21"/>
      </object_component>
      <object_component id="oc-2df">
         <name>.text:_xdc_runtime_Assert_raise__I</name>
         <load_address>0x8b322</load_address>
         <run_address>0x8b322</run_address>
         <size>0x32</size>
         <input_file_ref idref="fl-26"/>
      </object_component>
      <object_component id="oc-42f">
         <name>.text:_xdc_runtime_Text_visitRope2__I</name>
         <load_address>0x8b354</load_address>
         <run_address>0x8b354</run_address>
         <size>0x32</size>
         <input_file_ref idref="fl-32"/>
      </object_component>
      <object_component id="oc-274">
         <name>.text:_xdc_runtime_Startup_exec__E</name>
         <load_address>0x8b386</load_address>
         <run_address>0x8b386</run_address>
         <size>0x31</size>
         <input_file_ref idref="fl-2f"/>
      </object_component>
      <object_component id="oc-3ab">
         <name>.text</name>
         <load_address>0x8b3b7</load_address>
         <run_address>0x8b3b7</run_address>
         <size>0x31</size>
         <input_file_ref idref="fl-54"/>
      </object_component>
      <object_component id="oc-374">
         <name>.text:_xdc_runtime_Error_setX__E</name>
         <load_address>0x8b3e8</load_address>
         <run_address>0x8b3e8</run_address>
         <size>0x30</size>
         <input_file_ref idref="fl-2b"/>
      </object_component>
      <object_component id="oc-31d">
         <name>.text</name>
         <load_address>0x8b418</load_address>
         <run_address>0x8b418</run_address>
         <size>0x30</size>
         <input_file_ref idref="fl-52"/>
      </object_component>
      <object_component id="oc-35a">
         <name>.text:_ti_sysbios_knl_Swi_runLoop__I</name>
         <load_address>0x8b448</load_address>
         <run_address>0x8b448</run_address>
         <size>0x2e</size>
         <input_file_ref idref="fl-21"/>
      </object_component>
      <object_component id="oc-310">
         <name>.text:_ti_sysbios_knl_Swi_schedule__I</name>
         <load_address>0x8b476</load_address>
         <run_address>0x8b476</run_address>
         <size>0x2e</size>
         <input_file_ref idref="fl-21"/>
      </object_component>
      <object_component id="oc-3d3">
         <name>.text:_xdc_runtime_Error_print__E</name>
         <load_address>0x8b4a4</load_address>
         <run_address>0x8b4a4</run_address>
         <size>0x2e</size>
         <input_file_ref idref="fl-2b"/>
      </object_component>
      <object_component id="oc-3ac">
         <name>.text</name>
         <load_address>0x8b4d2</load_address>
         <run_address>0x8b4d2</run_address>
         <size>0x2e</size>
         <input_file_ref idref="fl-56"/>
      </object_component>
      <object_component id="oc-3b6">
         <name>.text:_ti_sysbios_family_c28_Hwi_getStackInfo__E</name>
         <load_address>0x8b500</load_address>
         <run_address>0x8b500</run_address>
         <size>0x2d</size>
         <input_file_ref idref="fl-21"/>
      </object_component>
      <object_component id="oc-29a">
         <name>.text:_ti_sysbios_heaps_HeapMem_getStats__E</name>
         <load_address>0x8b52d</load_address>
         <run_address>0x8b52d</run_address>
         <size>0x2d</size>
         <input_file_ref idref="fl-21"/>
      </object_component>
      <object_component id="oc-302">
         <name>.text:_ti_sysbios_family_c28_Timer_start__E</name>
         <load_address>0x8b55a</load_address>
         <run_address>0x8b55a</run_address>
         <size>0x2c</size>
         <input_file_ref idref="fl-21"/>
      </object_component>
      <object_component id="oc-27c">
         <name>.text</name>
         <load_address>0x8b586</load_address>
         <run_address>0x8b586</run_address>
         <size>0x2c</size>
         <input_file_ref idref="fl-13"/>
      </object_component>
      <object_component id="oc-3db">
         <name>.text:_ti_sysbios_knl_Mailbox_Module_startup__E</name>
         <load_address>0x8b5b2</load_address>
         <run_address>0x8b5b2</run_address>
         <size>0x2b</size>
         <input_file_ref idref="fl-21"/>
      </object_component>
      <object_component id="oc-232">
         <name>.text</name>
         <load_address>0x8b5dd</load_address>
         <run_address>0x8b5dd</run_address>
         <size>0x2a</size>
         <input_file_ref idref="fl-5e"/>
      </object_component>
      <object_component id="oc-1ba">
         <name>.text</name>
         <load_address>0x8b607</load_address>
         <run_address>0x8b607</run_address>
         <size>0x2a</size>
         <input_file_ref idref="fl-47"/>
      </object_component>
      <object_component id="oc-385">
         <name>.text:_xdc_runtime_SysMin_flush__E</name>
         <load_address>0x8b631</load_address>
         <run_address>0x8b631</run_address>
         <size>0x29</size>
         <input_file_ref idref="fl-31"/>
      </object_component>
      <object_component id="oc-3fc">
         <name>.text:_xdc_runtime_Text_xprintf__I</name>
         <load_address>0x8b65a</load_address>
         <run_address>0x8b65a</run_address>
         <size>0x29</size>
         <input_file_ref idref="fl-32"/>
      </object_component>
      <object_component id="oc-326">
         <name>.text</name>
         <load_address>0x8b683</load_address>
         <run_address>0x8b683</run_address>
         <size>0x29</size>
         <input_file_ref idref="fl-4a"/>
      </object_component>
      <object_component id="oc-320">
         <name>.text:_ti_sysbios_heaps_HeapMem_init__I</name>
         <load_address>0x8b6ac</load_address>
         <run_address>0x8b6ac</run_address>
         <size>0x27</size>
         <input_file_ref idref="fl-21"/>
      </object_component>
      <object_component id="oc-42e">
         <name>.text:_ti_sysbios_family_c28_TaskSupport_buildTaskStack</name>
         <load_address>0x8b6d3</load_address>
         <run_address>0x8b6d3</run_address>
         <size>0x25</size>
         <input_file_ref idref="fl-25"/>
      </object_component>
      <object_component id="oc-28d">
         <name>.text:_xdc_runtime_System_processAtExit__E</name>
         <load_address>0x8b6f8</load_address>
         <run_address>0x8b6f8</run_address>
         <size>0x24</size>
         <input_file_ref idref="fl-30"/>
      </object_component>
      <object_component id="oc-273">
         <name>.text</name>
         <load_address>0x8b71c</load_address>
         <run_address>0x8b71c</run_address>
         <size>0x24</size>
         <input_file_ref idref="fl-48"/>
      </object_component>
      <object_component id="oc-3c9">
         <name>.text</name>
         <load_address>0x8b740</load_address>
         <run_address>0x8b740</run_address>
         <size>0x24</size>
         <input_file_ref idref="fl-6a"/>
      </object_component>
      <object_component id="oc-34d">
         <name>.text:_ti_sysbios_knl_Task_allBlockedFunction__I</name>
         <load_address>0x8b764</load_address>
         <run_address>0x8b764</run_address>
         <size>0x21</size>
         <input_file_ref idref="fl-21"/>
      </object_component>
      <object_component id="oc-2eb">
         <name>.text:_xdc_runtime_LoggerBuf_filterOutEvent__I</name>
         <load_address>0x8b785</load_address>
         <run_address>0x8b785</run_address>
         <size>0x21</size>
         <input_file_ref idref="fl-2d"/>
      </object_component>
      <object_component id="oc-2af">
         <name>.text:_xdc_runtime_System_atexit__E</name>
         <load_address>0x8b7a6</load_address>
         <run_address>0x8b7a6</run_address>
         <size>0x21</size>
         <input_file_ref idref="fl-30"/>
      </object_component>
      <object_component id="oc-24b">
         <name>.text</name>
         <load_address>0x8b7c7</load_address>
         <run_address>0x8b7c7</run_address>
         <size>0x21</size>
         <input_file_ref idref="fl-63"/>
      </object_component>
      <object_component id="oc-404">
         <name>.text:_ti_sysbios_family_c28_Timer_setPrescale__E</name>
         <load_address>0x8b7e8</load_address>
         <run_address>0x8b7e8</run_address>
         <size>0x20</size>
         <input_file_ref idref="fl-21"/>
      </object_component>
      <object_component id="oc-293">
         <name>.text:_ti_sysbios_gates_GateHwi_Object__create__S</name>
         <load_address>0x8b808</load_address>
         <run_address>0x8b808</run_address>
         <size>0x1f</size>
         <input_file_ref idref="fl-15"/>
      </object_component>
      <object_component id="oc-2c9">
         <name>.text:_ti_sysbios_gates_GateMutex_Object__create__S</name>
         <load_address>0x8b827</load_address>
         <run_address>0x8b827</run_address>
         <size>0x1f</size>
         <input_file_ref idref="fl-15"/>
      </object_component>
      <object_component id="oc-29b">
         <name>.text:_ti_sysbios_heaps_HeapMem_Object__create__S</name>
         <load_address>0x8b846</load_address>
         <run_address>0x8b846</run_address>
         <size>0x1f</size>
         <input_file_ref idref="fl-15"/>
      </object_component>
      <object_component id="oc-250">
         <name>.text</name>
         <load_address>0x8b865</load_address>
         <run_address>0x8b865</run_address>
         <size>0x1f</size>
         <input_file_ref idref="fl-64"/>
      </object_component>
      <object_component id="oc-3d4">
         <name>.text:_xdc_runtime_SysMin_putch__E</name>
         <load_address>0x8b884</load_address>
         <run_address>0x8b884</run_address>
         <size>0x1e</size>
         <input_file_ref idref="fl-31"/>
      </object_component>
      <object_component id="oc-255">
         <name>.text</name>
         <load_address>0x8b8a2</load_address>
         <run_address>0x8b8a2</run_address>
         <size>0x1e</size>
         <input_file_ref idref="fl-65"/>
      </object_component>
      <object_component id="oc-289">
         <name>.text</name>
         <load_address>0x8b8c0</load_address>
         <run_address>0x8b8c0</run_address>
         <size>0x1e</size>
         <input_file_ref idref="fl-49"/>
      </object_component>
      <object_component id="oc-3a0">
         <name>.text:_ti_sysbios_family_c28_TaskSupport_swap__E</name>
         <load_address>0x8b8de</load_address>
         <run_address>0x8b8de</run_address>
         <size>0x1d</size>
         <input_file_ref idref="fl-25"/>
      </object_component>
      <object_component id="oc-25a">
         <name>.text</name>
         <load_address>0x8b8fb</load_address>
         <run_address>0x8b8fb</run_address>
         <size>0x1d</size>
         <input_file_ref idref="fl-66"/>
      </object_component>
      <object_component id="oc-3aa">
         <name>.text:_ti_sysbios_hal_Hwi_checkStack</name>
         <load_address>0x8b918</load_address>
         <run_address>0x8b918</run_address>
         <size>0x1c</size>
         <input_file_ref idref="fl-21"/>
      </object_component>
      <object_component id="oc-264">
         <name>.text</name>
         <load_address>0x8b934</load_address>
         <run_address>0x8b934</run_address>
         <size>0x1c</size>
         <input_file_ref idref="fl-68"/>
      </object_component>
      <object_component id="oc-25f">
         <name>.text</name>
         <load_address>0x8b950</load_address>
         <run_address>0x8b950</run_address>
         <size>0x1c</size>
         <input_file_ref idref="fl-67"/>
      </object_component>
      <object_component id="oc-429">
         <name>.text:_ti_sysbios_family_c28_Hwi_switchAndDispatch__I</name>
         <load_address>0x8b96c</load_address>
         <run_address>0x8b96c</run_address>
         <size>0x1b</size>
         <input_file_ref idref="fl-22"/>
      </object_component>
      <object_component id="oc-321">
         <name>.text:_ti_sysbios_hal_Hwi_initStack</name>
         <load_address>0x8b987</load_address>
         <run_address>0x8b987</run_address>
         <size>0x1b</size>
         <input_file_ref idref="fl-21"/>
      </object_component>
      <object_component id="oc-370">
         <name>.text:_ti_sysbios_knl_Semaphore_construct</name>
         <load_address>0x8b9a2</load_address>
         <run_address>0x8b9a2</run_address>
         <size>0x1b</size>
         <input_file_ref idref="fl-15"/>
      </object_component>
      <object_component id="oc-41f">
         <name>.text:_ti_sysbios_knl_Task_processVitalTaskFlag__I</name>
         <load_address>0x8b9bd</load_address>
         <run_address>0x8b9bd</run_address>
         <size>0x1b</size>
         <input_file_ref idref="fl-21"/>
      </object_component>
      <object_component id="oc-3cf">
         <name>.text:_xdc_runtime_SysMin_output__I</name>
         <load_address>0x8b9d8</load_address>
         <run_address>0x8b9d8</run_address>
         <size>0x1b</size>
         <input_file_ref idref="fl-15"/>
      </object_component>
      <object_component id="oc-365">
         <name>.text:_ti_sysbios_knl_Clock_addI__E</name>
         <load_address>0x8b9f3</load_address>
         <run_address>0x8b9f3</run_address>
         <size>0x1a</size>
         <input_file_ref idref="fl-21"/>
      </object_component>
      <object_component id="oc-2d9">
         <name>.text:_xdc_runtime_Core_assignLabel__I</name>
         <load_address>0x8ba0d</load_address>
         <run_address>0x8ba0d</run_address>
         <size>0x1a</size>
         <input_file_ref idref="fl-29"/>
      </object_component>
      <object_component id="oc-3fd">
         <name>.text:_xdc_runtime_System_avprintf__E</name>
         <load_address>0x8ba27</load_address>
         <run_address>0x8ba27</run_address>
         <size>0x1a</size>
         <input_file_ref idref="fl-30"/>
      </object_component>
      <object_component id="oc-428">
         <name>.text:_xdc_runtime_System_putchar__I</name>
         <load_address>0x8ba41</load_address>
         <run_address>0x8ba41</run_address>
         <size>0x1a</size>
         <input_file_ref idref="fl-30"/>
      </object_component>
      <object_component id="oc-3ea">
         <name>.text:_ti_sysbios_family_c28_Hwi_Object__get__S</name>
         <load_address>0x8ba5b</load_address>
         <run_address>0x8ba5b</run_address>
         <size>0x19</size>
         <input_file_ref idref="fl-15"/>
      </object_component>
      <object_component id="oc-3f1">
         <name>.text:_ti_sysbios_knl_Mailbox_postInit__I</name>
         <load_address>0x8ba74</load_address>
         <run_address>0x8ba74</run_address>
         <size>0x19</size>
         <input_file_ref idref="fl-21"/>
      </object_component>
      <object_component id="oc-40f">
         <name>.text:_ti_sysbios_knl_Queue_Object__get__S</name>
         <load_address>0x8ba8d</load_address>
         <run_address>0x8ba8d</run_address>
         <size>0x19</size>
         <input_file_ref idref="fl-15"/>
      </object_component>
      <object_component id="oc-3c4">
         <name>.text:_ti_sysbios_knl_Queue_construct</name>
         <load_address>0x8baa6</load_address>
         <run_address>0x8baa6</run_address>
         <size>0x19</size>
         <input_file_ref idref="fl-15"/>
      </object_component>
      <object_component id="oc-364">
         <name>.text:_ti_sysbios_knl_Semaphore_pendTimeout__I</name>
         <load_address>0x8babf</load_address>
         <run_address>0x8babf</run_address>
         <size>0x19</size>
         <input_file_ref idref="fl-21"/>
      </object_component>
      <object_component id="oc-304">
         <name>.text:_ti_sysbios_knl_Swi_restore__E</name>
         <load_address>0x8bad8</load_address>
         <run_address>0x8bad8</run_address>
         <size>0x19</size>
         <input_file_ref idref="fl-21"/>
      </object_component>
      <object_component id="oc-3fe">
         <name>.text:_xdc_runtime_System_vprintf__E</name>
         <load_address>0x8baf1</load_address>
         <run_address>0x8baf1</run_address>
         <size>0x19</size>
         <input_file_ref idref="fl-30"/>
      </object_component>
      <object_component id="oc-417">
         <name>.text:_xdc_runtime_Text_printVisFxn__I</name>
         <load_address>0x8bb0a</load_address>
         <run_address>0x8bb0a</run_address>
         <size>0x19</size>
         <input_file_ref idref="fl-32"/>
      </object_component>
      <object_component id="oc-275">
         <name>.text</name>
         <load_address>0x8bb23</load_address>
         <run_address>0x8bb23</run_address>
         <size>0x19</size>
         <input_file_ref idref="fl-4c"/>
      </object_component>
      <object_component id="oc-35b">
         <name>.text:_ti_sysbios_family_xxx_Hwi_switchAndRunFunc</name>
         <load_address>0x8bb3c</load_address>
         <run_address>0x8bb3c</run_address>
         <size>0x18</size>
         <input_file_ref idref="fl-22"/>
      </object_component>
      <object_component id="oc-3d5">
         <name>.text:_xdc_runtime_LoggerBuf_Module_startup__E</name>
         <load_address>0x8bb54</load_address>
         <run_address>0x8bb54</run_address>
         <size>0x18</size>
         <input_file_ref idref="fl-2d"/>
      </object_component>
      <object_component id="oc-33e">
         <name>.text:_xdc_runtime_LoggerBuf_reset__E</name>
         <load_address>0x8bb6c</load_address>
         <run_address>0x8bb6c</run_address>
         <size>0x18</size>
         <input_file_ref idref="fl-2d"/>
      </object_component>
      <object_component id="oc-1ab">
         <name>.text</name>
         <load_address>0x8bb84</load_address>
         <run_address>0x8bb84</run_address>
         <size>0x18</size>
         <input_file_ref idref="fl-44"/>
      </object_component>
      <object_component id="oc-2ae">
         <name>.text:_ti_sysbios_BIOS_atExitFunc__I</name>
         <load_address>0x8bb9c</load_address>
         <run_address>0x8bb9c</run_address>
         <size>0x17</size>
         <input_file_ref idref="fl-15"/>
      </object_component>
      <object_component id="oc-2b1">
         <name>.text:_ti_sysbios_family_c28_Timer_startup__E</name>
         <load_address>0x8bbb3</load_address>
         <run_address>0x8bbb3</run_address>
         <size>0x17</size>
         <input_file_ref idref="fl-21"/>
      </object_component>
      <object_component id="oc-380">
         <name>.text:_ti_sysbios_heaps_HeapMem_Object__get__S</name>
         <load_address>0x8bbca</load_address>
         <run_address>0x8bbca</run_address>
         <size>0x17</size>
         <input_file_ref idref="fl-15"/>
      </object_component>
      <object_component id="oc-281">
         <name>.text:_ti_sysbios_knl_Clock_doTick__I</name>
         <load_address>0x8bbe1</load_address>
         <run_address>0x8bbe1</run_address>
         <size>0x17</size>
         <input_file_ref idref="fl-15"/>
      </object_component>
      <object_component id="oc-3ef">
         <name>.text:_ti_sysbios_knl_Mailbox_Object__get__S</name>
         <load_address>0x8bbf8</load_address>
         <run_address>0x8bbf8</run_address>
         <size>0x17</size>
         <input_file_ref idref="fl-15"/>
      </object_component>
      <object_component id="oc-3f3">
         <name>.text:_ti_sysbios_knl_Swi_Object__get__S</name>
         <load_address>0x8bc0f</load_address>
         <run_address>0x8bc0f</run_address>
         <size>0x17</size>
         <input_file_ref idref="fl-15"/>
      </object_component>
      <object_component id="oc-3f6">
         <name>.text:_ti_sysbios_knl_Task_Object__get__S</name>
         <load_address>0x8bc26</load_address>
         <run_address>0x8bc26</run_address>
         <size>0x17</size>
         <input_file_ref idref="fl-15"/>
      </object_component>
      <object_component id="oc-3e7">
         <name>.text:_xdc_runtime_LoggerBuf_Object__get__S</name>
         <load_address>0x8bc3d</load_address>
         <run_address>0x8bc3d</run_address>
         <size>0x17</size>
         <input_file_ref idref="fl-15"/>
      </object_component>
      <object_component id="oc-386">
         <name>.text:_xdc_runtime_Memory_valloc__E</name>
         <load_address>0x8bc54</load_address>
         <run_address>0x8bc54</run_address>
         <size>0x17</size>
         <input_file_ref idref="fl-2e"/>
      </object_component>
      <object_component id="oc-3d9">
         <name>.text:_ti_sysbios_family_c28_Timer_Module_startup__E</name>
         <load_address>0x8bc6b</load_address>
         <run_address>0x8bc6b</run_address>
         <size>0x16</size>
         <input_file_ref idref="fl-21"/>
      </object_component>
      <object_component id="oc-34c">
         <name>.text:_ti_sysbios_knl_Task_restore__E</name>
         <load_address>0x8bc81</load_address>
         <run_address>0x8bc81</run_address>
         <size>0x16</size>
         <input_file_ref idref="fl-21"/>
      </object_component>
      <object_component id="oc-3cb">
         <name>.text:_xdc_runtime_SysMin_abort__E</name>
         <load_address>0x8bc97</load_address>
         <run_address>0x8bc97</run_address>
         <size>0x16</size>
         <input_file_ref idref="fl-31"/>
      </object_component>
      <object_component id="oc-3dc">
         <name>.text:_ti_sysbios_knl_Swi_Module_startup__E</name>
         <load_address>0x8bcad</load_address>
         <run_address>0x8bcad</run_address>
         <size>0x15</size>
         <input_file_ref idref="fl-21"/>
      </object_component>
      <object_component id="oc-2cc">
         <name>.text:_ti_sysbios_knl_Idle_run__E</name>
         <load_address>0x8bcc2</load_address>
         <run_address>0x8bcc2</run_address>
         <size>0x14</size>
         <input_file_ref idref="fl-21"/>
      </object_component>
      <object_component id="oc-3b2">
         <name>.text:_ti_sysbios_BIOS_errorRaiseHook__I</name>
         <load_address>0x8bcd6</load_address>
         <run_address>0x8bcd6</run_address>
         <size>0x13</size>
         <input_file_ref idref="fl-15"/>
      </object_component>
      <object_component id="oc-2ca">
         <name>.text:_ti_sysbios_gates_GateMutex_Object__delete__S</name>
         <load_address>0x8bce9</load_address>
         <run_address>0x8bce9</run_address>
         <size>0x13</size>
         <input_file_ref idref="fl-15"/>
      </object_component>
      <object_component id="oc-287">
         <name>.text:_xdc_runtime_Error_raiseX__E</name>
         <load_address>0x8bcfc</load_address>
         <run_address>0x8bcfc</run_address>
         <size>0x13</size>
         <input_file_ref idref="fl-2b"/>
      </object_component>
      <object_component id="oc-331">
         <name>.text:_xdc_runtime_Text_cordText__E</name>
         <load_address>0x8bd0f</load_address>
         <run_address>0x8bd0f</run_address>
         <size>0x13</size>
         <input_file_ref idref="fl-32"/>
      </object_component>
      <object_component id="oc-42b">
         <name>.text:_ti_sysbios_family_c28_Hwi_disableIER__E</name>
         <load_address>0x8bd22</load_address>
         <run_address>0x8bd22</run_address>
         <size>0x12</size>
         <input_file_ref idref="fl-15"/>
      </object_component>
      <object_component id="oc-294">
         <name>.text:_ti_sysbios_gates_GateHwi_Object__delete__S</name>
         <load_address>0x8bd34</load_address>
         <run_address>0x8bd34</run_address>
         <size>0x12</size>
         <input_file_ref idref="fl-15"/>
      </object_component>
      <object_component id="oc-29c">
         <name>.text:_ti_sysbios_heaps_HeapMem_Object__delete__S</name>
         <load_address>0x8bd46</load_address>
         <run_address>0x8bd46</run_address>
         <size>0x12</size>
         <input_file_ref idref="fl-15"/>
      </object_component>
      <object_component id="oc-3da">
         <name>.text:_ti_sysbios_knl_Clock_Module_startup__E</name>
         <load_address>0x8bd58</load_address>
         <run_address>0x8bd58</run_address>
         <size>0x12</size>
         <input_file_ref idref="fl-21"/>
      </object_component>
      <object_component id="oc-2ac">
         <name>.text:_xdc_runtime_LoggerBuf_Object__delete__S</name>
         <load_address>0x8bd6a</load_address>
         <run_address>0x8bd6a</run_address>
         <size>0x12</size>
         <input_file_ref idref="fl-15"/>
      </object_component>
      <object_component id="oc-295">
         <name>.text:_ti_sysbios_gates_GateHwi_Handle__label__S</name>
         <load_address>0x8bd7c</load_address>
         <run_address>0x8bd7c</run_address>
         <size>0x11</size>
         <input_file_ref idref="fl-15"/>
      </object_component>
      <object_component id="oc-2cb">
         <name>.text:_ti_sysbios_gates_GateMutex_Handle__label__S</name>
         <load_address>0x8bd8d</load_address>
         <run_address>0x8bd8d</run_address>
         <size>0x11</size>
         <input_file_ref idref="fl-15"/>
      </object_component>
      <object_component id="oc-29d">
         <name>.text:_ti_sysbios_heaps_HeapMem_Handle__label__S</name>
         <load_address>0x8bd9e</load_address>
         <run_address>0x8bd9e</run_address>
         <size>0x11</size>
         <input_file_ref idref="fl-15"/>
      </object_component>
      <object_component id="oc-2ad">
         <name>.text:_xdc_runtime_LoggerBuf_Handle__label__S</name>
         <load_address>0x8bdaf</load_address>
         <run_address>0x8bdaf</run_address>
         <size>0x11</size>
         <input_file_ref idref="fl-15"/>
      </object_component>
      <object_component id="oc-2ff">
         <name>.text:_ti_sysbios_BIOS_rtsLock__I</name>
         <load_address>0x8bdc0</load_address>
         <run_address>0x8bdc0</run_address>
         <size>0x10</size>
         <input_file_ref idref="fl-15"/>
      </object_component>
      <object_component id="oc-394">
         <name>.text:_ti_sysbios_family_c28_Hwi_enableIER__E</name>
         <load_address>0x8bdd0</load_address>
         <run_address>0x8bdd0</run_address>
         <size>0x10</size>
         <input_file_ref idref="fl-15"/>
      </object_component>
      <object_component id="oc-403">
         <name>.text:_ti_sysbios_family_c28_Timer_stop__E</name>
         <load_address>0x8bde0</load_address>
         <run_address>0x8bde0</run_address>
         <size>0x10</size>
         <input_file_ref idref="fl-21"/>
      </object_component>
      <object_component id="oc-42a">
         <name>.text:_ti_sysbios_knl_Task_restoreHwi__E</name>
         <load_address>0x8bdf0</load_address>
         <run_address>0x8bdf0</run_address>
         <size>0x10</size>
         <input_file_ref idref="fl-21"/>
      </object_component>
      <object_component id="oc-3d7">
         <name>.text:_xdc_runtime_SysMin_Module_startup__E</name>
         <load_address>0x8be00</load_address>
         <run_address>0x8be00</run_address>
         <size>0x10</size>
         <input_file_ref idref="fl-31"/>
      </object_component>
      <object_component id="oc-27e">
         <name>.text:_ti_sysbios_BIOS_startFunc__I</name>
         <load_address>0x8be10</load_address>
         <run_address>0x8be10</run_address>
         <size>0xf</size>
         <input_file_ref idref="fl-15"/>
      </object_component>
      <object_component id="oc-31a">
         <name>.text:_ti_sysbios_gates_GateMutex_Instance_init__E</name>
         <load_address>0x8be1f</load_address>
         <run_address>0x8be1f</run_address>
         <size>0xf</size>
         <input_file_ref idref="fl-21"/>
      </object_component>
      <object_component id="oc-3a9">
         <name>.text:_ti_sysbios_knl_Semaphore_Object__destruct__S</name>
         <load_address>0x8be2e</load_address>
         <run_address>0x8be2e</run_address>
         <size>0xf</size>
         <input_file_ref idref="fl-15"/>
      </object_component>
      <object_component id="oc-2a6">
         <name>.text:_xdc_runtime_LoggerBuf_write2__E</name>
         <load_address>0x8be3d</load_address>
         <run_address>0x8be3d</run_address>
         <size>0xf</size>
         <input_file_ref idref="fl-2d"/>
      </object_component>
      <object_component id="oc-415">
         <name>.text:_xdc_runtime_Registry_findById__E</name>
         <load_address>0x8be4c</load_address>
         <run_address>0x8be4c</run_address>
         <size>0xf</size>
         <input_file_ref idref="fl-35"/>
      </object_component>
      <object_component id="oc-424">
         <name>.text:_xdc_runtime_Text_visitRope__I</name>
         <load_address>0x8be5b</load_address>
         <run_address>0x8be5b</run_address>
         <size>0xf</size>
         <input_file_ref idref="fl-15"/>
      </object_component>
      <object_component id="oc-33b">
         <name>.text:_ti_sysbios_family_c28_f2837x_TimestampProvider_get64__E</name>
         <load_address>0x8be6a</load_address>
         <run_address>0x8be6a</run_address>
         <size>0xe</size>
         <input_file_ref idref="fl-21"/>
      </object_component>
      <object_component id="oc-3e1">
         <name>.text:_ti_sysbios_knl_Queue_Object__destruct__S</name>
         <load_address>0x8be78</load_address>
         <run_address>0x8be78</run_address>
         <size>0xe</size>
         <input_file_ref idref="fl-15"/>
      </object_component>
      <object_component id="oc-3bc">
         <name>.text:_xdc_runtime_IHeap_alloc</name>
         <load_address>0x8be86</load_address>
         <run_address>0x8be86</run_address>
         <size>0xe</size>
         <input_file_ref idref="fl-15"/>
      </object_component>
      <object_component id="oc-246">
         <name>.text</name>
         <load_address>0x8be94</load_address>
         <run_address>0x8be94</run_address>
         <size>0xe</size>
         <input_file_ref idref="fl-62"/>
      </object_component>
      <object_component id="oc-2b0">
         <name>.text:_ti_sysbios_BIOS_registerRTSLock__I</name>
         <load_address>0x8bea2</load_address>
         <run_address>0x8bea2</run_address>
         <size>0xd</size>
         <input_file_ref idref="fl-15"/>
      </object_component>
      <object_component id="oc-2b5">
         <name>.text:_ti_sysbios_BIOS_removeRTSLock__I</name>
         <load_address>0x8beaf</load_address>
         <run_address>0x8beaf</run_address>
         <size>0xd</size>
         <input_file_ref idref="fl-15"/>
      </object_component>
      <object_component id="oc-41b">
         <name>.text:_ti_sysbios_family_c28_Hwi_dispatchC__I</name>
         <load_address>0x8bebc</load_address>
         <run_address>0x8bebc</run_address>
         <size>0xd</size>
         <input_file_ref idref="fl-21"/>
      </object_component>
      <object_component id="oc-398">
         <name>.text:_ti_sysbios_family_c28_Hwi_restoreIER__E</name>
         <load_address>0x8bec9</load_address>
         <run_address>0x8bec9</run_address>
         <size>0xd</size>
         <input_file_ref idref="fl-15"/>
      </object_component>
      <object_component id="oc-40e">
         <name>.text:_ti_sysbios_knl_Task_SupportProxy_start__E</name>
         <load_address>0x8bed6</load_address>
         <run_address>0x8bed6</run_address>
         <size>0xd</size>
         <input_file_ref idref="fl-15"/>
      </object_component>
      <object_component id="oc-40d">
         <name>.text:_ti_sysbios_knl_Task_enter__I</name>
         <load_address>0x8bee3</load_address>
         <run_address>0x8bee3</run_address>
         <size>0xd</size>
         <input_file_ref idref="fl-21"/>
      </object_component>
      <object_component id="oc-2a4">
         <name>.text:_xdc_runtime_LoggerBuf_write0__E</name>
         <load_address>0x8bef0</load_address>
         <run_address>0x8bef0</run_address>
         <size>0xd</size>
         <input_file_ref idref="fl-2d"/>
      </object_component>
      <object_component id="oc-2a5">
         <name>.text:_xdc_runtime_LoggerBuf_write1__E</name>
         <load_address>0x8befd</load_address>
         <run_address>0x8befd</run_address>
         <size>0xd</size>
         <input_file_ref idref="fl-2d"/>
      </object_component>
      <object_component id="oc-38c">
         <name>.text:_xdc_runtime_Memory_HeapProxy_alloc__E</name>
         <load_address>0x8bf0a</load_address>
         <run_address>0x8bf0a</run_address>
         <size>0xd</size>
         <input_file_ref idref="fl-15"/>
      </object_component>
      <object_component id="oc-37e">
         <name>.text:_xdc_runtime_System_abort__E</name>
         <load_address>0x8bf17</load_address>
         <run_address>0x8bf17</run_address>
         <size>0xd</size>
         <input_file_ref idref="fl-30"/>
      </object_component>
      <object_component id="oc-3b1">
         <name>.text</name>
         <load_address>0x8bf24</load_address>
         <run_address>0x8bf24</run_address>
         <size>0xd</size>
         <input_file_ref idref="fl-57"/>
      </object_component>
      <object_component id="oc-27f">
         <name>.text:_ti_sysbios_BIOS_exitFunc__I</name>
         <load_address>0x8bf31</load_address>
         <run_address>0x8bf31</run_address>
         <size>0xc</size>
         <input_file_ref idref="fl-15"/>
      </object_component>
      <object_component id="oc-2c8">
         <name>.text:_ti_sysbios_gates_GateMutex_leave__E</name>
         <load_address>0x8bf3d</load_address>
         <run_address>0x8bf3d</run_address>
         <size>0xc</size>
         <input_file_ref idref="fl-21"/>
      </object_component>
      <object_component id="oc-3a2">
         <name>.text:_ti_sysbios_knl_Queue_put__E</name>
         <load_address>0x8bf49</load_address>
         <run_address>0x8bf49</run_address>
         <size>0xc</size>
         <input_file_ref idref="fl-21"/>
      </object_component>
      <object_component id="oc-369">
         <name>.text:_ti_sysbios_knl_Task_enabled__E</name>
         <load_address>0x8bf55</load_address>
         <run_address>0x8bf55</run_address>
         <size>0xc</size>
         <input_file_ref idref="fl-21"/>
      </object_component>
      <object_component id="oc-2f6">
         <name>.text:_xdc_runtime_Error_check__E</name>
         <load_address>0x8bf61</load_address>
         <run_address>0x8bf61</run_address>
         <size>0xc</size>
         <input_file_ref idref="fl-2b"/>
      </object_component>
      <object_component id="oc-3e4">
         <name>.text:_xdc_runtime_System_aprintf__E</name>
         <load_address>0x8bf6d</load_address>
         <run_address>0x8bf6d</run_address>
         <size>0xc</size>
         <input_file_ref idref="fl-15"/>
      </object_component>
      <object_component id="oc-3e5">
         <name>.text:_xdc_runtime_System_printf__E</name>
         <load_address>0x8bf79</load_address>
         <run_address>0x8bf79</run_address>
         <size>0xc</size>
         <input_file_ref idref="fl-15"/>
      </object_component>
      <object_component id="oc-32f">
         <name>.text</name>
         <load_address>0x8bf85</load_address>
         <run_address>0x8bf85</run_address>
         <size>0xc</size>
         <input_file_ref idref="fl-4d"/>
      </object_component>
      <object_component id="oc-3af">
         <name>.text</name>
         <load_address>0x8bf91</load_address>
         <run_address>0x8bf91</run_address>
         <size>0xc</size>
         <input_file_ref idref="fl-58"/>
      </object_component>
      <object_component id="oc-423">
         <name>.text:_ti_sysbios_family_c28_Hwi_Module__startupDone__F</name>
         <load_address>0x8bf9d</load_address>
         <run_address>0x8bf9d</run_address>
         <size>0xb</size>
         <input_file_ref idref="fl-15"/>
      </object_component>
      <object_component id="oc-41d">
         <name>.text:_ti_sysbios_family_c28_Timer_Module__startupDone__F</name>
         <load_address>0x8bfa8</load_address>
         <run_address>0x8bfa8</run_address>
         <size>0xb</size>
         <input_file_ref idref="fl-15"/>
      </object_component>
      <object_component id="oc-410">
         <name>.text:_ti_sysbios_knl_Task_unblock__E</name>
         <load_address>0x8bfb3</load_address>
         <run_address>0x8bfb3</run_address>
         <size>0xb</size>
         <input_file_ref idref="fl-21"/>
      </object_component>
      <object_component id="oc-2f7">
         <name>.text:_xdc_runtime_LoggerBuf_Instance_finalize__E</name>
         <load_address>0x8bfbe</load_address>
         <run_address>0x8bfbe</run_address>
         <size>0xb</size>
         <input_file_ref idref="fl-2d"/>
      </object_component>
      <object_component id="oc-2d0">
         <name>.text:_xdc_runtime_Startup_exec__I</name>
         <load_address>0x8bfc9</load_address>
         <run_address>0x8bfc9</run_address>
         <size>0xb</size>
         <input_file_ref idref="fl-15"/>
      </object_component>
      <object_component id="oc-325">
         <name>.text:_xdc_runtime_SysMin_exit__E</name>
         <load_address>0x8bfd4</load_address>
         <run_address>0x8bfd4</run_address>
         <size>0xb</size>
         <input_file_ref idref="fl-31"/>
      </object_component>
      <object_component id="oc-276">
         <name>.text:_xdc_runtime_System_exit__E</name>
         <load_address>0x8bfdf</load_address>
         <run_address>0x8bfdf</run_address>
         <size>0xb</size>
         <input_file_ref idref="fl-30"/>
      </object_component>
      <object_component id="oc-1b5">
         <name>.text</name>
         <load_address>0x8bfea</load_address>
         <run_address>0x8bfea</run_address>
         <size>0xb</size>
         <input_file_ref idref="fl-46"/>
      </object_component>
      <object_component id="oc-3bb">
         <name>.text:_xdc_runtime_IHeap_free</name>
         <load_address>0x8bff5</load_address>
         <run_address>0x8bff5</run_address>
         <size>0xa</size>
         <input_file_ref idref="fl-15"/>
      </object_component>
      <object_component id="oc-330">
         <name>.text:_xdc_runtime_Memory_free__E</name>
         <load_address>0x8bfff</load_address>
         <run_address>0x8bfff</run_address>
         <size>0xa</size>
         <input_file_ref idref="fl-2e"/>
      </object_component>
      <object_component id="oc-418">
         <name>.text:_xdc_runtime_System_vsnprintf__E</name>
         <load_address>0x8c009</load_address>
         <run_address>0x8c009</run_address>
         <size>0xa</size>
         <input_file_ref idref="fl-30"/>
      </object_component>
      <object_component id="oc-336">
         <name>.text:_xdc_runtime_Text_ropeText__E</name>
         <load_address>0x8c013</load_address>
         <run_address>0x8c013</run_address>
         <size>0xa</size>
         <input_file_ref idref="fl-32"/>
      </object_component>
      <object_component id="oc-3be">
         <name>.text:_ti_sysbios_family_c28_TaskSupport_checkStack__E</name>
         <load_address>0x8c01d</load_address>
         <run_address>0x8c01d</run_address>
         <size>0x9</size>
         <input_file_ref idref="fl-21"/>
      </object_component>
      <object_component id="oc-433">
         <name>.text:_ti_sysbios_family_c28_TaskSupport_glue</name>
         <load_address>0x8c026</load_address>
         <run_address>0x8c026</run_address>
         <size>0x9</size>
         <input_file_ref idref="fl-25"/>
      </object_component>
      <object_component id="oc-3de">
         <name>.text:_ti_sysbios_hal_Hwi_Module_startup__E</name>
         <load_address>0x8c02f</load_address>
         <run_address>0x8c02f</run_address>
         <size>0x9</size>
         <input_file_ref idref="fl-21"/>
      </object_component>
      <object_component id="oc-2fa">
         <name>.text</name>
         <load_address>0x8c038</load_address>
         <run_address>0x8c038</run_address>
         <size>0x9</size>
[...]
         <value>0x8b3e8</value>
         <object_component_ref idref="oc-374"/>
      </symbol>
      <symbol id="sm-bda">
         <name>_xdc_runtime_Gate_leaveSystem__E</name>
         <value>0x8c10c</value>
         <object_component_ref idref="oc-2fe"/>
      </symbol>
      <symbol id="sm-bdb">
         <name>_xdc_runtime_Gate_enterSystem__E</name>
         <value>0x8c106</value>
         <object_component_ref idref="oc-2d1"/>
      </symbol>
      <symbol id="sm-c2b">
         <name>_xdc_runtime_LoggerBuf_write0__E</name>
         <value>0x8bef0</value>
         <object_component_ref idref="oc-2a4"/>
      </symbol>
      <symbol id="sm-c2c">
         <name>_xdc_runtime_LoggerBuf_Instance_init__E</name>
         <value>0x8b286</value>
         <object_component_ref idref="oc-2f5"/>
      </symbol>
      <symbol id="sm-c2d">
         <name>_xdc_runtime_LoggerBuf_Module_startup__E</name>
         <value>0x8bb54</value>
         <object_component_ref idref="oc-3d5"/>
      </symbol>
      <symbol id="sm-c2e">
         <name>_xdc_runtime_LoggerBuf_reset__E</name>
         <value>0x8bb6c</value>
         <object_component_ref idref="oc-33e"/>
      </symbol>
      <symbol id="sm-c2f">
         <name>_xdc_runtime_LoggerBuf_Instance_finalize__E</name>
         <value>0x8bfbe</value>
         <object_component_ref idref="oc-2f7"/>
      </symbol>
      <symbol id="sm-c30">
         <name>_xdc_runtime_LoggerBuf_write4__E</name>
         <value>0x8a4f2</value>
         <object_component_ref idref="oc-2a7"/>
      </symbol>
      <symbol id="sm-c31">
         <name>_xdc_runtime_LoggerBuf_getFilterLevel__E</name>
         <value>0x8b12d</value>
         <object_component_ref idref="oc-2aa"/>
      </symbol>
      <symbol id="sm-c32">
         <name>_xdc_runtime_LoggerBuf_disable__E</name>
         <value>0x8c150</value>
         <object_component_ref idref="oc-2a3"/>
      </symbol>
      <symbol id="sm-c33">
         <name>_xdc_runtime_LoggerBuf_setFilterLevel__E</name>
         <value>0x8b16a</value>
         <object_component_ref idref="oc-2a9"/>
      </symbol>
      <symbol id="sm-c34">
         <name>_xdc_runtime_LoggerBuf_write8__E</name>
         <value>0x89c2e</value>
         <object_component_ref idref="oc-2a8"/>
      </symbol>
      <symbol id="sm-c35">
         <name>_xdc_runtime_LoggerBuf_write2__E</name>
         <value>0x8be3d</value>
         <object_component_ref idref="oc-2a6"/>
      </symbol>
      <symbol id="sm-c36">
         <name>_LoggerBuf_instanceStartup</name>
         <value>0x8bb6c</value>
         <object_component_ref idref="oc-33e"/>
      </symbol>
      <symbol id="sm-c37">
         <name>_xdc_runtime_LoggerBuf_filterOutEvent__I</name>
         <value>0x8b785</value>
         <object_component_ref idref="oc-2eb"/>
      </symbol>
      <symbol id="sm-c38">
         <name>_xdc_runtime_LoggerBuf_write1__E</name>
         <value>0x8befd</value>
         <object_component_ref idref="oc-2a5"/>
      </symbol>
      <symbol id="sm-c39">
         <name>_xdc_runtime_LoggerBuf_enable__E</name>
         <value>0x8c11e</value>
         <object_component_ref idref="oc-2a2"/>
      </symbol>
      <symbol id="sm-c55">
         <name>_xdc_runtime_Memory_calloc__E</name>
         <value>0x8c07a</value>
         <object_component_ref idref="oc-32e"/>
      </symbol>
      <symbol id="sm-c56">
         <name>_xdc_runtime_Memory_free__E</name>
         <value>0x8bfff</value>
         <object_component_ref idref="oc-330"/>
      </symbol>
      <symbol id="sm-c57">
         <name>_xdc_runtime_Memory_valloc__E</name>
         <value>0x8bc54</value>
         <object_component_ref idref="oc-386"/>
      </symbol>
      <symbol id="sm-c58">
         <name>_xdc_runtime_Memory_alloc__E</name>
         <value>0x8ade1</value>
         <object_component_ref idref="oc-33d"/>
      </symbol>
      <symbol id="sm-c59">
         <name>_xdc_runtime_Memory_getMaxDefaultTypeAlign__E</name>
         <value>0x8c166</value>
         <object_component_ref idref="oc-38b"/>
      </symbol>
      <symbol id="sm-c7a">
         <name>_xdc_runtime_Startup_startMods__I</name>
         <value>0x8a88f</value>
         <object_component_ref idref="oc-382"/>
      </symbol>
      <symbol id="sm-c7b">
         <name>_xdc_runtime_Startup_exec__E</name>
         <value>0x8b386</value>
         <object_component_ref idref="oc-274"/>
      </symbol>
      <symbol id="sm-d00">
         <name>_xdc_runtime_System_formatNum__I</name>
         <value>0x8b035</value>
         <object_component_ref idref="oc-427"/>
      </symbol>
      <symbol id="sm-d01">
         <name>_xdc_runtime_System_exit__E</name>
         <value>0x8bfdf</value>
         <object_component_ref idref="oc-276"/>
      </symbol>
      <symbol id="sm-d02">
         <name>_xdc_runtime_System_exitStd__E</name>
         <value>0x8c19d</value>
         <object_component_ref idref="oc-2d3"/>
      </symbol>
      <symbol id="sm-d03">
         <name>_xdc_runtime_System_printf_va__F</name>
         <value>0x8baf1</value>
         <object_component_ref idref="oc-3fe"/>
      </symbol>
      <symbol id="sm-d04">
         <name>_xdc_runtime_System_atexit__E</name>
         <value>0x8b7a6</value>
         <object_component_ref idref="oc-2af"/>
      </symbol>
      <symbol id="sm-d05">
         <name>_xdc_runtime_System_abortStd__E</name>
         <value>0x8c19a</value>
         <object_component_ref idref="oc-3cc"/>
      </symbol>
      <symbol id="sm-d06">
         <name>_xdc_runtime_System_putchar__I</name>
         <value>0x8ba41</value>
         <object_component_ref idref="oc-428"/>
      </symbol>
      <symbol id="sm-d07">
         <name>_xdc_runtime_System_snprintf_va__F</name>
         <value>0x8c009</value>
         <object_component_ref idref="oc-418"/>
      </symbol>
      <symbol id="sm-d08">
         <name>_xdc_runtime_System_Module_startup__E</name>
         <value>0x8c194</value>
         <object_component_ref idref="oc-3d6"/>
      </symbol>
      <symbol id="sm-d09">
         <name>_xdc_runtime_System_avprintf__E</name>
         <value>0x8ba27</value>
         <object_component_ref idref="oc-3fd"/>
      </symbol>
      <symbol id="sm-d0a">
         <name>_xdc_runtime_System_vprintf__E</name>
         <value>0x8baf1</value>
         <object_component_ref idref="oc-3fe"/>
      </symbol>
      <symbol id="sm-d0b">
         <name>_xdc_runtime_System_aprintf_va__F</name>
         <value>0x8ba27</value>
         <object_component_ref idref="oc-3fd"/>
      </symbol>
      <symbol id="sm-d0c">
         <name>_xdc_runtime_System_doPrint__I</name>
         <value>0x88e6b</value>
         <object_component_ref idref="oc-41a"/>
      </symbol>
      <symbol id="sm-d0d">
         <name>_xdc_runtime_System_processAtExit__E</name>
         <value>0x8b6f8</value>
         <object_component_ref idref="oc-28d"/>
      </symbol>
      <symbol id="sm-d0e">
         <name>_xdc_runtime_System_vsnprintf__E</name>
         <value>0x8c009</value>
         <object_component_ref idref="oc-418"/>
      </symbol>
      <symbol id="sm-d0f">
         <name>_xdc_runtime_System_abort__E</name>
         <value>0x8bf17</value>
         <object_component_ref idref="oc-37e"/>
      </symbol>
      <symbol id="sm-d2f">
         <name>_xdc_runtime_SysMin_abort__E</name>
         <value>0x8bc97</value>
         <object_component_ref idref="oc-3cb"/>
      </symbol>
      <symbol id="sm-d30">
         <name>_xdc_runtime_SysMin_ready__E</name>
         <value>0x8c082</value>
         <object_component_ref idref="oc-425"/>
      </symbol>
      <symbol id="sm-d31">
         <name>_xdc_runtime_SysMin_flush__E</name>
         <value>0x8b631</value>
         <object_component_ref idref="oc-385"/>
      </symbol>
      <symbol id="sm-d32">
         <name>_xdc_runtime_SysMin_Module_startup__E</name>
         <value>0x8be00</value>
         <object_component_ref idref="oc-3d7"/>
      </symbol>
      <symbol id="sm-d33">
         <name>_xdc_runtime_SysMin_putch__E</name>
         <value>0x8b884</value>
         <object_component_ref idref="oc-3d4"/>
      </symbol>
      <symbol id="sm-d34">
         <name>_xdc_runtime_SysMin_exit__E</name>
         <value>0x8bfd4</value>
         <object_component_ref idref="oc-325"/>
      </symbol>
      <symbol id="sm-d7b">
         <name>_xdc_runtime_Text_putLab__E</name>
         <value>0x8ae89</value>
         <object_component_ref idref="oc-436"/>
      </symbol>
      <symbol id="sm-d7c">
         <name>_xdc_runtime_Text_printVisFxn__I</name>
         <value>0x8bb0a</value>
         <object_component_ref idref="oc-417"/>
      </symbol>
      <symbol id="sm-d7d">
         <name>_xdc_runtime_Text_putMod__E</name>
         <value>0x8b0b2</value>
         <object_component_ref idref="oc-3fb"/>
      </symbol>
      <symbol id="sm-d7e">
         <name>_xdc_runtime_Text_cordText__E</name>
         <value>0x8bd0f</value>
         <object_component_ref idref="oc-331"/>
      </symbol>
      <symbol id="sm-d7f">
         <name>_xdc_runtime_Text_xprintf__I</name>
         <value>0x8b65a</value>
         <object_component_ref idref="oc-3fc"/>
      </symbol>
      <symbol id="sm-d80">
         <name>_xdc_runtime_Text_visitRope2__I</name>
         <value>0x8b354</value>
         <object_component_ref idref="oc-42f"/>
      </symbol>
      <symbol id="sm-d81">
         <name>_xdc_runtime_Text_ropeText__E</name>
         <value>0x8c013</value>
         <object_component_ref idref="oc-336"/>
      </symbol>
      <symbol id="sm-d82">
         <name>_xdc_runtime_Text_putSite__E</name>
         <value>0x8aa60</value>
         <object_component_ref idref="oc-3e3"/>
      </symbol>
      <symbol id="sm-d8f">
         <name>___xdc__init</name>
         <value>0x8c16a</value>
         <object_component_ref idref="oc-277"/>
      </symbol>
      <symbol id="sm-db1">
         <name>_xdc_runtime_Registry_findById__E</name>
         <value>0x8be4c</value>
         <object_component_ref idref="oc-415"/>
      </symbol>
      <symbol id="sm-dcb">
         <name>_c_int00</name>
         <value>0x8ac0d</value>
         <object_component_ref idref="oc-77"/>
      </symbol>
      <symbol id="sm-dcc">
         <name>__stack</name>
         <value>0x8000</value>
         <object_component_ref idref="oc-19c"/>
      </symbol>
      <symbol id="sm-de7">
         <name>FS$$DIV</name>
         <value>0x8a608</value>
         <object_component_ref idref="oc-1a6"/>
      </symbol>
      <symbol id="sm-df3">
         <name>LL$$AND</name>
         <value>0x8bb84</value>
         <object_component_ref idref="oc-1ab"/>
      </symbol>
      <symbol id="sm-df4">
         <name>LL$$OR</name>
         <value>0x8bb8c</value>
         <object_component_ref idref="oc-1ab"/>
      </symbol>
      <symbol id="sm-df5">
         <name>LL$$XOR</name>
         <value>0x8bb94</value>
         <object_component_ref idref="oc-1ab"/>
      </symbol>
      <symbol id="sm-e21">
         <name>ULL$$MOD</name>
         <value>0x899ff</value>
         <object_component_ref idref="oc-1b0"/>
      </symbol>
      <symbol id="sm-e22">
         <name>ULL$$DIV</name>
         <value>0x899d0</value>
         <object_component_ref idref="oc-1b0"/>
      </symbol>
      <symbol id="sm-e23">
         <name>LL$$MOD</name>
         <value>0x89996</value>
         <object_component_ref idref="oc-1b0"/>
      </symbol>
      <symbol id="sm-e24">
         <name>LL$$DIV</name>
         <value>0x8995a</value>
         <object_component_ref idref="oc-1b0"/>
      </symbol>
      <symbol id="sm-e30">
         <name>U$$MOD</name>
         <value>0x8bfef</value>
         <object_component_ref idref="oc-1b5"/>
      </symbol>
      <symbol id="sm-e31">
         <name>U$$DIV</name>
         <value>0x8bfea</value>
         <object_component_ref idref="oc-1b5"/>
      </symbol>
      <symbol id="sm-e3d">
         <name>UL$$MOD</name>
         <value>0x8b62b</value>
         <object_component_ref idref="oc-1ba"/>
      </symbol>
      <symbol id="sm-e3e">
         <name>L$$MOD</name>
         <value>0x8b616</value>
         <object_component_ref idref="oc-1ba"/>
      </symbol>
      <symbol id="sm-e3f">
         <name>L$$DIV</name>
         <value>0x8b607</value>
         <object_component_ref idref="oc-1ba"/>
      </symbol>
      <symbol id="sm-e40">
         <name>UL$$DIV</name>
         <value>0x8b624</value>
         <object_component_ref idref="oc-1ba"/>
      </symbol>
      <symbol id="sm-e4f">
         <name>_copy_in</name>
         <value>0x8b71c</value>
         <object_component_ref idref="oc-273"/>
      </symbol>
      <symbol id="sm-e60">
         <name>_memcpy</name>
         <value>0x8b8c0</value>
         <object_component_ref idref="oc-289"/>
      </symbol>
      <symbol id="sm-e74">
         <name>C$$EXIT</name>
         <value>0x8b683</value>
         <object_component_ref idref="oc-326"/>
      </symbol>
      <symbol id="sm-e75">
         <name>_exit</name>
         <value>0x8b685</value>
         <object_component_ref idref="oc-326"/>
      </symbol>
      <symbol id="sm-e76">
         <name>___TI_cleanup_ptr</name>
         <value>0xef3a</value>
         <object_component_ref idref="oc-1cb"/>
      </symbol>
      <symbol id="sm-e77">
         <name>___TI_enable_exit_profile_output</name>
         <value>0xef38</value>
         <object_component_ref idref="oc-1cb"/>
      </symbol>
      <symbol id="sm-e78">
         <name>_abort</name>
         <value>0x8b683</value>
         <object_component_ref idref="oc-326"/>
      </symbol>
      <symbol id="sm-e79">
         <name>___TI_dtors_ptr</name>
         <value>0xef3c</value>
         <object_component_ref idref="oc-1cb"/>
      </symbol>
      <symbol id="sm-e8d">
         <name>__unlock</name>
         <value>0x10058</value>
         <object_component_ref idref="oc-340"/>
      </symbol>
      <symbol id="sm-e8e">
         <name>__lock</name>
         <value>0xef3e</value>
         <object_component_ref idref="oc-341"/>
      </symbol>
      <symbol id="sm-e8f">
         <name>__register_lock</name>
         <value>0x8c03c</value>
         <object_component_ref idref="oc-2fa"/>
      </symbol>
      <symbol id="sm-e90">
         <name>__nop</name>
         <value>0x8c040</value>
         <object_component_ref idref="oc-2fa"/>
      </symbol>
      <symbol id="sm-e91">
         <name>__register_unlock</name>
         <value>0x8c038</value>
         <object_component_ref idref="oc-2fa"/>
      </symbol>
      <symbol id="sm-ea0">
         <name>__args_main</name>
         <value>0x8bb23</value>
         <object_component_ref idref="oc-275"/>
      </symbol>
      <symbol id="sm-eae">
         <name>_memset</name>
         <value>0x8bf85</value>
         <object_component_ref idref="oc-32f"/>
      </symbol>
      <symbol id="sm-ec4">
         <name>_strlen</name>
         <value>0x8c08a</value>
         <object_component_ref idref="oc-31e"/>
      </symbol>
      <symbol id="sm-ed1">
         <name>_HOSTwrite</name>
         <value>0x8b218</value>
         <object_component_ref idref="oc-3df"/>
      </symbol>
      <symbol id="sm-eea">
         <name>___TI_readmsg</name>
         <value>0x8a428</value>
         <object_component_ref idref="oc-3fa"/>
      </symbol>
      <symbol id="sm-eeb">
         <name>C$$IO$$</name>
         <value>0x8a423</value>
         <object_component_ref idref="oc-3fa"/>
      </symbol>
      <symbol id="sm-eec">
         <name>__CIOBUF_</name>
         <value>0x8c00</value>
         <object_component_ref idref="oc-1ef"/>
      </symbol>
      <symbol id="sm-eed">
         <name>___TI_writemsg</name>
         <value>0x8a3d0</value>
         <object_component_ref idref="oc-3fa"/>
      </symbol>
      <symbol id="sm-efb">
         <name>_vsprintf</name>
         <value>0x8b418</value>
         <object_component_ref idref="oc-31d"/>
      </symbol>
      <symbol id="sm-1027">
         <name>___TI_printfi</name>
         <value>0x88ae2</value>
         <object_component_ref idref="oc-373"/>
      </symbol>
      <symbol id="sm-103b">
         <name>_atoi</name>
         <value>0x8b3b7</value>
         <object_component_ref idref="oc-3ab"/>
      </symbol>
      <symbol id="sm-1043">
         <name>__ctypes_</name>
         <value>0x8391e</value>
         <object_component_ref idref="oc-3c8"/>
      </symbol>
      <symbol id="sm-1051">
         <name>_ltoa</name>
         <value>0x8b4d2</value>
         <object_component_ref idref="oc-3ac"/>
      </symbol>
      <symbol id="sm-1060">
         <name>_memccpy</name>
         <value>0x8bf24</value>
         <object_component_ref idref="oc-3b1"/>
      </symbol>
      <symbol id="sm-106f">
         <name>_strchr</name>
         <value>0x8bf91</value>
         <object_component_ref idref="oc-3af"/>
      </symbol>
      <symbol id="sm-107c">
         <name>_strcpy</name>
         <value>0x8c155</value>
         <object_component_ref idref="oc-3b0"/>
      </symbol>
      <symbol id="sm-1088">
         <name>_parmbuf</name>
         <value>0xef30</value>
         <object_component_ref idref="oc-21c"/>
      </symbol>
      <symbol id="sm-109b">
         <name>_frexpl</name>
         <value>0x8ad30</value>
         <object_component_ref idref="oc-3ad"/>
      </symbol>
      <symbol id="sm-10b8">
         <name>_scalbnl</name>
         <value>0x89e83</value>
         <object_component_ref idref="oc-3ae"/>
      </symbol>
      <symbol id="sm-10b9">
         <name>_ldexpl</name>
         <value>0x89e83</value>
         <object_component_ref idref="oc-3ae"/>
      </symbol>
      <symbol id="sm-10d4">
         <name>FD$$ADD</name>
         <value>0x8a298</value>
         <object_component_ref idref="oc-22d"/>
      </symbol>
      <symbol id="sm-10e4">
         <name>FD$$CMP</name>
         <value>0x8b5dd</value>
         <object_component_ref idref="oc-232"/>
      </symbol>
      <symbol id="sm-10fb">
         <name>FD$$DIV</name>
         <value>0x8a57d</value>
         <object_component_ref idref="oc-237"/>
      </symbol>
      <symbol id="sm-110d">
         <name>FD$$MPY</name>
         <value>0x8a690</value>
         <object_component_ref idref="oc-23c"/>
      </symbol>
      <symbol id="sm-111a">
         <name>FD$$NEG</name>
         <value>0x8c041</value>
         <object_component_ref idref="oc-241"/>
      </symbol>
      <symbol id="sm-1126">
         <name>FD$$SUB</name>
         <value>0x8be94</value>
         <object_component_ref idref="oc-246"/>
      </symbol>
      <symbol id="sm-1135">
         <name>FD$$TOI</name>
         <value>0x8b7c7</value>
         <object_component_ref idref="oc-24b"/>
      </symbol>
      <symbol id="sm-1144">
         <name>FD$$TOL</name>
         <value>0x8b865</value>
         <object_component_ref idref="oc-250"/>
      </symbol>
      <symbol id="sm-1152">
         <name>ULL$$CMP</name>
         <value>0x8b8b4</value>
         <object_component_ref idref="oc-255"/>
      </symbol>
      <symbol id="sm-1153">
         <name>LL$$CMP</name>
         <value>0x8b8a2</value>
         <object_component_ref idref="oc-255"/>
      </symbol>
      <symbol id="sm-1163">
         <name>I$$TOFD</name>
         <value>0x8b8fb</value>
         <object_component_ref idref="oc-25a"/>
      </symbol>
      <symbol id="sm-1173">
         <name>L$$TOFD</name>
         <value>0x8b950</value>
         <object_component_ref idref="oc-25f"/>
      </symbol>
      <symbol id="sm-1183">
         <name>FS$$TOFD</name>
         <value>0x8b934</value>
         <object_component_ref idref="oc-264"/>
      </symbol>
      <symbol id="sm-118d">
         <name>_errno</name>
         <value>0x10043</value>
         <object_component_ref idref="oc-26b"/>
      </symbol>
      <symbol id="sm-119a">
         <name>_copysignl</name>
         <value>0x8b740</value>
         <object_component_ref idref="oc-3c9"/>
      </symbol>
   </symbol_table>
   <title>Link successful</title>
</link_info>
