******************************************************************************
             TMS320C2000 Linker PC v17.6.0                     
******************************************************************************
>> Linked Fri Mar 29 10:39:09 2019

OUTPUT FILE NAME:   <Cheapli_SE420_cpu2.out>
ENTRY POINT SYMBOL: "_c_int00"  address: 0008ac0d


MEMORY CONFIGURATION

         name            origin    length      used     unused   attr    fill
----------------------  --------  ---------  --------  --------  ----  --------
PAGE 0:
  D01SARAM              0000b000   00001000  00000000  00001000  RWIX
  BEGIN                 00080000   00000002  00000002  00000000  RWIX
  FLASHA                00080002   00001ffe  000006a0  0000195e  RWIX
  FLASHB                00082000   00002000  00001efa  00000106  RWIX
  FLASHC                00084000   00002000  00000000  00002000  RWIX
  FLASHD                00086000   00002000  00000000  00002000  RWIX
  FLASHE                00088000   00008000  000041ad  00003e53  RWIX
  FLASHF                00090000   00008000  00000000  00008000  RWIX
  FLASHG                00098000   00008000  00000000  00008000  RWIX
  FLASHH                000a0000   00008000  00000000  00008000  RWIX
  FLASHI                000a8000   00008000  00000000  00008000  RWIX
  FLASHJ                000b0000   00008000  00000000  00008000  RWIX
  FLASHK                000b8000   00002000  00000000  00002000  RWIX
  FLASHL                000ba000   00002000  00000000  00002000  RWIX
  FLASHM                000bc000   00002000  00000000  00002000  RWIX
  FLASHN                000be000   00002000  00000000  00002000  RWIX
  RESET                 003fffc0   00000002  00000000  00000002  RWIX

PAGE 1:
  BOOT_RSVD             00000002   0000007e  00000000  0000007e  RWIX
  M1SARAM               00000400   00000400  00000197  00000269  RWIX
  ADCA_RESULT           00000b00   00000020  00000018  00000008  RWIX
  ADCB_RESULT           00000b20   00000020  00000018  00000008  RWIX
  ADCC_RESULT           00000b40   00000020  00000018  00000008  RWIX
  ADCD_RESULT           00000b60   00000020  00000018  00000008  RWIX
  CPU_TIMER0            00000c00   00000008  00000008  00000000  RWIX
  CPU_TIMER1            00000c08   00000008  00000008  00000000  RWIX
  CPU_TIMER2            00000c10   00000008  00000008  00000000  RWIX
  PIE_CTRL              00000ce0   00000020  0000001a  00000006  RWIX
  PIE_VECT              00000d00   00000200  00000000  00000200  RWIX
  DMA                   00001000   00000200  000000e0  00000120  RWIX
  CLA1                  00001400   00000040  0000003c  00000004  RWIX
  EPWM1                 00004000   00000100  00000100  00000000  RWIX
  EPWM2                 00004100   00000100  00000100  00000000  RWIX
  EPWM3                 00004200   00000100  00000100  00000000  RWIX
  EPWM4                 00004300   00000100  00000100  00000000  RWIX
  EPWM5                 00004400   00000100  00000100  00000000  RWIX
  EPWM6                 00004500   00000100  00000100  00000000  RWIX
  EPWM7                 00004600   00000100  00000100  00000000  RWIX
  EPWM8                 00004700   00000100  00000100  00000000  RWIX
  EPWM9                 00004800   00000100  00000100  00000000  RWIX
  EPWM10                00004900   00000100  00000100  00000000  RWIX
  EPWM11                00004a00   00000100  00000100  00000000  RWIX
  EPWM12                00004b00   00000100  00000100  00000000  RWIX
  ECAP1                 00005000   00000020  00000020  00000000  RWIX
  ECAP2                 00005020   00000020  00000020  00000000  RWIX
  ECAP3                 00005040   00000020  00000020  00000000  RWIX
  ECAP4                 00005060   00000020  00000020  00000000  RWIX
  ECAP5                 00005080   00000020  00000020  00000000  RWIX
  ECAP6                 000050a0   00000020  00000020  00000000  RWIX
  EQEP1                 00005100   00000040  00000022  0000001e  RWIX
  EQEP2                 00005140   00000040  00000022  0000001e  RWIX
  EQEP3                 00005180   00000040  00000022  0000001e  RWIX
  DACA                  00005c00   00000010  00000008  00000008  RWIX
  DACB                  00005c10   00000010  00000008  00000008  RWIX
  DACC                  00005c20   00000010  00000008  00000008  RWIX
  CMPSS1                00005c80   00000020  00000020  00000000  RWIX
  CMPSS2                00005ca0   00000020  00000020  00000000  RWIX
  CMPSS3                00005cc0   00000020  00000020  00000000  RWIX
  CMPSS4                00005ce0   00000020  00000020  00000000  RWIX
  CMPSS5                00005d00   00000020  00000020  00000000  RWIX
  CMPSS6                00005d20   00000020  00000020  00000000  RWIX
  CMPSS7                00005d40   00000020  00000020  00000000  RWIX
  CMPSS8                00005d60   00000020  00000020  00000000  RWIX
  SDFM1                 00005e00   00000080  00000080  00000000  RWIX
  SDFM2                 00005e80   00000080  00000080  00000000  RWIX
  MCBSPA                00006000   00000040  00000024  0000001c  RWIX
  MCBSPB                00006040   00000040  00000024  0000001c  RWIX
  SPIA                  00006100   00000010  00000010  00000000  RWIX
  SPIB                  00006110   00000010  00000010  00000000  RWIX
  SPIC                  00006120   00000010  00000010  00000000  RWIX
  SPID                  00006130   00000010  00000000  00000010  RWIX
  WD                    00007000   00000040  0000002b  00000015  RWIX
  NMIINTRUPT            00007060   00000010  00000007  00000009  RWIX
  XINT                  00007070   00000010  0000000b  00000005  RWIX
  SCIA                  00007200   00000010  00000010  00000000  RWIX
  SCIB                  00007210   00000010  00000010  00000000  RWIX
  SCIC                  00007220   00000010  00000010  00000000  RWIX
  SCID                  00007230   00000010  00000010  00000000  RWIX
  I2CA                  00007300   00000040  00000022  0000001e  RWIX
  I2CB                  00007340   00000040  00000022  0000001e  RWIX
  ADCA                  00007400   00000080  00000080  00000000  RWIX
  ADCB                  00007480   00000080  00000080  00000000  RWIX
  ADCC                  00007500   00000080  00000080  00000000  RWIX
  ADCD                  00007580   00000080  00000080  00000000  RWIX
  TRIG                  00007900   00000050  00000000  00000050  RWIX
  DMACLASRCSEL          00007980   00000040  0000001a  00000026  RWIX
  GPIOCTRL              00007c00   00000180  00000000  00000180  RWIX
  GPIODAT               00007f00   00000030  00000030  00000000  RWIX
  LS05SARAM             00008000   00003000  00000d20  000022e0  RWIX
  RAMGS07               0000c000   00008000  00004bc0  00003440  RWIX
  RAMGS815              00014000   00008000  00000000  00008000  RWIX
  CPU2TOCPU1RAM         0003f800   00000400  00000088  00000378  RWIX
  CPU1TOCPU2RAM         0003fc00   00000400  00000000  00000400  RWIX
  EMIF1                 00047000   00000800  00000070  00000790  RWIX
  EMIF2                 00047800   00000800  00000070  00000790  RWIX
  IPC                   00050000   00001000  00000026  00000fda  RWIX
  DEV_CFG               0005d000   00000200  00000000  00000200  RWIX
  CLK_CFG               0005d200   00000100  00000032  000000ce  RWIX
  CPU_SYS               0005d300   00000100  00000082  0000007e  RWIX
  DCSM_Z1               0005f000   00000030  00000024  0000000c  RWIX
  DCSM_Z2               0005f040   00000030  00000024  0000000c  RWIX
  DCSM_COMMON           0005f070   00000010  00000008  00000008  RWIX
  MEMCFG                0005f400   00000080  00000080  00000000  RWIX
  EMIF1CONFIG           0005f480   00000020  00000020  00000000  RWIX
  ACCESSPROTECTION      0005f4c0   00000040  00000040  00000000  RWIX
  MEMORYERROR           0005f500   00000040  00000040  00000000  RWIX
  FLASH0_CTRL           0005f800   00000300  00000182  0000017e  RWIX
  FLASH0_ECC            0005fb00   00000040  00000028  00000018  RWIX
  DCSM_Z1_OTP           00078000   00000020  00000020  00000000  RWIX
  DCSM_Z2_OTP           00078200   00000020  00000020  00000000  RWIX


SECTION ALLOCATION MAP

 output                                  attributes/
section   page    origin      length       input sections
--------  ----  ----------  ----------   ----------------
xdc.meta   0    00000000    00000109     COPY SECTION
                  00000000    00000109     Cheapli_SE420_cpu2_p28FP.o28FP (xdc.meta)

codestart 
*          0    00080000    00000002     
                  00080000    00000002     F2837xD_CodeStartBranch.obj (codestart)

ramfuncs   0    00080002    00000197     RUN ADDR = 00000400
                  00080002    0000016e     f28377sSerial.obj (ramfuncs)
                  00080170    00000025     F2837xD_SysCtrl.obj (ramfuncs)
                  00080195    00000004     F2837xD_usDelay.obj (ramfuncs)

.binit     0    00080004    00000000     

.cinit     0    00080199    000004ed     
                  00080199    00000499     Cheapli_SE420_cpu2_p28FP.o28FP (.cinit)
                  00080632    00000036     user_Cheapli_SE420_cpu2.obj (.cinit)
                  00080668    0000000e     rts2800_fpu32.lib : exit.obj (.cinit)
                  00080676    00000005                       : _lock.obj (.cinit:__lock)
                  0008067b    00000005                       : _lock.obj (.cinit:__unlock)
                  00080680    00000004                       : errno.obj (.cinit)
                  00080684    00000002     --HOLE-- [fill = 0]

.pinit     0    00080002    00000000     UNINITIALIZED

.switch    0    00080686    0000001c     
                  00080686    0000001c     sysbios.a28FP : BIOS.obj (.switch:_ti_sysbios_family_c28_Hwi_clearInterrupt__E)

.econst    0    00082000    00001efa     
                  00082000    0000175e     Cheapli_SE420_cpu2_p28FP.o28FP (.econst:xdc_runtime_Text_charTab__A)
                  0008375e    000001c0     Cheapli_SE420_cpu2_p28FP.o28FP (.econst:_ti_sysbios_family_c28_Hwi_vectors)
                  0008391e    00000101     rts2800_fpu32.lib : ctype.obj (.econst:.string:__ctypes_)
                  00083a1f    00000001     Cheapli_SE420_cpu2_p28FP.o28FP (.econst:ti_sysbios_family_c28_Hwi_Module__id__C)
                  00083a20    00000085     Cheapli_SE420_cpu2_p28FP.o28FP (.econst:.string)
                  00083aa5    00000001     Cheapli_SE420_cpu2_p28FP.o28FP (.econst:ti_sysbios_family_c28_Hwi_Module__loggerDefined__C)
                  00083aa6    00000058     ti.targets.rts2800.a28FP : Error.o28FP (.econst:.string)
                  00083afe    00000058     Cheapli_SE420_cpu2_p28FP.o28FP (.econst:xdc_runtime_Text_nodeTab__A)
                  00083b56    00000047     ti.targets.rts2800.a28FP : Log.o28FP (.econst:.string)
                  00083b9d    00000001     Cheapli_SE420_cpu2_p28FP.o28FP (.econst:ti_sysbios_family_c28_Hwi_NUM_INTERRUPTS_ALL__C)
                  00083b9e    00000043     ti.targets.rts2800.a28FP : Text.o28FP (.econst:.string)
                  00083be1    00000001     Cheapli_SE420_cpu2_p28FP.o28FP (.econst:ti_sysbios_family_c28_Hwi_Object__count__C)
                  00083be2    0000002a     ti.targets.rts2800.a28FP : Startup.o28FP (.econst:.string)
                  00083c0c    00000026     rts2800_fpu32.lib : _printfi.obj (.econst:.string)
                  00083c32    0000001e     Cheapli_SE420_cpu2_p28FP.o28FP (.econst:xdc_runtime_LoggerBuf_Module__FXNS__C)
                  00083c50    0000001c     rts2800_fpu32.lib : _printfi.obj (.econst)
                  00083c6c    0000001c                       : s_scalbn.obj (.econst)
                  00083c88    00000019     ti.targets.rts2800.a28FP : System.o28FP (.econst:.string)
                  00083ca1    00000001     Cheapli_SE420_cpu2_p28FP.o28FP (.econst:ti_sysbios_family_c28_TaskSupport_Module__id__C)
                  00083ca2    00000014     Cheapli_SE420_cpu2_p28FP.o28FP (.econst:ti_sysbios_heaps_HeapMem_Module__FXNS__C)
                  00083cb6    00000014     Cheapli_SE420_cpu2_p28FP.o28FP (.econst:xdc_runtime_Startup_sfxnTab__A)
                  00083cca    00000012     Cheapli_SE420_cpu2_p28FP.o28FP (.econst:ti_sysbios_gates_GateHwi_Module__FXNS__C)
                  00083cdc    00000012     Cheapli_SE420_cpu2_p28FP.o28FP (.econst:ti_sysbios_gates_GateMutex_Module__FXNS__C)
                  00083cee    00000012     Cheapli_SE420_cpu2_p28FP.o28FP (.econst:ti_sysbios_heaps_HeapMem_Object__PARAMS__C)
                  00083d00    00000012     Cheapli_SE420_cpu2_p28FP.o28FP (.econst:xdc_runtime_LoggerBuf_Object__PARAMS__C)
                  00083d12    00000010     Cheapli_SE420_cpu2_p28FP.o28FP (.econst:ti_sysbios_gates_GateHwi_Object__DESC__C)
                  00083d22    00000010     Cheapli_SE420_cpu2_p28FP.o28FP (.econst:ti_sysbios_gates_GateMutex_Object__DESC__C)
                  00083d32    00000010     Cheapli_SE420_cpu2_p28FP.o28FP (.econst:ti_sysbios_heaps_HeapMem_Object__DESC__C)
                  00083d42    00000010     Cheapli_SE420_cpu2_p28FP.o28FP (.econst:ti_sysbios_knl_Queue_Object__DESC__C)
                  00083d52    00000010     Cheapli_SE420_cpu2_p28FP.o28FP (.econst:ti_sysbios_knl_Semaphore_Object__DESC__C)
                  00083d62    00000010     Cheapli_SE420_cpu2_p28FP.o28FP (.econst:ti_sysbios_knl_Semaphore_Object__PARAMS__C)
                  00083d72    00000010     Cheapli_SE420_cpu2_p28FP.o28FP (.econst:xdc_runtime_LoggerBuf_Object__DESC__C)
                  00083d82    0000000e     Cheapli_SE420_cpu2_p28FP.o28FP (.econst)
                  00083d90    0000000c     Cheapli_SE420_cpu2_p28FP.o28FP (.econst:ti_sysbios_gates_GateHwi_Object__PARAMS__C)
                  00083d9c    0000000c     Cheapli_SE420_cpu2_p28FP.o28FP (.econst:ti_sysbios_gates_GateMutex_Object__PARAMS__C)
                  00083da8    0000000c     Cheapli_SE420_cpu2_p28FP.o28FP (.econst:ti_sysbios_knl_Queue_Object__PARAMS__C)
                  00083db4    0000000a     Cheapli_SE420_cpu2_p28FP.o28FP (.econst:xdc_runtime_Startup_sfxnRts__A)
                  00083dbe    00000008     rts2800_fpu32.lib : s_frexp.obj (.econst)
                  00083dc6    00000005     ti.targets.rts2800.a28FP : Assert.o28FP (.econst:.string)
                  00083dcb    00000001     Cheapli_SE420_cpu2_p28FP.o28FP (.econst:ti_sysbios_family_c28_Timer_startupNeeded__C)
                  00083dcc    00000004     Cheapli_SE420_cpu2_p28FP.o28FP (.econst:ti_sysbios_knl_Idle_funcList__C)
                  00083dd0    00000004     Cheapli_SE420_cpu2_p28FP.o28FP (.econst:xdc_runtime_Startup_firstFxns__A)
                  00083dd4    00000004     Cheapli_SE420_cpu2_p28FP.o28FP (.econst:xdc_runtime_Startup_firstFxns__C)
                  00083dd8    00000004     Cheapli_SE420_cpu2_p28FP.o28FP (.econst:xdc_runtime_Startup_lastFxns__C)
                  00083ddc    00000002     Cheapli_SE420_cpu2_p28FP.o28FP (.econst:ti_sysbios_BIOS_installedErrorHook__C)
                  00083dde    00000002     Cheapli_SE420_cpu2_p28FP.o28FP (.econst:ti_sysbios_family_c28_Hwi_A_badIntNum__C)
                  00083de0    00000002     Cheapli_SE420_cpu2_p28FP.o28FP (.econst:ti_sysbios_family_c28_Hwi_A_invalidArg__C)
                  00083de2    00000002     Cheapli_SE420_cpu2_p28FP.o28FP (.econst:ti_sysbios_family_c28_Hwi_E_unpluggedInterrupt__C)
                  00083de4    00000002     Cheapli_SE420_cpu2_p28FP.o28FP (.econst:ti_sysbios_family_c28_Hwi_LD_end__C)
                  00083de6    00000002     Cheapli_SE420_cpu2_p28FP.o28FP (.econst:ti_sysbios_family_c28_Hwi_LM_begin__C)
                  00083de8    00000002     Cheapli_SE420_cpu2_p28FP.o28FP (.econst:ti_sysbios_family_c28_Hwi_Module__diagsEnabled__C)
                  00083dea    00000002     Cheapli_SE420_cpu2_p28FP.o28FP (.econst:ti_sysbios_family_c28_Hwi_Module__diagsIncluded__C)
                  00083dec    00000002     Cheapli_SE420_cpu2_p28FP.o28FP (.econst:ti_sysbios_family_c28_Hwi_Module__diagsMask__C)
                  00083dee    00000002     Cheapli_SE420_cpu2_p28FP.o28FP (.econst:ti_sysbios_family_c28_Hwi_Module__loggerFxn1__C)
                  00083df0    00000002     Cheapli_SE420_cpu2_p28FP.o28FP (.econst:ti_sysbios_family_c28_Hwi_Module__loggerFxn8__C)
                  00083df2    00000002     Cheapli_SE420_cpu2_p28FP.o28FP (.econst:ti_sysbios_family_c28_Hwi_Module__loggerObj__C)
                  00083df4    00000002     Cheapli_SE420_cpu2_p28FP.o28FP (.econst:ti_sysbios_family_c28_Hwi_Object__table__C)
                  00083df6    00000002     Cheapli_SE420_cpu2_p28FP.o28FP (.econst:ti_sysbios_family_c28_TaskSupport_E_invalidStack__C)
                  00083df8    00000002     Cheapli_SE420_cpu2_p28FP.o28FP (.econst:ti_sysbios_gates_GateMutex_A_badContext__C)
                  00083dfa    00000002     Cheapli_SE420_cpu2_p28FP.o28FP (.econst:ti_sysbios_gates_GateMutex_Instance_State_sem__O)
                  00083dfc    00000002     Cheapli_SE420_cpu2_p28FP.o28FP (.econst:ti_sysbios_gates_GateMutex_Module__diagsEnabled__C)
                  00083dfe    00000002     Cheapli_SE420_cpu2_p28FP.o28FP (.econst:ti_sysbios_gates_GateMutex_Module__diagsIncluded__C)
                  00083e00    00000002     Cheapli_SE420_cpu2_p28FP.o28FP (.econst:ti_sysbios_gates_GateMutex_Module__diagsMask__C)
                  00083e02    00000002     Cheapli_SE420_cpu2_p28FP.o28FP (.econst:ti_sysbios_hal_Hwi_E_stackOverflow__C)
                  00083e04    00000002     Cheapli_SE420_cpu2_p28FP.o28FP (.econst:ti_sysbios_heaps_HeapMem_A_align__C)
                  00083e06    00000002     Cheapli_SE420_cpu2_p28FP.o28FP (.econst:ti_sysbios_heaps_HeapMem_A_heapSize__C)
                  00083e08    00000002     Cheapli_SE420_cpu2_p28FP.o28FP (.econst:ti_sysbios_heaps_HeapMem_A_invalidFree__C)
                  00083e0a    00000002     Cheapli_SE420_cpu2_p28FP.o28FP (.econst:ti_sysbios_heaps_HeapMem_A_zeroBlock__C)
                  00083e0c    00000002     Cheapli_SE420_cpu2_p28FP.o28FP (.econst:ti_sysbios_heaps_HeapMem_E_memory__C)
                  00083e0e    00000002     Cheapli_SE420_cpu2_p28FP.o28FP (.econst:ti_sysbios_heaps_HeapMem_Module__diagsEnabled__C)
                  00083e10    00000002     Cheapli_SE420_cpu2_p28FP.o28FP (.econst:ti_sysbios_heaps_HeapMem_Module__diagsIncluded__C)
                  00083e12    00000002     Cheapli_SE420_cpu2_p28FP.o28FP (.econst:ti_sysbios_heaps_HeapMem_Module__diagsMask__C)
                  00083e14    00000002     Cheapli_SE420_cpu2_p28FP.o28FP (.econst:ti_sysbios_heaps_HeapMem_Module__gateObj__C)
                  00083e16    00000002     Cheapli_SE420_cpu2_p28FP.o28FP (.econst:ti_sysbios_heaps_HeapMem_Object__table__C)
                  00083e18    00000002     Cheapli_SE420_cpu2_p28FP.o28FP (.econst:ti_sysbios_heaps_HeapMem_reqAlign__C)
                  00083e1a    00000002     Cheapli_SE420_cpu2_p28FP.o28FP (.econst:ti_sysbios_knl_Clock_LM_begin__C)
                  00083e1c    00000002     Cheapli_SE420_cpu2_p28FP.o28FP (.econst:ti_sysbios_knl_Clock_LM_tick__C)
                  00083e1e    00000002     Cheapli_SE420_cpu2_p28FP.o28FP (.econst:ti_sysbios_knl_Clock_LW_delayed__C)
                  00083e20    00000002     Cheapli_SE420_cpu2_p28FP.o28FP (.econst:ti_sysbios_knl_Clock_Module_State_clockQ__O)
                  00083e22    00000002     Cheapli_SE420_cpu2_p28FP.o28FP (.econst:ti_sysbios_knl_Clock_Module__diagsEnabled__C)
                  00083e24    00000002     Cheapli_SE420_cpu2_p28FP.o28FP (.econst:ti_sysbios_knl_Clock_Module__diagsIncluded__C)
                  00083e26    00000002     Cheapli_SE420_cpu2_p28FP.o28FP (.econst:ti_sysbios_knl_Clock_Module__diagsMask__C)
                  00083e28    00000002     Cheapli_SE420_cpu2_p28FP.o28FP (.econst:ti_sysbios_knl_Clock_Module__loggerFxn1__C)
                  00083e2a    00000002     Cheapli_SE420_cpu2_p28FP.o28FP (.econst:ti_sysbios_knl_Clock_Module__loggerFxn2__C)
                  00083e2c    00000002     Cheapli_SE420_cpu2_p28FP.o28FP (.econst:ti_sysbios_knl_Clock_Module__loggerObj__C)
                  00083e2e    00000002     Cheapli_SE420_cpu2_p28FP.o28FP (.econst:ti_sysbios_knl_Idle_funcList__A)
                  00083e30    00000002     Cheapli_SE420_cpu2_p28FP.o28FP (.econst:ti_sysbios_knl_Mailbox_Instance_State_freeQue__O)
                  00083e32    00000002     Cheapli_SE420_cpu2_p28FP.o28FP (.econst:ti_sysbios_knl_Mailbox_Object__table__C)
                  00083e34    00000002     Cheapli_SE420_cpu2_p28FP.o28FP (.econst:ti_sysbios_knl_Queue_Object__table__C)
                  00083e36    00000002     Cheapli_SE420_cpu2_p28FP.o28FP (.econst:ti_sysbios_knl_Semaphore_A_badContext__C)
                  00083e38    00000002     Cheapli_SE420_cpu2_p28FP.o28FP (.econst:ti_sysbios_knl_Semaphore_A_noEvents__C)
                  00083e3a    00000002     Cheapli_SE420_cpu2_p28FP.o28FP (.econst:ti_sysbios_knl_Semaphore_A_overflow__C)
                  00083e3c    00000002     Cheapli_SE420_cpu2_p28FP.o28FP (.econst:ti_sysbios_knl_Semaphore_A_pendTaskDisabled__C)
                  00083e3e    00000002     Cheapli_SE420_cpu2_p28FP.o28FP (.econst:ti_sysbios_knl_Semaphore_Instance_State_pendQ__O)
                  00083e40    00000002     Cheapli_SE420_cpu2_p28FP.o28FP (.econst:ti_sysbios_knl_Semaphore_LM_pend__C)
                  00083e42    00000002     Cheapli_SE420_cpu2_p28FP.o28FP (.econst:ti_sysbios_knl_Semaphore_LM_post__C)
                  00083e44    00000002     Cheapli_SE420_cpu2_p28FP.o28FP (.econst:ti_sysbios_knl_Semaphore_Module__diagsEnabled__C)
                  00083e46    00000002     Cheapli_SE420_cpu2_p28FP.o28FP (.econst:ti_sysbios_knl_Semaphore_Module__diagsIncluded__C)
                  00083e48    00000002     Cheapli_SE420_cpu2_p28FP.o28FP (.econst:ti_sysbios_knl_Semaphore_Module__diagsMask__C)
                  00083e4a    00000002     Cheapli_SE420_cpu2_p28FP.o28FP (.econst:ti_sysbios_knl_Semaphore_Module__loggerFxn2__C)
                  00083e4c    00000002     Cheapli_SE420_cpu2_p28FP.o28FP (.econst:ti_sysbios_knl_Semaphore_Module__loggerFxn4__C)
                  00083e4e    00000002     Cheapli_SE420_cpu2_p28FP.o28FP (.econst:ti_sysbios_knl_Semaphore_Module__loggerObj__C)
                  00083e50    00000002     Cheapli_SE420_cpu2_p28FP.o28FP (.econst:ti_sysbios_knl_Swi_LD_end__C)
                  00083e52    00000002     Cheapli_SE420_cpu2_p28FP.o28FP (.econst:ti_sysbios_knl_Swi_LM_begin__C)
                  00083e54    00000002     Cheapli_SE420_cpu2_p28FP.o28FP (.econst:ti_sysbios_knl_Swi_LM_post__C)
                  00083e56    00000002     Cheapli_SE420_cpu2_p28FP.o28FP (.econst:ti_sysbios_knl_Swi_Module__diagsEnabled__C)
                  00083e58    00000002     Cheapli_SE420_cpu2_p28FP.o28FP (.econst:ti_sysbios_knl_Swi_Module__diagsIncluded__C)
                  00083e5a    00000002     Cheapli_SE420_cpu2_p28FP.o28FP (.econst:ti_sysbios_knl_Swi_Module__diagsMask__C)
                  00083e5c    00000002     Cheapli_SE420_cpu2_p28FP.o28FP (.econst:ti_sysbios_knl_Swi_Module__loggerFxn1__C)
                  00083e5e    00000002     Cheapli_SE420_cpu2_p28FP.o28FP (.econst:ti_sysbios_knl_Swi_Module__loggerFxn4__C)
                  00083e60    00000002     Cheapli_SE420_cpu2_p28FP.o28FP (.econst:ti_sysbios_knl_Swi_Module__loggerObj__C)
                  00083e62    00000002     Cheapli_SE420_cpu2_p28FP.o28FP (.econst:ti_sysbios_knl_Swi_Object__table__C)
                  00083e64    00000002     Cheapli_SE420_cpu2_p28FP.o28FP (.econst:ti_sysbios_knl_Task_E_spOutOfBounds__C)
                  00083e66    00000002     Cheapli_SE420_cpu2_p28FP.o28FP (.econst:ti_sysbios_knl_Task_E_stackOverflow__C)
                  00083e68    00000002     Cheapli_SE420_cpu2_p28FP.o28FP (.econst:ti_sysbios_knl_Task_LD_block__C)
                  00083e6a    00000002     Cheapli_SE420_cpu2_p28FP.o28FP (.econst:ti_sysbios_knl_Task_LD_exit__C)
                  00083e6c    00000002     Cheapli_SE420_cpu2_p28FP.o28FP (.econst:ti_sysbios_knl_Task_LD_ready__C)
                  00083e6e    00000002     Cheapli_SE420_cpu2_p28FP.o28FP (.econst:ti_sysbios_knl_Task_LM_switch__C)
                  00083e70    00000002     Cheapli_SE420_cpu2_p28FP.o28FP (.econst:ti_sysbios_knl_Task_Module_State_inactiveQ__O)
                  00083e72    00000002     Cheapli_SE420_cpu2_p28FP.o28FP (.econst:ti_sysbios_knl_Task_Module__diagsEnabled__C)
                  00083e74    00000002     Cheapli_SE420_cpu2_p28FP.o28FP (.econst:ti_sysbios_knl_Task_Module__diagsIncluded__C)
                  00083e76    00000002     Cheapli_SE420_cpu2_p28FP.o28FP (.econst:ti_sysbios_knl_Task_Module__diagsMask__C)
                  00083e78    00000002     Cheapli_SE420_cpu2_p28FP.o28FP (.econst:ti_sysbios_knl_Task_Module__loggerFxn2__C)
                  00083e7a    00000002     Cheapli_SE420_cpu2_p28FP.o28FP (.econst:ti_sysbios_knl_Task_Module__loggerFxn4__C)
                  00083e7c    00000002     Cheapli_SE420_cpu2_p28FP.o28FP (.econst:ti_sysbios_knl_Task_Module__loggerObj__C)
                  00083e7e    00000002     Cheapli_SE420_cpu2_p28FP.o28FP (.econst:ti_sysbios_knl_Task_Object__table__C)
                  00083e80    00000002     Cheapli_SE420_cpu2_p28FP.o28FP (.econst:ti_sysbios_knl_Task_allBlockedFunc__C)
                  00083e82    00000002     Cheapli_SE420_cpu2_p28FP.o28FP (.econst:xdc_runtime_Assert_E_assertFailed__C)
                  00083e84    00000002     Cheapli_SE420_cpu2_p28FP.o28FP (.econst:xdc_runtime_Core_A_initializedParams__C)
                  00083e86    00000002     Cheapli_SE420_cpu2_p28FP.o28FP (.econst:xdc_runtime_Core_Module__diagsEnabled__C)
                  00083e88    00000002     Cheapli_SE420_cpu2_p28FP.o28FP (.econst:xdc_runtime_Core_Module__diagsIncluded__C)
                  00083e8a    00000002     Cheapli_SE420_cpu2_p28FP.o28FP (.econst:xdc_runtime_Core_Module__diagsMask__C)
                  00083e8c    00000002     Cheapli_SE420_cpu2_p28FP.o28FP (.econst:xdc_runtime_Error_E_memory__C)
                  00083e8e    00000002     Cheapli_SE420_cpu2_p28FP.o28FP (.econst:xdc_runtime_Error_Module__diagsEnabled__C)
                  00083e90    00000002     Cheapli_SE420_cpu2_p28FP.o28FP (.econst:xdc_runtime_Error_Module__diagsIncluded__C)
                  00083e92    00000002     Cheapli_SE420_cpu2_p28FP.o28FP (.econst:xdc_runtime_Error_Module__diagsMask__C)
                  00083e94    00000002     Cheapli_SE420_cpu2_p28FP.o28FP (.econst:xdc_runtime_Error_Module__loggerFxn8__C)
                  00083e96    00000002     Cheapli_SE420_cpu2_p28FP.o28FP (.econst:xdc_runtime_Error_Module__loggerObj__C)
                  00083e98    00000002     Cheapli_SE420_cpu2_p28FP.o28FP (.econst:xdc_runtime_Error_policyFxn__C)
                  00083e9a    00000002     Cheapli_SE420_cpu2_p28FP.o28FP (.econst:xdc_runtime_Error_raiseHook__C)
                  00083e9c    00000002     Cheapli_SE420_cpu2_p28FP.o28FP (.econst:xdc_runtime_IFilterLogger_Interface__BASE__C)
                  00083e9e    00000002     Cheapli_SE420_cpu2_p28FP.o28FP (.econst:xdc_runtime_IGateProvider_Interface__BASE__C)
                  00083ea0    00000002     Cheapli_SE420_cpu2_p28FP.o28FP (.econst:xdc_runtime_IHeap_Interface__BASE__C)
                  00083ea2    00000002     Cheapli_SE420_cpu2_p28FP.o28FP (.econst:xdc_runtime_ILogger_Interface__BASE__C)
                  00083ea4    00000002     Cheapli_SE420_cpu2_p28FP.o28FP (.econst:xdc_runtime_IModule_Interface__BASE__C)
                  00083ea6    00000002     Cheapli_SE420_cpu2_p28FP.o28FP (.econst:xdc_runtime_Log_L_error__C)
                  00083ea8    00000002     Cheapli_SE420_cpu2_p28FP.o28FP (.econst:xdc_runtime_LoggerBuf_E_badLevel__C)
                  00083eaa    00000002     Cheapli_SE420_cpu2_p28FP.o28FP (.econst:xdc_runtime_LoggerBuf_Module__gateObj__C)
                  00083eac    00000002     Cheapli_SE420_cpu2_p28FP.o28FP (.econst:xdc_runtime_LoggerBuf_Object__table__C)
                  00083eae    00000002     Cheapli_SE420_cpu2_p28FP.o28FP (.econst:xdc_runtime_LoggerBuf_statusLogger__C)
                  00083eb0    00000002     Cheapli_SE420_cpu2_p28FP.o28FP (.econst:xdc_runtime_Main_Module__diagsEnabled__C)
                  00083eb2    00000002     Cheapli_SE420_cpu2_p28FP.o28FP (.econst:xdc_runtime_Main_Module__diagsIncluded__C)
                  00083eb4    00000002     Cheapli_SE420_cpu2_p28FP.o28FP (.econst:xdc_runtime_Main_Module__diagsMask__C)
                  00083eb6    00000002     Cheapli_SE420_cpu2_p28FP.o28FP (.econst:xdc_runtime_Memory_defaultHeapInstance__C)
                  00083eb8    00000002     Cheapli_SE420_cpu2_p28FP.o28FP (.econst:xdc_runtime_Startup_execImpl__C)
                  00083eba    00000002     Cheapli_SE420_cpu2_p28FP.o28FP (.econst:xdc_runtime_Startup_sfxnRts__C)
                  00083ebc    00000002     Cheapli_SE420_cpu2_p28FP.o28FP (.econst:xdc_runtime_Startup_sfxnTab__C)
                  00083ebe    00000002     Cheapli_SE420_cpu2_p28FP.o28FP (.econst:xdc_runtime_Startup_startModsFxn__C)
                  00083ec0    00000002     Cheapli_SE420_cpu2_p28FP.o28FP (.econst:xdc_runtime_SysMin_bufSize__C)
                  00083ec2    00000002     Cheapli_SE420_cpu2_p28FP.o28FP (.econst:xdc_runtime_SysMin_outputFunc__C)
                  00083ec4    00000002     Cheapli_SE420_cpu2_p28FP.o28FP (.econst:xdc_runtime_System_Module__gateObj__C)
                  00083ec6    00000002     Cheapli_SE420_cpu2_p28FP.o28FP (.econst:xdc_runtime_System_abortFxn__C)
                  00083ec8    00000002     Cheapli_SE420_cpu2_p28FP.o28FP (.econst:xdc_runtime_System_exitFxn__C)
                  00083eca    00000002     Cheapli_SE420_cpu2_p28FP.o28FP (.econst:xdc_runtime_System_extendFxn__C)
                  00083ecc    00000002     Cheapli_SE420_cpu2_p28FP.o28FP (.econst:xdc_runtime_Text_charTab__C)
                  00083ece    00000002     Cheapli_SE420_cpu2_p28FP.o28FP (.econst:xdc_runtime_Text_nameEmpty__C)
                  00083ed0    00000002     Cheapli_SE420_cpu2_p28FP.o28FP (.econst:xdc_runtime_Text_nameStatic__C)
                  00083ed2    00000002     Cheapli_SE420_cpu2_p28FP.o28FP (.econst:xdc_runtime_Text_nameUnknown__C)
                  00083ed4    00000002     Cheapli_SE420_cpu2_p28FP.o28FP (.econst:xdc_runtime_Text_nodeTab__C)
                  00083ed6    00000002     Cheapli_SE420_cpu2_p28FP.o28FP (.econst:xdc_runtime_Text_visitRopeFxn__C)
                  00083ed8    00000001     Cheapli_SE420_cpu2_p28FP.o28FP (.econst:ti_sysbios_gates_GateMutex_Module__id__C)
                  00083ed9    00000001     Cheapli_SE420_cpu2_p28FP.o28FP (.econst:ti_sysbios_hal_Hwi_Module__id__C)
                  00083eda    00000001     Cheapli_SE420_cpu2_p28FP.o28FP (.econst:ti_sysbios_heaps_HeapMem_Module__id__C)
                  00083edb    00000001     Cheapli_SE420_cpu2_p28FP.o28FP (.econst:ti_sysbios_heaps_HeapMem_Object__count__C)
                  00083edc    00000001     Cheapli_SE420_cpu2_p28FP.o28FP (.econst:ti_sysbios_knl_Clock_Module__id__C)
                  00083edd    00000001     Cheapli_SE420_cpu2_p28FP.o28FP (.econst:ti_sysbios_knl_Clock_Module__loggerDefined__C)
                  00083ede    00000001     Cheapli_SE420_cpu2_p28FP.o28FP (.econst:ti_sysbios_knl_Mailbox_Object__count__C)
                  00083edf    00000001     Cheapli_SE420_cpu2_p28FP.o28FP (.econst:ti_sysbios_knl_Mailbox_maxTypeAlign__C)
                  00083ee0    00000001     Cheapli_SE420_cpu2_p28FP.o28FP (.econst:ti_sysbios_knl_Queue_Object__count__C)
                  00083ee1    00000001     Cheapli_SE420_cpu2_p28FP.o28FP (.econst:ti_sysbios_knl_Semaphore_Module__id__C)
                  00083ee2    00000001     Cheapli_SE420_cpu2_p28FP.o28FP (.econst:ti_sysbios_knl_Semaphore_Module__loggerDefined__C)
                  00083ee3    00000001     Cheapli_SE420_cpu2_p28FP.o28FP (.econst:ti_sysbios_knl_Swi_Module__id__C)
                  00083ee4    00000001     Cheapli_SE420_cpu2_p28FP.o28FP (.econst:ti_sysbios_knl_Swi_Module__loggerDefined__C)
                  00083ee5    00000001     Cheapli_SE420_cpu2_p28FP.o28FP (.econst:ti_sysbios_knl_Swi_Object__count__C)
                  00083ee6    00000001     Cheapli_SE420_cpu2_p28FP.o28FP (.econst:ti_sysbios_knl_Task_Module__id__C)
                  00083ee7    00000001     Cheapli_SE420_cpu2_p28FP.o28FP (.econst:ti_sysbios_knl_Task_Module__loggerDefined__C)
                  00083ee8    00000001     Cheapli_SE420_cpu2_p28FP.o28FP (.econst:ti_sysbios_knl_Task_Object__count__C)
                  00083ee9    00000001     Cheapli_SE420_cpu2_p28FP.o28FP (.econst:ti_sysbios_knl_Task_numConstructedTasks__C)
                  00083eea    00000001     Cheapli_SE420_cpu2_p28FP.o28FP (.econst:xdc_runtime_Core_Module__id__C)
                  00083eeb    00000001     Cheapli_SE420_cpu2_p28FP.o28FP (.econst:xdc_runtime_Error_Module__loggerDefined__C)
                  00083eec    00000001     Cheapli_SE420_cpu2_p28FP.o28FP (.econst:xdc_runtime_Error_maxDepth__C)
                  00083eed    00000001     Cheapli_SE420_cpu2_p28FP.o28FP (.econst:xdc_runtime_Error_policy__C)
                  00083eee    00000001     Cheapli_SE420_cpu2_p28FP.o28FP (.econst:xdc_runtime_LoggerBuf_Module__id__C)
                  00083eef    00000001     Cheapli_SE420_cpu2_p28FP.o28FP (.econst:xdc_runtime_LoggerBuf_Object__count__C)
                  00083ef0    00000001     Cheapli_SE420_cpu2_p28FP.o28FP (.econst:xdc_runtime_LoggerBuf_filterByLevel__C)
                  00083ef1    00000001     Cheapli_SE420_cpu2_p28FP.o28FP (.econst:xdc_runtime_Main_Module__id__C)
                  00083ef2    00000001     Cheapli_SE420_cpu2_p28FP.o28FP (.econst:xdc_runtime_Memory_Module__id__C)
                  00083ef3    00000001     Cheapli_SE420_cpu2_p28FP.o28FP (.econst:xdc_runtime_Startup_maxPasses__C)
                  00083ef4    00000001     Cheapli_SE420_cpu2_p28FP.o28FP (.econst:xdc_runtime_SysMin_flushAtExit__C)
                  00083ef5    00000001     Cheapli_SE420_cpu2_p28FP.o28FP (.econst:xdc_runtime_System_maxAtexitHandlers__C)
                  00083ef6    00000001     Cheapli_SE420_cpu2_p28FP.o28FP (.econst:xdc_runtime_Text_charCnt__C)
                  00083ef7    00000001     Cheapli_SE420_cpu2_p28FP.o28FP (.econst:xdc_runtime_Text_isLoaded__C)
                  00083ef8    00000001     Cheapli_SE420_cpu2_p28FP.o28FP (.econst:xdc_runtime_Text_registryModsLastId__C)
                  00083ef9    00000001     Cheapli_SE420_cpu2_p28FP.o28FP (.econst:xdc_runtime_Text_unnamedModsLastId__C)

.text      0    00088000    000041ad     
                  00088000    00000c16     rts2800_fpu32.lib : _printfi.obj (.text)
                  00088c16    00000255     f28377sSerial.obj (.text)
                  00088e6b    00000252     ti.targets.rts2800.a28FP : System.o28FP (.text:_xdc_runtime_System_doPrint__I)
                  000890bd    0000024c     F2837xD_SysCtrl.obj (.text)
                  00089309    000001da     sysbios.a28FP : BIOS.obj (.text:_ti_sysbios_knl_Semaphore_pend__E)
                  000894e3    000001ba                   : BIOS.obj (.text:_ti_sysbios_heaps_HeapMem_free__E)
                  0008969d    000001b3                   : BIOS.obj (.text:_ti_sysbios_heaps_HeapMem_alloc__E)
                  00089850    0000010a     Cheapli_SE420_cpu2_p28FP.o28FP (.text:_xdc_runtime_System_printfExtend__I)
                  0008995a    00000107     rts2800_fpu32.lib : ll_div28.obj (.text)
                  00089a61    000000ed     sysbios.a28FP : BIOS.obj (.text:_ti_sysbios_heaps_HeapMem_Instance_init__E)
                  00089b4e    000000e0                   : BIOS.obj (.text:_ti_sysbios_family_c28_Hwi_clearInterrupt__E)
                  00089c2e    000000d2     ti.targets.rts2800.a28FP : LoggerBuf.o28FP (.text:_xdc_runtime_LoggerBuf_write8__E)
                  00089d00    000000c3                              : Core-mem.o28FP (.text:_xdc_runtime_Core_createObject__I)
                  00089dc3    000000c0     sysbios.a28FP : BIOS.obj (.text:_ti_sysbios_family_c28_Hwi_dispatchCore__I)
                  00089e83    000000c0     rts2800_fpu32.lib : s_scalbn.obj (.text)
                  00089f43    000000b8     sysbios.a28FP : BIOS.obj (.text:_ti_sysbios_knl_Semaphore_post__E)
                  00089ffb    000000b6                   : BIOS.obj (.text:_ti_sysbios_knl_Clock_workFunc__E)
                  0008a0b1    000000af                   : BIOS.obj (.text:_ti_sysbios_knl_Swi_run__I)
                  0008a160    0000009c     ti.targets.rts2800.a28FP : Core-smem.o28FP (.text:_xdc_runtime_Core_constructObject__I)
                  0008a1fc    0000009c                              : Error.o28FP (.text:_xdc_runtime_Error_policyDefault__E)
                  0008a298    0000009c     rts2800_fpu32.lib : fd_add28.obj (.text)
                  0008a334    0000009b     sysbios.a28FP : c28_Hwi_disp_asm.obj (.text:_ti_sysbios_family_c28_Hwi_dispatch)
                  0008a3cf    00000001     Cheapli_SE420_cpu2_p28FP.o28FP (.text:.bootCodeSection:_ti_catalog_c2800_initF2837x_Boot_init)
                  0008a3d0    00000094     rts2800_fpu32.lib : trgmsg.obj (.text)
                  0008a464    0000008e     sysbios.a28FP : BIOS.obj (.text:_ti_sysbios_family_c28_Hwi_enableInterrupt__E)
                  0008a4f2    0000008b     ti.targets.rts2800.a28FP : LoggerBuf.o28FP (.text:_xdc_runtime_LoggerBuf_write4__E)
                  0008a57d    0000008b     rts2800_fpu32.lib : fd_div28.obj (.text)
                  0008a608    00000088                       : fs_div28.obj (.text)
                  0008a690    00000083                       : fd_mpy28.obj (.text)
                  0008a713    00000081     sysbios.a28FP : BIOS.obj (.text:_ti_sysbios_family_c28_Hwi_disableInterrupt__E)
                  0008a794    0000007e                   : BIOS.obj (.text:_ti_sysbios_family_c28_Hwi_disablePIEIER__E)
                  0008a812    0000007d                   : BIOS.obj (.text:_ti_sysbios_family_c28_Hwi_enablePIEIER__E)
                  0008a88f    0000007d     ti.targets.rts2800.a28FP : Startup.o28FP (.text:_xdc_runtime_Startup_startMods__I)
                  0008a90c    00000073     sysbios.a28FP : BIOS.obj (.text:_ti_sysbios_knl_Task_checkStacks__E)
                  0008a97f    00000071                   : BIOS.obj (.text:_ti_sysbios_knl_Task_startCore__E)
                  0008a9f0    00000070                   : BIOS.obj (.text:_ti_sysbios_gates_GateMutex_enter__E)
                  0008aa60    0000006f     ti.targets.rts2800.a28FP : Text.o28FP (.text:_xdc_runtime_Text_putSite__E)
                  0008aacf    0000006e     sysbios.a28FP : BIOS.obj (.text:_ti_sysbios_knl_Task_schedule__I)
                  0008ab3d    0000006a                   : BIOS.obj (.text:_ti_sysbios_knl_Semaphore_Instance_init__E)
                  0008aba7    00000066                   : BIOS.obj (.text:_ti_sysbios_family_c28_Timer_stopAndClear__I)
                  0008ac0d    00000063     boot.a28FP : boot_cg.o28FP (.text)
                  0008ac70    00000060     sysbios.a28FP : BIOS.obj (.text:_ti_sysbios_knl_Swi_post__E)
                  0008acd0    00000060                   : BIOS.obj (.text:_ti_sysbios_knl_Task_blockI__E)
                  0008ad30    0000005a     rts2800_fpu32.lib : s_frexp.obj (.text)
                  0008ad8a    00000057     sysbios.a28FP : BIOS.obj (.text:_ti_sysbios_knl_Task_exit__E)
                  0008ade1    00000057     ti.targets.rts2800.a28FP : Memory.o28FP (.text:_xdc_runtime_Memory_alloc__E)
                  0008ae38    00000051     sysbios.a28FP : BIOS.obj (.text:_ti_sysbios_knl_Task_unblockI__E)
                  0008ae89    0000004f     ti.targets.rts2800.a28FP : Text.o28FP (.text:_xdc_runtime_Text_putLab__E)
                  0008aed8    0000004b     sysbios.a28FP : BIOS.obj (.text:_ti_sysbios_knl_Task_postInit__I)
                  0008af23    00000047                   : BIOS.obj (.text:_ti_sysbios_family_c28_Hwi_Module_startup__E)
                  0008af6a    00000046     ti.targets.rts2800.a28FP : Core-mem.o28FP (.text:_xdc_runtime_Core_deleteObject__I)
                  0008afb0    00000043     sysbios.a28FP : BIOS.obj (.text:_ti_sysbios_family_c28_Timer_postInit__I)
                  0008aff3    00000042                   : BIOS.obj (.text:_ti_sysbios_family_c28_Hwi_unPluggedInterrupt__I)
                  0008b035    0000003f     ti.targets.rts2800.a28FP : System.o28FP (.text:_xdc_runtime_System_formatNum__I)
                  0008b074    0000003e     sysbios.a28FP : BIOS.obj (.text:_ti_sysbios_knl_Swi_restoreHwi__E)
                  0008b0b2    0000003e     ti.targets.rts2800.a28FP : Text.o28FP (.text:_xdc_runtime_Text_putMod__E)
                  0008b0f0    0000003d                              : Core-params.o28FP (.text:_xdc_runtime_Core_assignParams__I)
                  0008b12d    0000003d                              : LoggerBuf.o28FP (.text:_xdc_runtime_LoggerBuf_getFilterLevel__E)
                  0008b16a    0000003c                              : LoggerBuf.o28FP (.text:_xdc_runtime_LoggerBuf_setFilterLevel__E)
                  0008b1a6    0000003a     sysbios.a28FP : BIOS.obj (.text:_ti_sysbios_family_c28_TaskSupport_start__E)
                  0008b1e0    00000038     Cheapli_SE420_cpu2_p28FP.o28FP (.text:_xdc_runtime_LoggerBuf_Object__create__S)
                  0008b218    00000038     rts2800_fpu32.lib : hostwrite.obj (.text)
                  0008b250    00000036     sysbios.a28FP : BIOS.obj (.text:_ti_sysbios_knl_Clock_logTick__E)
                  0008b286    00000036     ti.targets.rts2800.a28FP : LoggerBuf.o28FP (.text:_xdc_runtime_LoggerBuf_Instance_init__E)
                  0008b2bc    00000034     Cheapli_SE420_cpu2_p28FP.o28FP (.text:_ti_sysbios_BIOS_rtsUnlock__I)
                  0008b2f0    00000032     sysbios.a28FP : BIOS.obj (.text:_ti_sysbios_knl_Task_Module_startup__E)
                  0008b322    00000032     ti.targets.rts2800.a28FP : Assert.o28FP (.text:_xdc_runtime_Assert_raise__I)
                  0008b354    00000032                              : Text.o28FP (.text:_xdc_runtime_Text_visitRope2__I)
                  0008b386    00000031                              : Startup.o28FP (.text:_xdc_runtime_Startup_exec__E)
                  0008b3b7    00000031     rts2800_fpu32.lib : atoi.obj (.text)
                  0008b3e8    00000030     ti.targets.rts2800.a28FP : Error.o28FP (.text:_xdc_runtime_Error_setX__E)
                  0008b418    00000030     rts2800_fpu32.lib : vsprintf.obj (.text)
                  0008b448    0000002e     sysbios.a28FP : BIOS.obj (.text:_ti_sysbios_knl_Swi_runLoop__I)
                  0008b476    0000002e                   : BIOS.obj (.text:_ti_sysbios_knl_Swi_schedule__I)
                  0008b4a4    0000002e     ti.targets.rts2800.a28FP : Error.o28FP (.text:_xdc_runtime_Error_print__E)
                  0008b4d2    0000002e     rts2800_fpu32.lib : ltoa.obj (.text)
                  0008b500    0000002d     sysbios.a28FP : BIOS.obj (.text:_ti_sysbios_family_c28_Hwi_getStackInfo__E)
                  0008b52d    0000002d                   : BIOS.obj (.text:_ti_sysbios_heaps_HeapMem_getStats__E)
                  0008b55a    0000002c                   : BIOS.obj (.text:_ti_sysbios_family_c28_Timer_start__E)
                  0008b586    0000002c     user_Cheapli_SE420_cpu2.obj (.text)
                  0008b5b2    0000002b     sysbios.a28FP : BIOS.obj (.text:_ti_sysbios_knl_Mailbox_Module_startup__E)
                  0008b5dd    0000002a     rts2800_fpu32.lib : fd_cmp28.obj (.text)
                  0008b607    0000002a                       : l_div28.obj (.text)
                  0008b631    00000029     ti.targets.rts2800.a28FP : SysMin.o28FP (.text:_xdc_runtime_SysMin_flush__E)
                  0008b65a    00000029                              : Text.o28FP (.text:_xdc_runtime_Text_xprintf__I)
                  0008b683    00000029     rts2800_fpu32.lib : exit.obj (.text)
                  0008b6ac    00000027     sysbios.a28FP : BIOS.obj (.text:_ti_sysbios_heaps_HeapMem_init__I)
                  0008b6d3    00000025                   : c28_TaskSupport_asm.obj (.text:_ti_sysbios_family_c28_TaskSupport_buildTaskStack)
                  0008b6f8    00000024     ti.targets.rts2800.a28FP : System.o28FP (.text:_xdc_runtime_System_processAtExit__E)
                  0008b71c    00000024     rts2800_fpu32.lib : cpy_tbl.obj (.text)
                  0008b740    00000024                       : s_copysign.obj (.text)
                  0008b764    00000021     sysbios.a28FP : BIOS.obj (.text:_ti_sysbios_knl_Task_allBlockedFunction__I)
                  0008b785    00000021     ti.targets.rts2800.a28FP : LoggerBuf.o28FP (.text:_xdc_runtime_LoggerBuf_filterOutEvent__I)
                  0008b7a6    00000021                              : System.o28FP (.text:_xdc_runtime_System_atexit__E)
                  0008b7c7    00000021     rts2800_fpu32.lib : fd_toi28.obj (.text)
                  0008b7e8    00000020     sysbios.a28FP : BIOS.obj (.text:_ti_sysbios_family_c28_Timer_setPrescale__E)
                  0008b808    0000001f     Cheapli_SE420_cpu2_p28FP.o28FP (.text:_ti_sysbios_gates_GateHwi_Object__create__S)
                  0008b827    0000001f     Cheapli_SE420_cpu2_p28FP.o28FP (.text:_ti_sysbios_gates_GateMutex_Object__create__S)
                  0008b846    0000001f     Cheapli_SE420_cpu2_p28FP.o28FP (.text:_ti_sysbios_heaps_HeapMem_Object__create__S)
                  0008b865    0000001f     rts2800_fpu32.lib : fd_tol28.obj (.text)
                  0008b884    0000001e     ti.targets.rts2800.a28FP : SysMin.o28FP (.text:_xdc_runtime_SysMin_putch__E)
                  0008b8a2    0000001e     rts2800_fpu32.lib : ll_cmp28.obj (.text)
                  0008b8c0    0000001e                       : memcpy.obj (.text)
                  0008b8de    0000001d     sysbios.a28FP : c28_TaskSupport_asm.obj (.text:_ti_sysbios_family_c28_TaskSupport_swap__E)
                  0008b8fb    0000001d     rts2800_fpu32.lib : i_tofd28.obj (.text)
                  0008b918    0000001c     sysbios.a28FP : BIOS.obj (.text:_ti_sysbios_hal_Hwi_checkStack)
                  0008b934    0000001c     rts2800_fpu32.lib : fs_tofdfpu32.obj (.text)
                  0008b950    0000001c                       : l_tofd28.obj (.text)
                  0008b96c    0000001b     sysbios.a28FP : c28_Hwi_asm.obj (.text:_ti_sysbios_family_c28_Hwi_switchAndDispatch__I)
                  0008b987    0000001b                   : BIOS.obj (.text:_ti_sysbios_hal_Hwi_initStack)
                  0008b9a2    0000001b     Cheapli_SE420_cpu2_p28FP.o28FP (.text:_ti_sysbios_knl_Semaphore_construct)
                  0008b9bd    0000001b     sysbios.a28FP : BIOS.obj (.text:_ti_sysbios_knl_Task_processVitalTaskFlag__I)
                  0008b9d8    0000001b     Cheapli_SE420_cpu2_p28FP.o28FP (.text:_xdc_runtime_SysMin_output__I)
                  0008b9f3    0000001a     sysbios.a28FP : BIOS.obj (.text:_ti_sysbios_knl_Clock_addI__E)
                  0008ba0d    0000001a     ti.targets.rts2800.a28FP : Core-label.o28FP (.text:_xdc_runtime_Core_assignLabel__I)
                  0008ba27    0000001a                              : System.o28FP (.text:_xdc_runtime_System_avprintf__E)
                  0008ba41    0000001a                              : System.o28FP (.text:_xdc_runtime_System_putchar__I)
                  0008ba5b    00000019     Cheapli_SE420_cpu2_p28FP.o28FP (.text:_ti_sysbios_family_c28_Hwi_Object__get__S)
                  0008ba74    00000019     sysbios.a28FP : BIOS.obj (.text:_ti_sysbios_knl_Mailbox_postInit__I)
                  0008ba8d    00000019     Cheapli_SE420_cpu2_p28FP.o28FP (.text:_ti_sysbios_knl_Queue_Object__get__S)
                  0008baa6    00000019     Cheapli_SE420_cpu2_p28FP.o28FP (.text:_ti_sysbios_knl_Queue_construct)
                  0008babf    00000019     sysbios.a28FP : BIOS.obj (.text:_ti_sysbios_knl_Semaphore_pendTimeout__I)
                  0008bad8    00000019                   : BIOS.obj (.text:_ti_sysbios_knl_Swi_restore__E)
                  0008baf1    00000019     ti.targets.rts2800.a28FP : System.o28FP (.text:_xdc_runtime_System_vprintf__E)
                  0008bb0a    00000019                              : Text.o28FP (.text:_xdc_runtime_Text_printVisFxn__I)
                  0008bb23    00000019     rts2800_fpu32.lib : args_main.obj (.text)
                  0008bb3c    00000018     sysbios.a28FP : c28_Hwi_asm.obj (.text:_ti_sysbios_family_xxx_Hwi_switchAndRunFunc)
                  0008bb54    00000018     ti.targets.rts2800.a28FP : LoggerBuf.o28FP (.text:_xdc_runtime_LoggerBuf_Module_startup__E)
                  0008bb6c    00000018                              : LoggerBuf.o28FP (.text:_xdc_runtime_LoggerBuf_reset__E)
                  0008bb84    00000018     rts2800_fpu32.lib : ll_aox28.obj (.text)
                  0008bb9c    00000017     Cheapli_SE420_cpu2_p28FP.o28FP (.text:_ti_sysbios_BIOS_atExitFunc__I)
                  0008bbb3    00000017     sysbios.a28FP : BIOS.obj (.text:_ti_sysbios_family_c28_Timer_startup__E)
                  0008bbca    00000017     Cheapli_SE420_cpu2_p28FP.o28FP (.text:_ti_sysbios_heaps_HeapMem_Object__get__S)
                  0008bbe1    00000017     Cheapli_SE420_cpu2_p28FP.o28FP (.text:_ti_sysbios_knl_Clock_doTick__I)
                  0008bbf8    00000017     Cheapli_SE420_cpu2_p28FP.o28FP (.text:_ti_sysbios_knl_Mailbox_Object__get__S)
                  0008bc0f    00000017     Cheapli_SE420_cpu2_p28FP.o28FP (.text:_ti_sysbios_knl_Swi_Object__get__S)
                  0008bc26    00000017     Cheapli_SE420_cpu2_p28FP.o28FP (.text:_ti_sysbios_knl_Task_Object__get__S)
                  0008bc3d    00000017     Cheapli_SE420_cpu2_p28FP.o28FP (.text:_xdc_runtime_LoggerBuf_Object__get__S)
                  0008bc54    00000017     ti.targets.rts2800.a28FP : Memory.o28FP (.text:_xdc_runtime_Memory_valloc__E)
                  0008bc6b    00000016     sysbios.a28FP : BIOS.obj (.text:_ti_sysbios_family_c28_Timer_Module_startup__E)
                  0008bc81    00000016                   : BIOS.obj (.text:_ti_sysbios_knl_Task_restore__E)
                  0008bc97    00000016     ti.targets.rts2800.a28FP : SysMin.o28FP (.text:_xdc_runtime_SysMin_abort__E)
                  0008bcad    00000015     sysbios.a28FP : BIOS.obj (.text:_ti_sysbios_knl_Swi_Module_startup__E)
                  0008bcc2    00000014                   : BIOS.obj (.text:_ti_sysbios_knl_Idle_run__E)
                  0008bcd6    00000013     Cheapli_SE420_cpu2_p28FP.o28FP (.text:_ti_sysbios_BIOS_errorRaiseHook__I)
                  0008bce9    00000013     Cheapli_SE420_cpu2_p28FP.o28FP (.text:_ti_sysbios_gates_GateMutex_Object__delete__S)
                  0008bcfc    00000013     ti.targets.rts2800.a28FP : Error.o28FP (.text:_xdc_runtime_Error_raiseX__E)
                  0008bd0f    00000013                              : Text.o28FP (.text:_xdc_runtime_Text_cordText__E)
                  0008bd22    00000012     Cheapli_SE420_cpu2_p28FP.o28FP (.text:_ti_sysbios_family_c28_Hwi_disableIER__E)
                  0008bd34    00000012     Cheapli_SE420_cpu2_p28FP.o28FP (.text:_ti_sysbios_gates_GateHwi_Object__delete__S)
                  0008bd46    00000012     Cheapli_SE420_cpu2_p28FP.o28FP (.text:_ti_sysbios_heaps_HeapMem_Object__delete__S)
                  0008bd58    00000012     sysbios.a28FP : BIOS.obj (.text:_ti_sysbios_knl_Clock_Module_startup__E)
                  0008bd6a    00000012     Cheapli_SE420_cpu2_p28FP.o28FP (.text:_xdc_runtime_LoggerBuf_Object__delete__S)
                  0008bd7c    00000011     Cheapli_SE420_cpu2_p28FP.o28FP (.text:_ti_sysbios_gates_GateHwi_Handle__label__S)
                  0008bd8d    00000011     Cheapli_SE420_cpu2_p28FP.o28FP (.text:_ti_sysbios_gates_GateMutex_Handle__label__S)
                  0008bd9e    00000011     Cheapli_SE420_cpu2_p28FP.o28FP (.text:_ti_sysbios_heaps_HeapMem_Handle__label__S)
                  0008bdaf    00000011     Cheapli_SE420_cpu2_p28FP.o28FP (.text:_xdc_runtime_LoggerBuf_Handle__label__S)
                  0008bdc0    00000010     Cheapli_SE420_cpu2_p28FP.o28FP (.text:_ti_sysbios_BIOS_rtsLock__I)
                  0008bdd0    00000010     Cheapli_SE420_cpu2_p28FP.o28FP (.text:_ti_sysbios_family_c28_Hwi_enableIER__E)
                  0008bde0    00000010     sysbios.a28FP : BIOS.obj (.text:_ti_sysbios_family_c28_Timer_stop__E)
                  0008bdf0    00000010                   : BIOS.obj (.text:_ti_sysbios_knl_Task_restoreHwi__E)
                  0008be00    00000010     ti.targets.rts2800.a28FP : SysMin.o28FP (.text:_xdc_runtime_SysMin_Module_startup__E)
                  0008be10    0000000f     Cheapli_SE420_cpu2_p28FP.o28FP (.text:_ti_sysbios_BIOS_startFunc__I)
                  0008be1f    0000000f     sysbios.a28FP : BIOS.obj (.text:_ti_sysbios_gates_GateMutex_Instance_init__E)
                  0008be2e    0000000f     Cheapli_SE420_cpu2_p28FP.o28FP (.text:_ti_sysbios_knl_Semaphore_Object__destruct__S)
                  0008be3d    0000000f     ti.targets.rts2800.a28FP : LoggerBuf.o28FP (.text:_xdc_runtime_LoggerBuf_write2__E)
                  0008be4c    0000000f                              : Registry.o28FP (.text:_xdc_runtime_Registry_findById__E)
                  0008be5b    0000000f     Cheapli_SE420_cpu2_p28FP.o28FP (.text:_xdc_runtime_Text_visitRope__I)
                  0008be6a    0000000e     sysbios.a28FP : BIOS.obj (.text:_ti_sysbios_family_c28_f2837x_TimestampProvider_get64__E)
                  0008be78    0000000e     Cheapli_SE420_cpu2_p28FP.o28FP (.text:_ti_sysbios_knl_Queue_Object__destruct__S)
                  0008be86    0000000e     Cheapli_SE420_cpu2_p28FP.o28FP (.text:_xdc_runtime_IHeap_alloc)
                  0008be94    0000000e     rts2800_fpu32.lib : fd_sub28.obj (.text)
                  0008bea2    0000000d     Cheapli_SE420_cpu2_p28FP.o28FP (.text:_ti_sysbios_BIOS_registerRTSLock__I)
                  0008beaf    0000000d     Cheapli_SE420_cpu2_p28FP.o28FP (.text:_ti_sysbios_BIOS_removeRTSLock__I)
                  0008bebc    0000000d     sysbios.a28FP : BIOS.obj (.text:_ti_sysbios_family_c28_Hwi_dispatchC__I)
                  0008bec9    0000000d     Cheapli_SE420_cpu2_p28FP.o28FP (.text:_ti_sysbios_family_c28_Hwi_restoreIER__E)
                  0008bed6    0000000d     Cheapli_SE420_cpu2_p28FP.o28FP (.text:_ti_sysbios_knl_Task_SupportProxy_start__E)
                  0008bee3    0000000d     sysbios.a28FP : BIOS.obj (.text:_ti_sysbios_knl_Task_enter__I)
                  0008bef0    0000000d     ti.targets.rts2800.a28FP : LoggerBuf.o28FP (.text:_xdc_runtime_LoggerBuf_write0__E)
                  0008befd    0000000d                              : LoggerBuf.o28FP (.text:_xdc_runtime_LoggerBuf_write1__E)
                  0008bf0a    0000000d     Cheapli_SE420_cpu2_p28FP.o28FP (.text:_xdc_runtime_Memory_HeapProxy_alloc__E)
                  0008bf17    0000000d     ti.targets.rts2800.a28FP : System.o28FP (.text:_xdc_runtime_System_abort__E)
                  0008bf24    0000000d     rts2800_fpu32.lib : memccpy.obj (.text)
                  0008bf31    0000000c     Cheapli_SE420_cpu2_p28FP.o28FP (.text:_ti_sysbios_BIOS_exitFunc__I)
                  0008bf3d    0000000c     sysbios.a28FP : BIOS.obj (.text:_ti_sysbios_gates_GateMutex_leave__E)
                  0008bf49    0000000c                   : BIOS.obj (.text:_ti_sysbios_knl_Queue_put__E)
                  0008bf55    0000000c                   : BIOS.obj (.text:_ti_sysbios_knl_Task_enabled__E)
                  0008bf61    0000000c     ti.targets.rts2800.a28FP : Error.o28FP (.text:_xdc_runtime_Error_check__E)
                  0008bf6d    0000000c     Cheapli_SE420_cpu2_p28FP.o28FP (.text:_xdc_runtime_System_aprintf__E)
                  0008bf79    0000000c     Cheapli_SE420_cpu2_p28FP.o28FP (.text:_xdc_runtime_System_printf__E)
                  0008bf85    0000000c     rts2800_fpu32.lib : memset.obj (.text)
                  0008bf91    0000000c                       : strchr.obj (.text)
                  0008bf9d    0000000b     Cheapli_SE420_cpu2_p28FP.o28FP (.text:_ti_sysbios_family_c28_Hwi_Module__startupDone__F)
                  0008bfa8    0000000b     Cheapli_SE420_cpu2_p28FP.o28FP (.text:_ti_sysbios_family_c28_Timer_Module__startupDone__F)
                  0008bfb3    0000000b     sysbios.a28FP : BIOS.obj (.text:_ti_sysbios_knl_Task_unblock__E)
                  0008bfbe    0000000b     ti.targets.rts2800.a28FP : LoggerBuf.o28FP (.text:_xdc_runtime_LoggerBuf_Instance_finalize__E)
                  0008bfc9    0000000b     Cheapli_SE420_cpu2_p28FP.o28FP (.text:_xdc_runtime_Startup_exec__I)
                  0008bfd4    0000000b     ti.targets.rts2800.a28FP : SysMin.o28FP (.text:_xdc_runtime_SysMin_exit__E)
                  0008bfdf    0000000b                              : System.o28FP (.text:_xdc_runtime_System_exit__E)
                  0008bfea    0000000b     rts2800_fpu32.lib : u_div28.obj (.text)
                  0008bff5    0000000a     Cheapli_SE420_cpu2_p28FP.o28FP (.text:_xdc_runtime_IHeap_free)
                  0008bfff    0000000a     ti.targets.rts2800.a28FP : Memory.o28FP (.text:_xdc_runtime_Memory_free__E)
                  0008c009    0000000a                              : System.o28FP (.text:_xdc_runtime_System_vsnprintf__E)
                  0008c013    0000000a                              : Text.o28FP (.text:_xdc_runtime_Text_ropeText__E)
                  0008c01d    00000009     sysbios.a28FP : BIOS.obj (.text:_ti_sysbios_family_c28_TaskSupport_checkStack__E)
                  0008c026    00000009                   : c28_TaskSupport_asm.obj (.text:_ti_sysbios_family_c28_TaskSupport_glue)
                  0008c02f    00000009                   : BIOS.obj (.text:_ti_sysbios_hal_Hwi_Module_startup__E)
                  0008c038    00000009     rts2800_fpu32.lib : _lock.obj (.text)
                  0008c041    00000009                       : fd_neg28.obj (.text)
                  0008c04a    00000008     F2837xD_CodeStartBranch.obj (.text)
                  0008c052    00000008     sysbios.a28FP : BIOS.obj (.text:_ti_sysbios_BIOS_setThreadType__E)
                  0008c05a    00000008                   : BIOS.obj (.text:_ti_sysbios_gates_GateMutex_Instance_finalize__E)
                  0008c062    00000008     Cheapli_SE420_cpu2_p28FP.o28FP (.text:_ti_sysbios_knl_Clock_Module_State_clockQ)
                  0008c06a    00000008     sysbios.a28FP : BIOS.obj (.text:_ti_sysbios_knl_Semaphore_Instance_finalize__E)
                  0008c072    00000008     Cheapli_SE420_cpu2_p28FP.o28FP (.text:_xdc_runtime_Memory_HeapProxy_free__E)
                  0008c07a    00000008     ti.targets.rts2800.a28FP : Memory.o28FP (.text:_xdc_runtime_Memory_calloc__E)
                  0008c082    00000008                              : SysMin.o28FP (.text:_xdc_runtime_SysMin_ready__E)
                  0008c08a    00000008     rts2800_fpu32.lib : strlen.obj (.text)
                  0008c092    00000007     Cheapli_SE420_cpu2_p28FP.o28FP (.text:_ti_sysbios_BIOS_RtsGateProxy_leave__E)
                  0008c099    00000007     Cheapli_SE420_cpu2_p28FP.o28FP (.text:_ti_sysbios_hal_Hwi_HwiProxy_getStackInfo__E)
                  0008c0a0    00000007     Cheapli_SE420_cpu2_p28FP.o28FP (.text:_ti_sysbios_heaps_HeapMem_Module_GateProxy_leave__E)
                  0008c0a7    00000007     sysbios.a28FP : BIOS.obj (.text:_ti_sysbios_knl_Queue_empty__E)
                  0008c0ae    00000007     Cheapli_SE420_cpu2_p28FP.o28FP (.text:_ti_sysbios_knl_Task_SupportProxy_checkStack__E)
                  0008c0b5    00000007     Cheapli_SE420_cpu2_p28FP.o28FP (.text:_ti_sysbios_knl_Task_SupportProxy_swap__E)
                  0008c0bc    00000007     Cheapli_SE420_cpu2_p28FP.o28FP (.text:_xdc_runtime_LoggerBuf_Module_GateProxy_leave__E)
                  0008c0c3    00000007     Cheapli_SE420_cpu2_p28FP.o28FP (.text:_xdc_runtime_System_Module_GateProxy_leave__E)
                  0008c0ca    00000006     Cheapli_SE420_cpu2_p28FP.o28FP (.text:_ti_sysbios_BIOS_RtsGateProxy_enter__E)
                  0008c0d0    00000006     sysbios.a28FP : BIOS.obj (.text:_ti_sysbios_BIOS_start__E)
                  0008c0d6    00000006                   : c28_IntrinsicsSupport_asm.obj (.text:_ti_sysbios_family_c28_IntrinsicsSupport_maxbit__E)
                  0008c0dc    00000006     Cheapli_SE420_cpu2_p28FP.o28FP (.text:_ti_sysbios_heaps_HeapMem_Module_GateProxy_enter__E)
                  0008c0e2    00000006     Cheapli_SE420_cpu2_p28FP.o28FP (.text:_ti_sysbios_heaps_HeapMem_Module_GateProxy_query__E)
                  0008c0e8    00000006     Cheapli_SE420_cpu2_p28FP.o28FP (.text:_ti_sysbios_knl_Clock_TimerProxy_getMaxTicks__E)
                  0008c0ee    00000006     Cheapli_SE420_cpu2_p28FP.o28FP (.text:_ti_sysbios_knl_Queue_destruct)
                  0008c0f4    00000006     Cheapli_SE420_cpu2_p28FP.o28FP (.text:_ti_sysbios_knl_Semaphore_destruct)
                  0008c0fa    00000006     sysbios.a28FP : BIOS.obj (.text:_ti_sysbios_knl_Swi_disable__E)
                  0008c100    00000006                   : BIOS.obj (.text:_ti_sysbios_knl_Task_disable__E)
                  0008c106    00000006     ti.targets.rts2800.a28FP : Gate.o28FP (.text:_xdc_runtime_Gate_enterSystem__E)
                  0008c10c    00000006                              : Gate.o28FP (.text:_xdc_runtime_Gate_leaveSystem__E)
                  0008c112    00000006     Cheapli_SE420_cpu2_p28FP.o28FP (.text:_xdc_runtime_LoggerBuf_Module_GateProxy_enter__E)
                  0008c118    00000006     Cheapli_SE420_cpu2_p28FP.o28FP (.text:_xdc_runtime_LoggerBuf_TimestampProxy_get64__E)
                  0008c11e    00000006     ti.targets.rts2800.a28FP : LoggerBuf.o28FP (.text:_xdc_runtime_LoggerBuf_enable__E)
                  0008c124    00000006     Cheapli_SE420_cpu2_p28FP.o28FP (.text:_xdc_runtime_System_Module_GateProxy_enter__E)
                  0008c12a    00000006     Cheapli_SE420_cpu2_p28FP.o28FP (.text:_xdc_runtime_System_SupportProxy_abort__E)
                  0008c130    00000006     Cheapli_SE420_cpu2_p28FP.o28FP (.text:_xdc_runtime_System_SupportProxy_exit__E)
                  0008c136    00000006     Cheapli_SE420_cpu2_p28FP.o28FP (.text:_xdc_runtime_System_SupportProxy_putch__E)
                  0008c13c    00000005     sysbios.a28FP : BIOS.obj (.text:_ti_sysbios_family_c28_Hwi_switchFromBootStack__E)
                  0008c141    00000005                   : BIOS.obj (.text:_ti_sysbios_gates_GateHwi_enter__E)
                  0008c146    00000005     Cheapli_SE420_cpu2_p28FP.o28FP (.text:_xdc_iargToPtr)
                  0008c14b    00000005     ti.targets.rts2800.a28FP : Error.o28FP (.text:_xdc_runtime_Error_init__E)
                  0008c150    00000005                              : LoggerBuf.o28FP (.text:_xdc_runtime_LoggerBuf_disable__E)
                  0008c155    00000005     rts2800_fpu32.lib : strcpy.obj (.text)
                  0008c15a    00000004     Cheapli_SE420_cpu2_p28FP.o28FP (.text:_ti_sysbios_family_c28_Hwi_startup__E)
                  0008c15e    00000004     sysbios.a28FP : BIOS.obj (.text:_ti_sysbios_heaps_HeapMem_isBlocking__E)
                  0008c162    00000004                   : BIOS.obj (.text:_ti_sysbios_knl_Swi_startup__E)
                  0008c166    00000004     ti.targets.rts2800.a28FP : Memory.o28FP (.text:_xdc_runtime_Memory_getMaxDefaultTypeAlign__E)
                  0008c16a    00000003                              : xdc_noinit.o28FP (.text:___xdc__init)
                  0008c16d    00000003     Cheapli_SE420_cpu2_p28FP.o28FP (.text:_ti_sysbios_family_c28_Hwi_Module__startupDone__S)
                  0008c170    00000003     Cheapli_SE420_cpu2_p28FP.o28FP (.text:_ti_sysbios_family_c28_Timer_Module__startupDone__S)
                  0008c173    00000003     sysbios.a28FP : BIOS.obj (.text:_ti_sysbios_gates_GateHwi_leave__E)
                  0008c176    00000003     Cheapli_SE420_cpu2_p28FP.o28FP (.text:_ti_sysbios_hal_Hwi_HwiProxy_Module__startupDone__S)
                  0008c179    00000003     Cheapli_SE420_cpu2_p28FP.o28FP (.text:_ti_sysbios_hal_Hwi_HwiProxy_startup__E)
                  0008c17c    00000003     Cheapli_SE420_cpu2_p28FP.o28FP (.text:_ti_sysbios_hal_Hwi_HwiProxy_switchFromBootStack__E)
                  0008c17f    00000003     sysbios.a28FP : BIOS.obj (.text:_ti_sysbios_hal_Hwi_startup__E)
                  0008c182    00000003     Cheapli_SE420_cpu2_p28FP.o28FP (.text:_ti_sysbios_knl_Clock_TimerProxy_Module__startupDone__S)
                  0008c185    00000003     sysbios.a28FP : BIOS.obj (.text:_ti_sysbios_knl_Idle_loop__E)
                  0008c188    00000003                   : BIOS.obj (.text:_ti_sysbios_knl_Queue_Instance_init__E)
                  0008c18b    00000003     Cheapli_SE420_cpu2_p28FP.o28FP (.text:_ti_sysbios_knl_Task_SupportProxy_Module__startupDone__S)
                  0008c18e    00000003     sysbios.a28FP : BIOS.obj (.text:_ti_sysbios_knl_Task_startup__E)
                  0008c191    00000003     Cheapli_SE420_cpu2_p28FP.o28FP (.text:_xdc_runtime_Startup_reset__I)
                  0008c194    00000003     ti.targets.rts2800.a28FP : System.o28FP (.text:_xdc_runtime_System_Module_startup__E)
                  0008c197    00000003     Cheapli_SE420_cpu2_p28FP.o28FP (.text:_xdc_runtime_System_SupportProxy_ready__E)
                  0008c19a    00000003     ti.targets.rts2800.a28FP : System.o28FP (.text:_xdc_runtime_System_abortStd__E)
                  0008c19d    00000003                              : System.o28FP (.text:_xdc_runtime_System_exitStd__E)
                  0008c1a0    00000002     Cheapli_SE420_cpu2_p28FP.o28FP (.text:_ti_sysbios_family_c28_TaskSupport_Module__startupDone__S)
                  0008c1a2    00000002     sysbios.a28FP : BIOS.obj (.text:_ti_sysbios_family_c28_Timer_getMaxTicks__E)
                  0008c1a4    00000002                   : BIOS.obj (.text:_ti_sysbios_gates_GateHwi_query__E)
                  0008c1a6    00000002                   : BIOS.obj (.text:_ti_sysbios_gates_GateMutex_query__E)
                  0008c1a8    00000002     ti.targets.rts2800.a28FP : Error.o28FP (.text:_xdc_runtime_Error_getSite__E)
                  0008c1aa    00000001     Cheapli_SE420_cpu2_p28FP.o28FP (.text:_ti_sysbios_BIOS_nullFunc__I)
                  0008c1ab    00000001     sysbios.a28FP : c28_Hwi_asm.obj (.text:_ti_sysbios_family_c28_Hwi_interruptReturn__I)
                  0008c1ac    00000001                   : BIOS.obj (.text:_ti_sysbios_gates_GateHwi_Instance_init__E)

Cla1RegsFile 
*          1    00001400    0000003c     UNINITIALIZED
                  00001400    0000003c     F2837xD_GlobalVariableDefs.obj (Cla1RegsFile)

.stack     1    00008000    00000c00     UNINITIALIZED
                  00008000    00000c00     --HOLE--

.ebss      1    0000c000    00004bc0     UNINITIALIZED
                  0000c000    00002f30     f28377sSerial.obj (.ebss)
                  0000ef30    00000008     rts2800_fpu32.lib : hostopen.obj (.ebss)
                  0000ef38    00000006                       : exit.obj (.ebss)
                  0000ef3e    00000002                       : _lock.obj (.ebss:__lock)
                  0000ef40    00001103     Cheapli_SE420_cpu2_p28FP.o28FP (.ebss:taskStackSection)
                  00010043    00000001     rts2800_fpu32.lib : errno.obj (.ebss)
                  00010044    00000014     f28377sEqep.obj (.ebss)
                  00010058    00000002     rts2800_fpu32.lib : _lock.obj (.ebss:__unlock)
                  0001005a    00000026     --HOLE--
                  00010080    00000980     Cheapli_SE420_cpu2_p28FP.o28FP (.ebss)
                  00010a00    000001c0     user_Cheapli_SE420_cpu2.obj (.ebss)

.cio       1    00008c00    00000120     UNINITIALIZED
                  00008c00    00000120     rts2800_fpu32.lib : trgmsg.obj (.cio)

PUTBUFFER 
*          1    0003f800    00000080     UNINITIALIZED
                  0003f800    00000080     F2837xD_Ipc_Driver.obj (PUTBUFFER)

PUTWRITEIDX 
*          1    0003f880    00000004     UNINITIALIZED
                  0003f880    00000004     F2837xD_Ipc_Driver.obj (PUTWRITEIDX)

GETREADIDX 
*          1    0003f884    00000004     UNINITIALIZED
                  0003f884    00000004     F2837xD_Ipc_Driver.obj (GETREADIDX)

GETBUFFER 
*          0    0003fc00    00000080     DSECT
                  0003fc00    00000080     F2837xD_Ipc_Driver.obj (GETBUFFER)

GETWRITEIDX 
*          0    0003fc80    00000004     DSECT
                  0003fc80    00000004     F2837xD_Ipc_Driver.obj (GETWRITEIDX)

PUTREADIDX 
*          0    0003fc84    00000004     DSECT
                  0003fc84    00000004     F2837xD_Ipc_Driver.obj (PUTREADIDX)

PieVectTableFile 
*          0    00000d00    000001c0     DSECT
                  00000d00    000001c0     F2837xD_GlobalVariableDefs.obj (PieVectTableFile)

EmuKeyVar 
*          0    00000d00    00000001     DSECT
                  00000d00    00000001     F2837xD_GlobalVariableDefs.obj (EmuKeyVar)

EmuBModeVar 
*          0    00000d01    00000001     DSECT
                  00000d01    00000001     F2837xD_GlobalVariableDefs.obj (EmuBModeVar)

FlashCallbackVar 
*          0    00000d02    00000000     DSECT

FlashScalingVar 
*          0    00000d02    00000000     DSECT

AdcaResultFile 
*          1    00000b00    00000018     UNINITIALIZED
                  00000b00    00000018     F2837xD_GlobalVariableDefs.obj (AdcaResultFile)

AdcbResultFile 
*          1    00000b20    00000018     UNINITIALIZED
                  00000b20    00000018     F2837xD_GlobalVariableDefs.obj (AdcbResultFile)

AdccResultFile 
*          1    00000b40    00000018     UNINITIALIZED
                  00000b40    00000018     F2837xD_GlobalVariableDefs.obj (AdccResultFile)

AdcdResultFile 
*          1    00000b60    00000018     UNINITIALIZED
                  00000b60    00000018     F2837xD_GlobalVariableDefs.obj (AdcdResultFile)

CpuTimer0RegsFile 
*          1    00000c00    00000008     UNINITIALIZED
                  00000c00    00000008     F2837xD_GlobalVariableDefs.obj (CpuTimer0RegsFile)

CpuTimer1RegsFile 
*          1    00000c08    00000008     UNINITIALIZED
                  00000c08    00000008     F2837xD_GlobalVariableDefs.obj (CpuTimer1RegsFile)

CpuTimer2RegsFile 
*          1    00000c10    00000008     UNINITIALIZED
                  00000c10    00000008     F2837xD_GlobalVariableDefs.obj (CpuTimer2RegsFile)

PieCtrlRegsFile 
*          1    00000ce0    0000001a     UNINITIALIZED
                  00000ce0    0000001a     F2837xD_GlobalVariableDefs.obj (PieCtrlRegsFile)

DmaRegsFile 
*          1    00001000    000000e0     UNINITIALIZED
                  00001000    000000e0     F2837xD_GlobalVariableDefs.obj (DmaRegsFile)

EPwm1RegsFile 
*          1    00004000    00000100     UNINITIALIZED
                  00004000    00000100     F2837xD_GlobalVariableDefs.obj (EPwm1RegsFile)

EPwm2RegsFile 
*          1    00004100    00000100     UNINITIALIZED
                  00004100    00000100     F2837xD_GlobalVariableDefs.obj (EPwm2RegsFile)

EPwm3RegsFile 
*          1    00004200    00000100     UNINITIALIZED
                  00004200    00000100     F2837xD_GlobalVariableDefs.obj (EPwm3RegsFile)

EPwm4RegsFile 
*          1    00004300    00000100     UNINITIALIZED
                  00004300    00000100     F2837xD_GlobalVariableDefs.obj (EPwm4RegsFile)

EPwm5RegsFile 
*          1    00004400    00000100     UNINITIALIZED
                  00004400    00000100     F2837xD_GlobalVariableDefs.obj (EPwm5RegsFile)

EPwm6RegsFile 
*          1    00004500    00000100     UNINITIALIZED
                  00004500    00000100     F2837xD_GlobalVariableDefs.obj (EPwm6RegsFile)

EPwm7RegsFile 
*          1    00004600    00000100     UNINITIALIZED
                  00004600    00000100     F2837xD_GlobalVariableDefs.obj (EPwm7RegsFile)

EPwm8RegsFile 
*          1    00004700    00000100     UNINITIALIZED
                  00004700    00000100     F2837xD_GlobalVariableDefs.obj (EPwm8RegsFile)

EPwm9RegsFile 
*          1    00004800    00000100     UNINITIALIZED
                  00004800    00000100     F2837xD_GlobalVariableDefs.obj (EPwm9RegsFile)

EPwm10RegsFile 
*          1    00004900    00000100     UNINITIALIZED
                  00004900    00000100     F2837xD_GlobalVariableDefs.obj (EPwm10RegsFile)

EPwm11RegsFile 
*          1    00004a00    00000100     UNINITIALIZED
                  00004a00    00000100     F2837xD_GlobalVariableDefs.obj (EPwm11RegsFile)

EPwm12RegsFile 
*          1    00004b00    00000100     UNINITIALIZED
                  00004b00    00000100     F2837xD_GlobalVariableDefs.obj (EPwm12RegsFile)

ECap1RegsFile 
*          1    00005000    00000020     UNINITIALIZED
                  00005000    00000020     F2837xD_GlobalVariableDefs.obj (ECap1RegsFile)

ECap2RegsFile 
*          1    00005020    00000020     UNINITIALIZED
                  00005020    00000020     F2837xD_GlobalVariableDefs.obj (ECap2RegsFile)

ECap3RegsFile 
*          1    00005040    00000020     UNINITIALIZED
                  00005040    00000020     F2837xD_GlobalVariableDefs.obj (ECap3RegsFile)

ECap4RegsFile 
*          1    00005060    00000020     UNINITIALIZED
                  00005060    00000020     F2837xD_GlobalVariableDefs.obj (ECap4RegsFile)

ECap5RegsFile 
*          1    00005080    00000020     UNINITIALIZED
                  00005080    00000020     F2837xD_GlobalVariableDefs.obj (ECap5RegsFile)

ECap6RegsFile 
*          1    000050a0    00000020     UNINITIALIZED
                  000050a0    00000020     F2837xD_GlobalVariableDefs.obj (ECap6RegsFile)

EQep1RegsFile 
*          1    00005100    00000022     UNINITIALIZED
                  00005100    00000022     F2837xD_GlobalVariableDefs.obj (EQep1RegsFile)

EQep2RegsFile 
*          1    00005140    00000022     UNINITIALIZED
                  00005140    00000022     F2837xD_GlobalVariableDefs.obj (EQep2RegsFile)

EQep3RegsFile 
*          1    00005180    00000022     UNINITIALIZED
                  00005180    00000022     F2837xD_GlobalVariableDefs.obj (EQep3RegsFile)

DacaRegsFile 
*          1    00005c00    00000008     UNINITIALIZED
                  00005c00    00000008     F2837xD_GlobalVariableDefs.obj (DacaRegsFile)

DacbRegsFile 
*          1    00005c10    00000008     UNINITIALIZED
                  00005c10    00000008     F2837xD_GlobalVariableDefs.obj (DacbRegsFile)

DaccRegsFile 
*          1    00005c20    00000008     UNINITIALIZED
                  00005c20    00000008     F2837xD_GlobalVariableDefs.obj (DaccRegsFile)

AdcaRegsFile 
*          1    00007400    00000080     UNINITIALIZED
                  00007400    00000080     F2837xD_GlobalVariableDefs.obj (AdcaRegsFile)

AdcbRegsFile 
*          1    00007480    00000080     UNINITIALIZED
                  00007480    00000080     F2837xD_GlobalVariableDefs.obj (AdcbRegsFile)

AdccRegsFile 
*          1    00007500    00000080     UNINITIALIZED
                  00007500    00000080     F2837xD_GlobalVariableDefs.obj (AdccRegsFile)

AdcdRegsFile 
*          1    00007580    00000080     UNINITIALIZED
                  00007580    00000080     F2837xD_GlobalVariableDefs.obj (AdcdRegsFile)

Cla1SoftIntRegsFile 
*          1    00000ce0    00000004     DSECT
                  00000ce0    00000004     F2837xD_GlobalVariableDefs.obj (Cla1SoftIntRegsFile)

Cmpss1RegsFile 
*          1    00005c80    00000020     UNINITIALIZED
                  00005c80    00000020     F2837xD_GlobalVariableDefs.obj (Cmpss1RegsFile)

Cmpss2RegsFile 
*          1    00005ca0    00000020     UNINITIALIZED
                  00005ca0    00000020     F2837xD_GlobalVariableDefs.obj (Cmpss2RegsFile)

Cmpss3RegsFile 
*          1    00005cc0    00000020     UNINITIALIZED
                  00005cc0    00000020     F2837xD_GlobalVariableDefs.obj (Cmpss3RegsFile)

Cmpss4RegsFile 
*          1    00005ce0    00000020     UNINITIALIZED
                  00005ce0    00000020     F2837xD_GlobalVariableDefs.obj (Cmpss4RegsFile)

Cmpss5RegsFile 
*          1    00005d00    00000020     UNINITIALIZED
                  00005d00    00000020     F2837xD_GlobalVariableDefs.obj (Cmpss5RegsFile)

Cmpss6RegsFile 
*          1    00005d20    00000020     UNINITIALIZED
                  00005d20    00000020     F2837xD_GlobalVariableDefs.obj (Cmpss6RegsFile)

Cmpss7RegsFile 
*          1    00005d40    00000020     UNINITIALIZED
                  00005d40    00000020     F2837xD_GlobalVariableDefs.obj (Cmpss7RegsFile)

Cmpss8RegsFile 
*          1    00005d60    00000020     UNINITIALIZED
                  00005d60    00000020     F2837xD_GlobalVariableDefs.obj (Cmpss8RegsFile)

Sdfm1RegsFile 
*          1    00005e00    00000080     UNINITIALIZED
                  00005e00    00000080     F2837xD_GlobalVariableDefs.obj (Sdfm1RegsFile)

Sdfm2RegsFile 
*          1    00005e80    00000080     UNINITIALIZED
                  00005e80    00000080     F2837xD_GlobalVariableDefs.obj (Sdfm2RegsFile)

McbspaRegsFile 
*          1    00006000    00000024     UNINITIALIZED
                  00006000    00000024     F2837xD_GlobalVariableDefs.obj (McbspaRegsFile)

McbspbRegsFile 
*          1    00006040    00000024     UNINITIALIZED
                  00006040    00000024     F2837xD_GlobalVariableDefs.obj (McbspbRegsFile)

SpiaRegsFile 
*          1    00006100    00000010     UNINITIALIZED
                  00006100    00000010     F2837xD_GlobalVariableDefs.obj (SpiaRegsFile)

SpibRegsFile 
*          1    00006110    00000010     UNINITIALIZED
                  00006110    00000010     F2837xD_GlobalVariableDefs.obj (SpibRegsFile)

SpicRegsFile 
*          1    00006120    00000010     UNINITIALIZED
                  00006120    00000010     F2837xD_GlobalVariableDefs.obj (SpicRegsFile)

NmiIntruptRegsFile 
*          1    00007060    00000007     UNINITIALIZED
                  00007060    00000007     F2837xD_GlobalVariableDefs.obj (NmiIntruptRegsFile)

SciaRegsFile 
*          1    00007200    00000010     UNINITIALIZED
                  00007200    00000010     F2837xD_GlobalVariableDefs.obj (SciaRegsFile)

ScibRegsFile 
*          1    00007210    00000010     UNINITIALIZED
                  00007210    00000010     F2837xD_GlobalVariableDefs.obj (ScibRegsFile)

ScicRegsFile 
*          1    00007220    00000010     UNINITIALIZED
                  00007220    00000010     F2837xD_GlobalVariableDefs.obj (ScicRegsFile)

ScidRegsFile 
*          1    00007230    00000010     UNINITIALIZED
                  00007230    00000010     F2837xD_GlobalVariableDefs.obj (ScidRegsFile)

I2caRegsFile 
*          1    00007300    00000022     UNINITIALIZED
                  00007300    00000022     F2837xD_GlobalVariableDefs.obj (I2caRegsFile)

I2cbRegsFile 
*          1    00007340    00000022     UNINITIALIZED
                  00007340    00000022     F2837xD_GlobalVariableDefs.obj (I2cbRegsFile)

DmaClaSrcSelRegsFile 
*          1    00007980    0000001a     UNINITIALIZED
                  00007980    0000001a     F2837xD_GlobalVariableDefs.obj (DmaClaSrcSelRegsFile)

Emif1RegsFile 
*          1    00047000    00000070     UNINITIALIZED
                  00047000    00000070     F2837xD_GlobalVariableDefs.obj (Emif1RegsFile)

Emif2RegsFile 
*          1    00047800    00000070     UNINITIALIZED
                  00047800    00000070     F2837xD_GlobalVariableDefs.obj (Emif2RegsFile)

IpcRegsFile 
*          1    00050000    00000026     UNINITIALIZED
                  00050000    00000026     F2837xD_GlobalVariableDefs.obj (IpcRegsFile)

DcsmZ1RegsFile 
[...]
0     0008bfbe  _xdc_runtime_LoggerBuf_Instance_finalize__E               
0     0008bfc9  _xdc_runtime_Startup_exec__I                              
0     0008bfd4  _xdc_runtime_SysMin_exit__E                               
0     0008bfdf  _xdc_runtime_System_exit__E                               
0     0008bfea  U$$DIV                                                    
0     0008bfef  U$$MOD                                                    
0     0008bfff  _xdc_runtime_Memory_free__E                               
0     0008c009  _xdc_runtime_System_snprintf_va__F                        
0     0008c009  _xdc_runtime_System_vsnprintf__E                          
0     0008c013  _xdc_runtime_Text_ropeText__E                             
0     0008c01d  _ti_sysbios_family_c28_TaskSupport_checkStack__E          
0     0008c026  _ti_sysbios_family_c28_TaskSupport_glue                   
0     0008c02f  _ti_sysbios_hal_Hwi_Module_startup__E                     
0     0008c038  __register_unlock                                         
0     0008c03c  __register_lock                                           
0     0008c040  __nop                                                     
0     0008c041  FD$$NEG                                                   
0     0008c052  _ti_sysbios_BIOS_setThreadType__E                         
0     0008c05a  _ti_sysbios_gates_GateMutex_Instance_finalize__E          
0     0008c06a  _ti_sysbios_knl_Semaphore_Instance_finalize__E            
0     0008c072  _xdc_runtime_Memory_HeapProxy_free__E                     
0     0008c07a  _xdc_runtime_Memory_calloc__E                             
0     0008c082  _xdc_runtime_SysMin_ready__E                              
0     0008c08a  _strlen                                                   
0     0008c092  _ti_sysbios_BIOS_RtsGateProxy_leave__E                    
0     0008c099  _ti_sysbios_hal_Hwi_HwiProxy_getStackInfo__E              
0     0008c0a0  _ti_sysbios_heaps_HeapMem_Module_GateProxy_leave__E       
0     0008c0a7  _ti_sysbios_knl_Queue_empty__E                            
0     0008c0ae  _ti_sysbios_knl_Task_SupportProxy_checkStack__E           
0     0008c0b5  _ti_sysbios_knl_Task_SupportProxy_swap__E                 
0     0008c0bc  _xdc_runtime_LoggerBuf_Module_GateProxy_leave__E          
0     0008c0c3  _xdc_runtime_System_Module_GateProxy_leave__E             
0     0008c0ca  _ti_sysbios_BIOS_RtsGateProxy_enter__E                    
0     0008c0d0  _ti_sysbios_BIOS_start__E                                 
0     0008c0d6  _ti_sysbios_family_c28_IntrinsicsSupport_maxbit__E        
0     0008c0dc  _ti_sysbios_heaps_HeapMem_Module_GateProxy_enter__E       
0     0008c0e2  _ti_sysbios_heaps_HeapMem_Module_GateProxy_query__E       
0     0008c0e8  _ti_sysbios_knl_Clock_TimerProxy_getMaxTicks__E           
0     0008c0ee  _ti_sysbios_knl_Queue_destruct                            
0     0008c0f4  _ti_sysbios_knl_Semaphore_destruct                        
0     0008c0fa  _ti_sysbios_knl_Swi_disable__E                            
0     0008c100  _ti_sysbios_knl_Task_disable__E                           
0     0008c106  _xdc_runtime_Gate_enterSystem__E                          
0     0008c10c  _xdc_runtime_Gate_leaveSystem__E                          
0     0008c112  _xdc_runtime_LoggerBuf_Module_GateProxy_enter__E          
0     0008c118  _xdc_runtime_LoggerBuf_TimestampProxy_get64__E            
0     0008c11e  _xdc_runtime_LoggerBuf_enable__E                          
0     0008c124  _xdc_runtime_System_Module_GateProxy_enter__E             
0     0008c12a  _xdc_runtime_System_SupportProxy_abort__E                 
0     0008c130  _xdc_runtime_System_SupportProxy_exit__E                  
0     0008c136  _xdc_runtime_System_SupportProxy_putch__E                 
0     0008c13c  _ti_sysbios_family_c28_Hwi_switchFromBootStack__E         
0     0008c141  _ti_sysbios_gates_GateHwi_enter__E                        
0     0008c14b  _xdc_runtime_Error_init__E                                
0     0008c150  _xdc_runtime_LoggerBuf_disable__E                         
0     0008c155  _strcpy                                                   
0     0008c15a  _ti_sysbios_family_c28_Hwi_startup__E                     
0     0008c15e  _ti_sysbios_heaps_HeapMem_isBlocking__E                   
0     0008c162  _ti_sysbios_knl_Swi_startup__E                            
0     0008c166  _xdc_runtime_Memory_getMaxDefaultTypeAlign__E             
0     0008c16a  ___xdc__init                                              
0     0008c16d  _ti_sysbios_family_c28_Hwi_Module__startupDone__S         
0     0008c170  _ti_sysbios_family_c28_Timer_Module__startupDone__S       
0     0008c173  _ti_sysbios_gates_GateHwi_leave__E                        
0     0008c176  _ti_sysbios_hal_Hwi_HwiProxy_Module__startupDone__S       
0     0008c179  _ti_sysbios_hal_Hwi_HwiProxy_startup__E                   
0     0008c17c  _ti_sysbios_hal_Hwi_HwiProxy_switchFromBootStack__E       
0     0008c17f  _ti_sysbios_hal_Hwi_startup__E                            
0     0008c182  _ti_sysbios_knl_Clock_TimerProxy_Module__startupDone__S   
0     0008c185  _ti_sysbios_knl_Idle_loop__E                              
0     0008c188  _ti_sysbios_knl_Queue_Instance_init__E                    
0     0008c18b  _ti_sysbios_knl_Task_SupportProxy_Module__startupDone__S  
0     0008c18e  _ti_sysbios_knl_Task_startup__E                           
0     0008c191  _xdc_runtime_Startup_reset__I                             
0     0008c194  _xdc_runtime_System_Module_startup__E                     
0     0008c197  _xdc_runtime_System_SupportProxy_ready__E                 
0     0008c19a  _xdc_runtime_System_abortStd__E                           
0     0008c19d  _xdc_runtime_System_exitStd__E                            
0     0008c1a0  _ti_sysbios_family_c28_TaskSupport_Module__startupDone__S 
0     0008c1a2  _ti_sysbios_family_c28_Timer_getMaxTicks__E               
0     0008c1a4  _ti_sysbios_gates_GateHwi_query__E                        
0     0008c1a6  _ti_sysbios_gates_GateMutex_query__E                      
0     0008c1a8  _xdc_runtime_Error_getSite__E                             
0     0008c1aa  _ti_sysbios_BIOS_nullFunc__I                              
0     0008c1ab  _ti_sysbios_family_c28_Hwi_interruptReturn__I             
0     0008c1ac  _ti_sysbios_gates_GateHwi_Instance_init__E                
0     0008c1ad  ___etext__                                                
0     0008c1ad  etext                                                     
1     00000b00  _AdcaResultRegs                                           
1     00000b20  _AdcbResultRegs                                           
1     00000b40  _AdccResultRegs                                           
1     00000b60  _AdcdResultRegs                                           
1     00000c00  _CpuTimer0Regs                                            
1     00000c08  _CpuTimer1Regs                                            
1     00000c10  _CpuTimer2Regs                                            
1     00000ce0  _PieCtrlRegs                                              
1     00001000  _DmaRegs                                                  
1     00001400  _Cla1Regs                                                 
1     00004000  _EPwm1Regs                                                
1     00004100  _EPwm2Regs                                                
1     00004200  _EPwm3Regs                                                
1     00004300  _EPwm4Regs                                                
1     00004400  _EPwm5Regs                                                
1     00004500  _EPwm6Regs                                                
1     00004600  _EPwm7Regs                                                
1     00004700  _EPwm8Regs                                                
1     00004800  _EPwm9Regs                                                
1     00004900  _EPwm10Regs                                               
1     00004a00  _EPwm11Regs                                               
1     00004b00  _EPwm12Regs                                               
1     00005000  _ECap1Regs                                                
1     00005020  _ECap2Regs                                                
1     00005040  _ECap3Regs                                                
1     00005060  _ECap4Regs                                                
1     00005080  _ECap5Regs                                                
1     000050a0  _ECap6Regs                                                
1     00005100  _EQep1Regs                                                
1     00005140  _EQep2Regs                                                
1     00005180  _EQep3Regs                                                
1     00005c00  _DacaRegs                                                 
1     00005c10  _DacbRegs                                                 
1     00005c20  _DaccRegs                                                 
1     00005c80  _Cmpss1Regs                                               
1     00005ca0  _Cmpss2Regs                                               
1     00005cc0  _Cmpss3Regs                                               
1     00005ce0  _Cmpss4Regs                                               
1     00005d00  _Cmpss5Regs                                               
1     00005d20  _Cmpss6Regs                                               
1     00005d40  _Cmpss7Regs                                               
1     00005d60  _Cmpss8Regs                                               
1     00005e00  _Sdfm1Regs                                                
1     00005e80  _Sdfm2Regs                                                
1     00006000  _McbspaRegs                                               
1     00006040  _McbspbRegs                                               
1     00006100  _SpiaRegs                                                 
1     00006110  _SpibRegs                                                 
1     00006120  _SpicRegs                                                 
1     00007000  _WdRegs                                                   
1     00007060  _NmiIntruptRegs                                           
1     00007070  _XintRegs                                                 
1     00007200  _SciaRegs                                                 
1     00007210  _ScibRegs                                                 
1     00007220  _ScicRegs                                                 
1     00007230  _ScidRegs                                                 
1     00007300  _I2caRegs                                                 
1     00007340  _I2cbRegs                                                 
1     00007400  _AdcaRegs                                                 
1     00007480  _AdcbRegs                                                 
1     00007500  _AdccRegs                                                 
1     00007580  _AdcdRegs                                                 
1     00007980  _DmaClaSrcSelRegs                                         
1     00007f00  _GpioDataRegs                                             
1     00008000  __stack                                                   
1     00008c00  __CIOBUF_                                                 
1     00008c00  __STACK_END                                               
1     0000c000  _SerialB                                                  
1     0000cfc0  _SerialA                                                  
1     0000df80  _SerialC                                                  
1     0000ef30  _parmbuf                                                  
1     0000ef38  ___TI_enable_exit_profile_output                          
1     0000ef3a  ___TI_cleanup_ptr                                         
1     0000ef3c  ___TI_dtors_ptr                                           
1     0000ef3e  __lock                                                    
1     0000ef40  _ti_sysbios_knl_Task_Instance_State_0_stack__A            
1     0000f040  _ti_sysbios_heaps_HeapMem_Instance_State_0_buf__A         
1     00010043  _errno                                                    
1     00010044  _eqep1                                                    
1     0001004e  _eqep3                                                    
1     00010058  __unlock                                                  
1     00010080  _xdc_runtime_Error_Module__state__V                       
1     00010082  _ti_sysbios_knl_Task_Module_State_0_idleTask__A           
1     00010084  _xdc_runtime_Memory_Module__state__V                      
1     00010086  ___xdc__init__addr                                        
1     00010088  _ti_sysbios_gates_GateHwi_Object__table__V                
1     0001008a  _xdc_runtime_LoggerBuf_Module__state__V                   
1     0001008e  _ti_sysbios_hal_Hwi_Module__root__V                       
1     00010092  _xdc_runtime_Registry_Module__state__V                    
1     00010096  _ti_sysbios_gates_GateMutex_Module__root__V               
1     0001009a  _ti_sysbios_knl_Mailbox_Module__root__V                   
1     0001009e  _ti_sysbios_knl_Event_Module__root__V                     
1     000100a2  _xdc_runtime_LoggerBuf_Module__root__V                    
1     000100a6  _ti_sysbios_knl_Semaphore_Module__root__V                 
1     000100aa  _xdc_runtime_Startup_Module__state__V                     
1     000100ae  _xdc_runtime_Text_Module__state__V                        
1     000100b2  _ti_sysbios_family_c28_Timer_Module__root__V              
1     000100b6  _ti_sysbios_knl_Queue_Module__root__V                     
1     000100ba  _ti_sysbios_family_c28_Hwi_Module__root__V                
1     000100c0  _ti_sysbios_gates_GateHwi_Module__root__V                 
1     000100c4  _ti_sysbios_heaps_HeapMem_Module__root__V                 
1     000100c8  _ti_sysbios_knl_Task_Module__root__V                      
1     000100cc  _xdc_runtime_System_Module__state__V                      
1     000100d0  _xdc_runtime_SysMin_Module__state__V                      
1     000100d4  _ti_sysbios_knl_Swi_Module__root__V                       
1     000100d8  _ti_sysbios_knl_Clock_Module__root__V                     
1     000100dc  _ti_sysbios_family_c28_Timer_Module__state__V             
1     000100e4  _ti_sysbios_heaps_HeapMem_Object__table__V                
1     000100f0  _ti_sysbios_knl_Swi_Module__state__V                      
1     00010100  _ti_sysbios_family_c28_Hwi_Module__state__V               
1     00010110  _xdc_runtime_System_Module_State_0_atexitHandlers__A      
1     00010120  _ti_sysbios_knl_Clock_Object__table__V                    
1     00010140  _xdc_runtime_LoggerBuf_Object__table__V                   
1     00010152  _ti_sysbios_BIOS_Module__state__V                         
1     00010164  _ti_sysbios_knl_Swi_Object__table__V                      
1     00010180  _ti_sysbios_knl_Clock_Module__state__V                    
1     00010196  _ti_sysbios_family_c28_Timer_Object__table__V             
1     000101c0  _ti_sysbios_gates_GateMutex_Object__table__V              
1     000101dc  _ti_sysbios_knl_Task_Module__state__V                     
1     00010200  _ti_sysbios_knl_Task_Object__table__V                     
1     00010240  _ti_sysbios_knl_Swi_Module_State_0_readyQ__A              
1     00010280  _ti_sysbios_knl_Task_Module_State_0_readyQ__A             
1     000102c0  _ti_sysbios_family_c28_Hwi_Object__table__V               
1     00010340  _xdc_runtime_LoggerBuf_Instance_State_0_entryArr__A       
1     00010440  _ti_sysbios_family_c28_Hwi_Module_State_0_dispatchTable__A
1     00010600  _xdc_runtime_SysMin_Module_State_0_outbuf__A              
1     00010a00  _UARTdatacollect                                          
1     00010a01  _UARTreceivelength                                        
1     00010a02  _UARTtransmissionerror                                    
1     00010a03  _UARTbeginnewdata                                         
1     00010a04  _Main_j                                                   
1     00010a05  _Main_memcount                                            
1     00010a06  _Main_sendingarray                                        
1     00010a07  _Main_i                                                   
1     00010a08  _UARTsensordatatimeouterror                               
1     00010a09  _adcb0result                                              
1     00010a0a  _adcb1result                                              
1     00010a0c  _ptrmemloc                                                
1     00010a0e  _timeVar                                                  
1     00010a10  _Main_tempf                                               
1     00010a12  _memloc                                                   
1     00010a14  _Main_value                                               
1     00010a28  _Main_address                                             
1     00010a40  _UARTMessageArray                                         
1     00010ac0  _Main_SendArray2                                          
1     00010b40  _Main_SendArray                                           
1     0003f800  _g_asIPCCPU2toCPU1Buffers                                 
1     0003f880  _g_usPutWriteIndexes                                      
1     0003f884  _g_usGetReadIndexes                                       
1     00047000  _Emif1Regs                                                
1     00047800  _Emif2Regs                                                
1     00050000  _IpcRegs                                                  
1     0005d200  _ClkCfgRegs                                               
1     0005d300  _CpuSysRegs                                               
1     0005f000  _DcsmZ1Regs                                               
1     0005f040  _DcsmZ2Regs                                               
1     0005f070  _DcsmCommonRegs                                           
1     0005f400  _MemCfgRegs                                               
1     0005f480  _Emif1ConfigRegs                                          
1     0005f4c0  _AccessProtectionRegs                                     
1     0005f500  _MemoryErrorRegs                                          
1     0005f800  _Flash0CtrlRegs                                           
1     0005fb00  _Flash0EccRegs                                            
1     00078000  _DcsmZ1Otp                                                
1     00078200  _DcsmZ2Otp                                                
abs   00000001  _xdc_runtime_Startup__EXECFXN__C                          
abs   00000001  _xdc_runtime_Startup__RESETFXN__C                         
abs   00000197  _RamfuncsLoadSize                                         
abs   00000197  _RamfuncsRunSize                                          
abs   00000c00  __STACK_SIZE                                              
abs   ffffffff  ___TI_pprof_out_hndl                                      
abs   ffffffff  ___TI_prof_data_size                                      
abs   ffffffff  ___TI_prof_data_start                                     
abs   ffffffff  ___binit__                                                
abs   ffffffff  ___c_args__                                               
abs   ffffffff  ___pinit__                                                
abs   ffffffff  binit                                                     
abs   ffffffff  pinit                                                     

[729 symbols]
